Running on n24-64-384-dawn.hpc.hutton.ac.uk
Conda environment: iqtree_env
/mnt/apps/users/rlouden/conda/envs/iqtree_env/bin/iqtree
IQ-TREE version 3.0.1 for Linux x86 64-bit built Jul  9 2025
Developed by Bui Quang Minh, Thomas Wong, Nhan Ly-Trong, Huaiyan Ren
Contributed by Lam-Tung Nguyen, Dominik Schrempf, Chris Bielow,
Olga Chernomor, Michael Woodhams, Diep Thi Hoang, Heiko Schmidt

IQ-TREE version 3.0.1 for Linux x86 64-bit built Jul  9 2025
Developed by Bui Quang Minh, Thomas Wong, Nhan Ly-Trong, Huaiyan Ren
Contributed by Lam-Tung Nguyen, Dominik Schrempf, Chris Bielow,
Olga Chernomor, Michael Woodhams, Diep Thi Hoang, Heiko Schmidt

Host:    n24-64-384-dawn.hpc.hutton.ac.uk (AVX512, FMA3, 377 GB RAM)
Command: iqtree -s HisZ23Oct.fasta -m MFP -bb 1000 -alrt 1000 -nt 4 -pre HISZ_Mode_23Oct
Seed:    168219 (Using SPRNG - Scalable Parallel Random Number Generator)
Time:    Thu Oct 23 09:14:26 2025
Kernel:  AVX+FMA - 4 threads (4 CPU cores detected)

Reading alignment file HisZ23Oct.fasta ... Fasta format detected
Reading fasta file: done in 0.00366124 secs using 93.96% CPU
NOTE: Change sequence name 'Achromobacter insuavis' -> Achromobacter_insuavis
NOTE: Change sequence name 'Bordetella petrii' -> Bordetella_petrii
NOTE: Change sequence name 'Eoetvoesiella caeni' -> Eoetvoesiella_caeni
NOTE: Change sequence name 'Paralcaligenes ureilyticus' -> Paralcaligenes_ureilyticus
NOTE: Change sequence name 'Zwartia vadi' -> Zwartia_vadi
NOTE: Change sequence name 'Paenalcaligenes niemegkensis' -> Paenalcaligenes_niemegkensis
NOTE: Change sequence name 'Paenalcaligenes suwonensis' -> Paenalcaligenes_suwonensis
NOTE: Change sequence name 'Paenalcaligenes faecalis' -> Paenalcaligenes_faecalis
NOTE: Change sequence name 'Verticiella alkaliphila' -> Verticiella_alkaliphila
NOTE: Change sequence name 'Acidovorax lacteus' -> Acidovorax_lacteus
NOTE: Change sequence name 'Curvibacter soli' -> Curvibacter_soli
NOTE: Change sequence name 'Diaphorobacter ruginosibacter' -> Diaphorobacter_ruginosibacter
NOTE: Change sequence name 'Oryzisolibacter propanilivorax' -> Oryzisolibacter_propanilivorax
NOTE: Change sequence name 'Simplicispira lacusdiani' -> Simplicispira_lacusdiani
NOTE: Change sequence name 'Ramlibacter rhizophilus' -> Ramlibacter_rhizophilus
NOTE: Change sequence name 'Rhodoferax saidenbachensis' -> Rhodoferax_saidenbachensis
NOTE: Change sequence name 'Paracidovorax wautersii' -> Paracidovorax_wautersii
NOTE: Change sequence name 'Caldimonas tepidiphila' -> Caldimonas_tepidiphila
NOTE: Change sequence name 'Roseateles asaccharophilus' -> Roseateles_asaccharophilus
NOTE: Change sequence name 'Lampropedia puyangensis' -> Lampropedia_puyangensis
NOTE: Change sequence name 'Inhella crocodyli' -> Inhella_crocodyli
NOTE: Change sequence name 'Burkholderia plantarii' -> Burkholderia_plantarii
NOTE: Change sequence name 'Paraburkholderia phenazinium' -> Paraburkholderia_phenazinium
NOTE: Change sequence name 'Trinickia violacea' -> Trinickia_violacea
NOTE: Change sequence name 'Trinickia fusca' -> Trinickia_fusca
NOTE: Change sequence name 'Mycoavidus cysteinexigens' -> Mycoavidus_cysteinexigens
NOTE: Change sequence name 'Duganella aceris' -> Duganella_aceris
NOTE: Change sequence name 'Massilia jejuensis' -> Massilia_jejuensis
NOTE: Change sequence name 'Herbaspirillum autotrophicum' -> Herbaspirillum_autotrophicum
NOTE: Change sequence name 'Herbaspirillum lusitanum' -> Herbaspirillum_lusitanum
NOTE: Change sequence name 'Noviherbaspirillum massiliense' -> Noviherbaspirillum_massiliense
NOTE: Change sequence name 'Noviherbaspirillum saxi' -> Noviherbaspirillum_saxi
NOTE: Change sequence name 'Noviherbaspirillum malthae' -> Noviherbaspirillum_malthae
NOTE: Change sequence name 'Undibacterium cyanobacteriorum' -> Undibacterium_cyanobacteriorum
NOTE: Change sequence name 'Herminiimonas fonticola' -> Herminiimonas_fonticola
NOTE: Change sequence name 'Undibacterium hunanense' -> Undibacterium_hunanense
NOTE: Change sequence name 'Undibacterium griseum' -> Undibacterium_griseum
NOTE: Change sequence name 'Sapientia aquatica' -> Sapientia_aquatica
NOTE: Change sequence name 'Solimicrobium silvestre' -> Solimicrobium_silvestre
NOTE: Change sequence name 'Undibacterium luofuense' -> Undibacterium_luofuense
NOTE: Change sequence name 'Lacisediminimonas profundi' -> Lacisediminimonas_profundi
NOTE: Change sequence name 'Keguizhuia sedimenti' -> Keguizhuia_sedimenti
NOTE: Change sequence name 'Oxalobacter aliiformigenes' -> Oxalobacter_aliiformigenes
NOTE: Change sequence name 'Oxalobacter paeniformigenes' -> Oxalobacter_paeniformigenes
NOTE: Change sequence name 'Polynucleobacter victoriensis' -> Polynucleobacter_victoriensis
NOTE: Change sequence name 'Polynucleobacter brandtiae' -> Polynucleobacter_brandtiae
NOTE: Change sequence name 'Polynucleobacter necessarius' -> Polynucleobacter_necessarius
NOTE: Change sequence name 'Aromatoleum buckelii' -> Aromatoleum_buckelii
NOTE: Change sequence name 'Aromatoleum diolicum' -> Aromatoleum_diolicum
NOTE: Change sequence name 'Pseudothauera lacus' -> Pseudothauera_lacus
NOTE: Change sequence name 'Thauera sedimentorum' -> Thauera_sedimentorum
NOTE: Change sequence name 'Pseudothauera nasutitermitis' -> Pseudothauera_nasutitermitis
NOTE: Change sequence name 'Parazoarcus communis' -> Parazoarcus_communis
NOTE: Change sequence name 'Azoarcus taiwanensis' -> Azoarcus_taiwanensis
NOTE: Change sequence name 'Thauera phenolivorans' -> Thauera_phenolivorans
NOTE: Change sequence name 'Pseudazoarcus pumilus' -> Pseudazoarcus_pumilus
NOTE: Change sequence name 'Nitrogeniibacter aestuarii' -> Nitrogeniibacter_aestuarii
NOTE: Change sequence name 'Cognatazoarcus halotolerans' -> Cognatazoarcus_halotolerans
NOTE: Change sequence name 'Denitratisoma oestradiolicum' -> Denitratisoma_oestradiolicum
NOTE: Change sequence name 'Sulfuritalea hydrogenivorans' -> Sulfuritalea_hydrogenivorans
NOTE: Change sequence name 'Azospira inquinata' -> Azospira_inquinata
NOTE: Change sequence name 'Propionivibrio dicarboxylicus' -> Propionivibrio_dicarboxylicus
NOTE: Change sequence name 'Propionivibrio limicola' -> Propionivibrio_limicola
NOTE: Change sequence name 'Dechloromonas aquae' -> Dechloromonas_aquae
NOTE: Change sequence name 'Ferribacterium limneticum' -> Ferribacterium_limneticum
NOTE: Change sequence name 'Dechloromonas hankyongensis' -> Dechloromonas_hankyongensis
NOTE: Change sequence name 'Quatrionicoccus australiensis' -> Quatrionicoccus_australiensis
NOTE: Change sequence name 'Oryzomicrobium terrae' -> Oryzomicrobium_terrae
NOTE: Change sequence name 'Rhodocyclus purpureus' -> Rhodocyclus_purpureus
NOTE: Change sequence name 'Uliginosibacterium gangwonense' -> Uliginosibacterium_gangwonense
NOTE: Change sequence name 'Usitatibacter rugosus' -> Usitatibacter_rugosus
NOTE: Change sequence name 'Gallionella capsiferriformans' -> Gallionella_capsiferriformans
NOTE: Change sequence name 'Ferrigenium kumadai' -> Ferrigenium_kumadai
NOTE: Change sequence name 'Sideroxyarcus emersonii' -> Sideroxyarcus_emersonii
NOTE: Change sequence name 'Sideroxydans sp. CL21' -> Sideroxydans_sp.
NOTE: Change sequence name 'Methylobacillus flagellatus' -> Methylobacillus_flagellatus
NOTE: Change sequence name 'Methyloradius palustris' -> Methyloradius_palustris
NOTE: Change sequence name 'Methylobacillus glycogenes' -> Methylobacillus_glycogenes
NOTE: Change sequence name 'Methylobacillus arboreus' -> Methylobacillus_arboreus
NOTE: Change sequence name 'Novimethylophilus kurashikiensis' -> Novimethylophilus_kurashikiensis
NOTE: Change sequence name 'Nitrosomonas nitrosa' -> Nitrosomonas_nitrosa
NOTE: Change sequence name 'Nitrosomonas halophila' -> Nitrosomonas_halophila
NOTE: Change sequence name 'Nitrosomonas supralitoralis' -> Nitrosomonas_supralitoralis
NOTE: Change sequence name 'Nitrosomonas ureae' -> Nitrosomonas_ureae
NOTE: Change sequence name 'Nitrosovibrio tenuis' -> Nitrosovibrio_tenuis
NOTE: Change sequence name 'Sulfurirhabdus autotrophica' -> Sulfurirhabdus_autotrophica
NOTE: Change sequence name 'Sulfurimicrobium lacus' -> Sulfurimicrobium_lacus
NOTE: Change sequence name 'Pelomicrobium methylotrophicum' -> Pelomicrobium_methylotrophicum
NOTE: Change sequence name 'Thiobacter aerophilum' -> Thiobacter_aerophilum
NOTE: Change sequence name 'Sulfuriferula plumbiphila' -> Sulfuriferula_plumbiphila
NOTE: Change sequence name 'Sulfuritortus calidifontis' -> Sulfuritortus_calidifontis
NOTE: Change sequence name 'Aquitalea palustris' -> Aquitalea_palustris
NOTE: Change sequence name 'Crenobacter intestini' -> Crenobacter_intestini
NOTE: Change sequence name 'Chitinibacter tainanensis' -> Chitinibacter_tainanensis
NOTE: Change sequence name 'Formivibrio citricus' -> Formivibrio_citricus
NOTE: Change sequence name 'Silvimonas terrae' -> Silvimonas_terrae
NOTE: Change sequence name 'Chitiniphilus purpureus' -> Chitiniphilus_purpureus
NOTE: Change sequence name 'Chitinimonas koreensis' -> Chitinimonas_koreensis
NOTE: Change sequence name 'Chitinimonas arctica' -> Chitinimonas_arctica
NOTE: Change sequence name 'Chitinimonas prasina' -> Chitinimonas_prasina
NOTE: Change sequence name 'Parachitinimonas caeni' -> Parachitinimonas_caeni
NOTE: Change sequence name 'Alysiella crassa' -> Alysiella_crassa
NOTE: Change sequence name 'Snodgrassella alvi' -> Snodgrassella_alvi
NOTE: Change sequence name 'Lautropia dentalis' -> Lautropia_dentalis
NOTE: Change sequence name 'Acidihalobacter yilgarnensis' -> Acidihalobacter_yilgarnensis
NOTE: Change sequence name 'Alkalilimnicola ehrlichii' -> Alkalilimnicola_ehrlichii
NOTE: Change sequence name 'Alkalispirillum mobile' -> Alkalispirillum_mobile
NOTE: Change sequence name 'Bdellovibrio bacteriovorus' -> Bdellovibrio_bacteriovorus
NOTE: Change sequence name 'Thiocapsa imhoffii' -> Thiocapsa_imhoffii
NOTE: Change sequence name 'Thiorhodococcus mannitoliphagus' -> Thiorhodococcus_mannitoliphagus
NOTE: Change sequence name 'Thiocystis violacea' -> Thiocystis_violacea
NOTE: Change sequence name 'Chromatium weissei' -> Chromatium_weissei
NOTE: Change sequence name 'Halochromatium roseum' -> Halochromatium_roseum
NOTE: Change sequence name 'Thiorhodovibrio winogradskyi' -> Thiorhodovibrio_winogradskyi
NOTE: Change sequence name 'Thiospirillum jenense' -> Thiospirillum_jenense
NOTE: Change sequence name 'Sedimenticola thiotaurini' -> Sedimenticola_thiotaurini
NOTE: Change sequence name 'Ectothiorhodosinus mongolicus' -> Ectothiorhodosinus_mongolicus
NOTE: Change sequence name 'Thioalkalivibrio sulfidiphilus' -> Thioalkalivibrio_sulfidiphilus
NOTE: Change sequence name 'Ectothiorhodospira lacustris' -> Ectothiorhodospira_lacustris
NOTE: Change sequence name 'Sulfurivermis fontis' -> Sulfurivermis_fontis
NOTE: Change sequence name 'Plasticicumulans acidivorans' -> Plasticicumulans_acidivorans
NOTE: Change sequence name 'Plasticicumulans lactativorans' -> Plasticicumulans_lactativorans
NOTE: Change sequence name 'Sulfuriflexus mobilis' -> Sulfuriflexus_mobilis
NOTE: Change sequence name 'Thiogranum longum' -> Thiogranum_longum
NOTE: Change sequence name 'Crenothrix polyspora' -> Crenothrix_polyspora
NOTE: Change sequence name 'Methylobacter psychrophilus' -> Methylobacter_psychrophilus
NOTE: Change sequence name 'Methyloglobulus morosus' -> Methyloglobulus_morosus
NOTE: Change sequence name 'Methylomarinum vadi' -> Methylomarinum_vadi
NOTE: Change sequence name 'Methylomonas rapida' -> Methylomonas_rapida
NOTE: Change sequence name 'Methylomonas lenta' -> Methylomonas_lenta
NOTE: Change sequence name 'Methylomonas subterranea' -> Methylomonas_subterranea
NOTE: Change sequence name 'Methylomonas paludis' -> Methylomonas_paludis
NOTE: Change sequence name 'Methylogaea oryzae' -> Methylogaea_oryzae
NOTE: Change sequence name 'Balneatrix alpica' -> Balneatrix_alpica
NOTE: Change sequence name 'Pokkaliibacter plantistimulans' -> Pokkaliibacter_plantistimulans
NOTE: Change sequence name 'Motiliproteus sediminis' -> Motiliproteus_sediminis
NOTE: Change sequence name 'Beggiatoa leptomitoformis' -> Beggiatoa_leptomitoformis
NOTE: Change sequence name 'Beggiatoa alba' -> Beggiatoa_alba
NOTE: Change sequence name 'Spiribacter pallidus' -> Spiribacter_pallidus
NOTE: Change sequence name 'Spiribacter insolitus' -> Spiribacter_insolitus
NOTE: Change sequence name 'Spiribacter roseus' -> Spiribacter_roseus
NOTE: Change sequence name 'Nitrococcus mobilis' -> Nitrococcus_mobilis
NOTE: Change sequence name 'Natronospira proteinivora' -> Natronospira_proteinivora
NOTE: Change sequence name 'Amphritea pacifica' -> Amphritea_pacifica
NOTE: Change sequence name 'Marinobacterium litorale' -> Marinobacterium_litorale
NOTE: Change sequence name 'Marinobacterium lutimaris' -> Marinobacterium_lutimaris
NOTE: Change sequence name 'Nitrincola alkalilacustris' -> Nitrincola_alkalilacustris
NOTE: Change sequence name 'Nitrincola iocasae' -> Nitrincola_iocasae
NOTE: Change sequence name 'Nitrincola lacisaponensis' -> Nitrincola_lacisaponensis
NOTE: Change sequence name 'Neptuniibacter caesariensis' -> Neptuniibacter_caesariensis
NOTE: Change sequence name 'Neptuniibacter halophilus' -> Neptuniibacter_halophilus
NOTE: Change sequence name 'Pontibacterium sinense' -> Pontibacterium_sinense
NOTE: Change sequence name 'Marinobacterium aestuariivivens]' -> Marinobacterium_aestuariivivens]
NOTE: Change sequence name 'Thioalkalivibrio paradoxus' -> Thioalkalivibrio_paradoxus
NOTE: Change sequence name 'Sulfurifustis variabilis' -> Sulfurifustis_variabilis
NOTE: Change sequence name 'Sulfuricaulis limicola' -> Sulfuricaulis_limicola
NOTE: Change sequence name 'Halorhodospira abdelmalekii' -> Halorhodospira_abdelmalekii
NOTE: Change sequence name 'Halorhodospira halochloris' -> Halorhodospira_halochloris
NOTE: Change sequence name 'Methylonatrum kenyense' -> Methylonatrum_kenyense
NOTE: Change sequence name 'Methylomarinovum caldicuralii' -> Methylomarinovum_caldicuralii
NOTE: Change sequence name 'Aestuariirhabdus litorea' -> Aestuariirhabdus_litorea
NOTE: Change sequence name 'Spartinivicinus ruber' -> Spartinivicinus_ruber
NOTE: Change sequence name 'Endozoicomonas elysicola' -> Endozoicomonas_elysicola
NOTE: Change sequence name 'Kistimonas asteriae' -> Kistimonas_asteriae
NOTE: Change sequence name 'Aquipseudomonas alcaligenes' -> Aquipseudomonas_alcaligenes
NOTE: Change sequence name 'Zestomonas insulae' -> Zestomonas_insulae
NOTE: Change sequence name 'Azotobacter vinelandii' -> Azotobacter_vinelandii
NOTE: Change sequence name 'Azotobacter bryophylli' -> Azotobacter_bryophylli
NOTE: Change sequence name 'Zestomonas thermotolerans' -> Zestomonas_thermotolerans
NOTE: Change sequence name 'Pseudomonas schmalbachii' -> Pseudomonas_schmalbachii
NOTE: Change sequence name 'Stutzerimonas azotifigens' -> Stutzerimonas_azotifigens
NOTE: Change sequence name 'Stutzerimonas balearica' -> Stutzerimonas_balearica
NOTE: Change sequence name 'Stutzerimonas nitrititolerans' -> Stutzerimonas_nitrititolerans
NOTE: Change sequence name 'Stutzerimonas nosocomialis' -> Stutzerimonas_nosocomialis
NOTE: Change sequence name 'Stutzerimonas tarimensis' -> Stutzerimonas_tarimensis
NOTE: Change sequence name 'Azomonas macrocytogenes' -> Azomonas_macrocytogenes
NOTE: Change sequence name 'Atopomonas sediminilitoris' -> Atopomonas_sediminilitoris
NOTE: Change sequence name 'Atopomonas hussainii' -> Atopomonas_hussainii
NOTE: Change sequence name 'Ventosimonas gracilis' -> Ventosimonas_gracilis
NOTE: Change sequence name 'Halopseudomonas pertucinogena' -> Halopseudomonas_pertucinogena
NOTE: Change sequence name 'Halopseudomonas nanhaiensis' -> Halopseudomonas_nanhaiensis
NOTE: Change sequence name 'Thiopseudomonas acetoxidans' -> Thiopseudomonas_acetoxidans
NOTE: Change sequence name 'Entomomonas moraniae' -> Entomomonas_moraniae
NOTE: Change sequence name 'Aidingimonas lacisalsi' -> Aidingimonas_lacisalsi
NOTE: Change sequence name 'Billgrantia azerbaijanica' -> Billgrantia_azerbaijanica
NOTE: Change sequence name 'Billgrantia ethanolica' -> Billgrantia_ethanolica
NOTE: Change sequence name 'Halomonas urmiana' -> Halomonas_urmiana
NOTE: Change sequence name 'Halomonas almeriensis' -> Halomonas_almeriensis
NOTE: Change sequence name 'Modicisalibacter xianhensis' -> Modicisalibacter_xianhensis
NOTE: Change sequence name 'Salinicola halophyticus' -> Salinicola_halophyticus
NOTE: Change sequence name 'Kushneria phosphatilytica' -> Kushneria_phosphatilytica
NOTE: Change sequence name 'Oceanospirillum beijerinckii' -> Oceanospirillum_beijerinckii
NOTE: Change sequence name 'Oceanospirillum maris' -> Oceanospirillum_maris
NOTE: Change sequence name 'Marinospirillum alkalitolerans' -> Marinospirillum_alkalitolerans
NOTE: Change sequence name 'Marinospirillum alkaliphilum' -> Marinospirillum_alkaliphilum
NOTE: Change sequence name 'Terasakiispira papahanaumokuakeensis' -> Terasakiispira_papahanaumokuakeensis
NOTE: Change sequence name 'Allopseudospirillum japonicum' -> Allopseudospirillum_japonicum
NOTE: Change sequence name 'Aurantivibrio plasticivorans' -> Aurantivibrio_plasticivorans
NOTE: Change sequence name 'Aurantivibrio infirmus' -> Aurantivibrio_infirmus
NOTE: Change sequence name 'Eionea flava' -> Eionea_flava
NOTE: Change sequence name 'Marinagarivorans cellulosilyticus' -> Marinagarivorans_cellulosilyticus
NOTE: Change sequence name 'Marinibactrum halimedae' -> Marinibactrum_halimedae
NOTE: Change sequence name 'Pseudomaricurvus alcaniphilus' -> Pseudomaricurvus_alcaniphilus
NOTE: Change sequence name 'Pseudomaricurvus albidus' -> Pseudomaricurvus_albidus
NOTE: Change sequence name 'Sessilibacter corallicola' -> Sessilibacter_corallicola
NOTE: Change sequence name 'Halioxenophilus aromaticivorans' -> Halioxenophilus_aromaticivorans
NOTE: Change sequence name 'Cellvibrio polysaccharolyticus' -> Cellvibrio_polysaccharolyticus
NOTE: Change sequence name 'Microbulbifer taiwanensis' -> Microbulbifer_taiwanensis
NOTE: Change sequence name 'Microbulbifer thermotolerans' -> Microbulbifer_thermotolerans
NOTE: Change sequence name 'Microbulbifer okhotskensis' -> Microbulbifer_okhotskensis
NOTE: Change sequence name 'Microbulbifer celer' -> Microbulbifer_celer
NOTE: Change sequence name 'Congregibacter variabilis' -> Congregibacter_variabilis
NOTE: Change sequence name 'Haliea salexigens' -> Haliea_salexigens
NOTE: Change sequence name 'Halioglobus japonicus' -> Halioglobus_japonicus
NOTE: Change sequence name 'Seongchinamella sediminis' -> Seongchinamella_sediminis
NOTE: Change sequence name 'Seongchinamella unica' -> Seongchinamella_unica
NOTE: Change sequence name 'Parahaliea aestuarii' -> Parahaliea_aestuarii
NOTE: Change sequence name 'Sediminihaliea albiluteola' -> Sediminihaliea_albiluteola
NOTE: Change sequence name 'Kineobactrum salinum' -> Kineobactrum_salinum
NOTE: Change sequence name 'Pseudohaliea rubra' -> Pseudohaliea_rubra
NOTE: Change sequence name 'Spongiibacter nanhainus' -> Spongiibacter_nanhainus
NOTE: Change sequence name 'Spongiibacter pelagi' -> Spongiibacter_pelagi
NOTE: Change sequence name 'Nitrosococcus oceani' -> Nitrosococcus_oceani
NOTE: Change sequence name 'Nitrosococcus wardiae' -> Nitrosococcus_wardiae
NOTE: Change sequence name 'Methylophaga aminisulfidivorans' -> Methylophaga_aminisulfidivorans
NOTE: Change sequence name 'Methylophaga frappieri' -> Methylophaga_frappieri
NOTE: Change sequence name 'Thioploca ingrica' -> Thioploca_ingrica
NOTE: Change sequence name 'Acinetobacter baumannii' -> Acinetobacter_baumannii
NOTE: Change sequence name 'Vibrio alginolyticus' -> Vibrio_alginolyticus
NOTE: Change sequence name 'Acinetobacter baylyi' -> Acinetobacter_baylyi
NOTE: Change sequence name 'Acinetobacter ursingii' -> Acinetobacter_ursingii
NOTE: Change sequence name 'Acinetobacter junii' -> Acinetobacter_junii
NOTE: Change sequence name 'Acinetobacter stercoris' -> Acinetobacter_stercoris
NOTE: Change sequence name 'Serratia sp. S1B' -> Serratia_sp.
NOTE: Change sequence name 'Acinetobacter kanungonis' -> Acinetobacter_kanungonis
NOTE: Change sequence name 'Escherichia coli' -> Escherichia_coli
NOTE: Change sequence name 'Salmonella enterica' -> Salmonella_enterica
NOTE: Change sequence name 'Acinetobacter rudis' -> Acinetobacter_rudis
NOTE: Change sequence name 'Alkanindiges illinoisensis' -> Alkanindiges_illinoisensis
NOTE: Change sequence name 'Sphingobacteriales bacterium' -> Sphingobacteriales_bacterium
NOTE: Change sequence name 'Aquirhabdus parva' -> Aquirhabdus_parva
NOTE: Change sequence name 'Aquirhabdus sp.' -> Aquirhabdus_sp.
NOTE: Change sequence name 'Flavobacteriales bacterium' -> Flavobacteriales_bacterium
NOTE: Change sequence name 'Agitococcus lubricus' -> Agitococcus_lubricus
NOTE: Change sequence name 'Fluviicoccus keumensis' -> Fluviicoccus_keumensis
NOTE: Change sequence name 'Amnimonas aquatica' -> Amnimonas_aquatica
NOTE: Change sequence name 'Paraperlucidibaca wandonensis' -> Paraperlucidibaca_wandonensis
NOTE: Change sequence name 'Bacterioplanes sanyensis' -> Bacterioplanes_sanyensis
NOTE: Change sequence name 'Bacterioplanoides pacificum' -> Bacterioplanoides_pacificum
NOTE: Change sequence name 'Oceanobacter mangrovi' -> Oceanobacter_mangrovi
NOTE: Change sequence name 'Parathalassolituus penaei' -> Parathalassolituus_penaei
NOTE: Change sequence name 'Reinekea marina' -> Reinekea_marina
NOTE: Change sequence name 'Reinekea marinisedimentorum]' -> Reinekea_marinisedimentorum]
NOTE: Change sequence name 'Reinekea thalattae' -> Reinekea_thalattae
NOTE: Change sequence name 'Litoribacillus peritrichatus' -> Litoribacillus_peritrichatus
NOTE: Change sequence name 'Litoribrevibacter albus' -> Litoribrevibacter_albus
NOTE: Change sequence name 'Pseudohongiella nitratireducens' -> Pseudohongiella_nitratireducens
NOTE: Change sequence name 'Pseudohongiella spirulinae' -> Pseudohongiella_spirulinae
NOTE: Change sequence name 'Marinomonas mediterranea' -> Marinomonas_mediterranea
NOTE: Change sequence name 'Marinomonas pollencensis' -> Marinomonas_pollencensis
NOTE: Change sequence name 'Marinomonas profundi' -> Marinomonas_profundi
NOTE: Change sequence name 'Methylococcales bacterium' -> Methylococcales_bacterium
NOTE: Change sequence name 'Oceanococcus atlanticus' -> Oceanococcus_atlanticus
NOTE: Change sequence name 'Sinimarinibacterium thermocellulolyticum' -> Sinimarinibacterium_thermocellulolyticum
NOTE: Change sequence name 'Solimonas aquatica' -> Solimonas_aquatica
NOTE: Change sequence name 'Salinisphaera japonica' -> Salinisphaera_japonica
NOTE: Change sequence name 'Salinisphaera shabanensis' -> Salinisphaera_shabanensis
NOTE: Change sequence name 'Salinisphaera aquimarina' -> Salinisphaera_aquimarina
NOTE: Change sequence name 'Alkalimarinus coralli' -> Alkalimarinus_coralli
NOTE: Change sequence name 'Oleiphilus messinensis' -> Oleiphilus_messinensis
NOTE: Change sequence name 'Mangrovitalea sediminis' -> Mangrovitalea_sediminis
NOTE: Change sequence name 'Marinobacter zhanjiangensis' -> Marinobacter_zhanjiangensis
NOTE: Change sequence name 'Marinobacter salexigens' -> Marinobacter_salexigens
NOTE: Change sequence name 'Marinobacter salinexigens]' -> Marinobacter_salinexigens]
NOTE: Change sequence name 'Hahella ganghwensis' -> Hahella_ganghwensis
NOTE: Change sequence name 'Alcanivorax quisquiliarum' -> Alcanivorax_quisquiliarum
NOTE: Change sequence name 'Isoalcanivorax beigongshangi' -> Isoalcanivorax_beigongshangi
NOTE: Change sequence name 'Alloalcanivorax dieselolei' -> Alloalcanivorax_dieselolei
NOTE: Change sequence name 'Alloalcanivorax mobilis' -> Alloalcanivorax_mobilis
NOTE: Change sequence name 'Leucothrix mucor' -> Leucothrix_mucor
NOTE: Change sequence name 'Leucothrix sargassi' -> Leucothrix_sargassi
NOTE: Change sequence name 'Leucothrix arctica' -> Leucothrix_arctica
NOTE: Change sequence name 'Thiofilum flexile' -> Thiofilum_flexile
NOTE: Change sequence name 'Thiothrix eikelboomii' -> Thiothrix_eikelboomii
NOTE: Change sequence name 'Thiothrix nivea' -> Thiothrix_nivea
NOTE: Change sequence name 'Thermohahella caldifontis' -> Thermohahella_caldifontis
NOTE: Change sequence name 'Immundisolibacter cernigliae' -> Immundisolibacter_cernigliae
NOTE: Change sequence name 'Granulosicoccus antarcticus' -> Granulosicoccus_antarcticus
NOTE: Change sequence name 'Acidithiobacillus montserratensis' -> Acidithiobacillus_montserratensis
NOTE: Change sequence name 'Thermithiobacillus tepidarius' -> Thermithiobacillus_tepidarius
NOTE: Change sequence name 'Guyparkeria hydrothermalis' -> Guyparkeria_hydrothermalis
NOTE: Change sequence name 'Thiomicrorhabdus chilensis' -> Thiomicrorhabdus_chilensis
NOTE: Change sequence name 'Faucicola atlantae' -> Faucicola_atlantae
NOTE: Change sequence name 'Moraxella tetraodonis' -> Moraxella_tetraodonis
NOTE: Change sequence name 'Faucicola boevrei' -> Faucicola_boevrei
NOTE: Change sequence name 'Psychrobacter arenosus' -> Psychrobacter_arenosus
NOTE: Change sequence name 'Psychrobacter coccoides' -> Psychrobacter_coccoides
NOTE: Change sequence name 'Psychrobacter immobilis' -> Psychrobacter_immobilis
NOTE: Change sequence name 'Psychrobacter aestuarii' -> Psychrobacter_aestuarii
Alignment most likely contains protein sequences
Constructing alignment: done in 0.00291443 secs using 99.99% CPU
Alignment has 299 sequences with 1060 columns, 669 distinct patterns
432 parsimony-informative, 118 singleton sites, 510 constant sites
WARNING: Some sequence names are changed as follows:
Marinobacterium_aestuariivivens] -> Marinobacterium_aestuariivivens_
Reinekea_marinisedimentorum] -> Reinekea_marinisedimentorum_
Marinobacter_salinexigens] -> Marinobacter_salinexigens_

                                          Gap/Ambiguity  Composition  p-value
Analyzing sequences: done in 0.0107729 secs using 200.1% CPU
   1  Achromobacter_insuavis                     63.68%    passed     53.70%
   2  Bordetella_petrii                          69.34%    passed     76.66%
   3  Eoetvoesiella_caeni                        63.49%    passed     86.35%
   4  Paralcaligenes_ureilyticus                 63.58%    passed     91.87%
   5  Zwartia_vadi                               63.49%    passed     66.30%
   6  Paenalcaligenes_niemegkensis               63.30%    passed     68.98%
   7  Paenalcaligenes_suwonensis                 63.30%    passed     99.68%
   8  Paenalcaligenes_faecalis                   63.30%    passed     86.81%
   9  Verticiella_alkaliphila                    63.87%    passed     23.82%
  10  Acidovorax_lacteus                         63.96%    passed     92.25%
  11  Curvibacter_soli                           63.96%    passed     40.18%
  12  Diaphorobacter_ruginosibacter              63.96%    passed     86.88%
  13  Oryzisolibacter_propanilivorax             63.96%    passed     59.00%
  14  Simplicispira_lacusdiani                   63.96%    passed     68.21%
  15  Ramlibacter_rhizophilus                    63.96%    passed     22.15%
  16  Rhodoferax_saidenbachensis                 63.96%    passed     86.05%
  17  Paracidovorax_wautersii                    63.21%    passed     38.76%
  18  Caldimonas_tepidiphila                     63.49%    passed     30.27%
  19  Roseateles_asaccharophilus                 63.49%    passed     50.04%
  20  Lampropedia_puyangensis                    63.77%    passed     79.21%
  21  Inhella_crocodyli                          63.02%    failed      2.92%
  22  Burkholderia_plantarii                     63.96%    passed     30.89%
  23  Paraburkholderia_phenazinium               63.87%    passed     57.91%
  24  Trinickia_violacea                         63.96%    passed     81.32%
  25  Trinickia_fusca                            63.58%    passed     90.83%
  26  Mycoavidus_cysteinexigens                  63.87%    passed     95.91%
  27  Duganella_aceris                           63.58%    passed     33.29%
  28  Massilia_jejuensis                         63.77%    passed     79.87%
  29  Herbaspirillum_autotrophicum               63.87%    passed     90.22%
  30  Herbaspirillum_lusitanum                   63.58%    passed     78.74%
  31  Noviherbaspirillum_massiliense             63.87%    passed     80.21%
  32  Noviherbaspirillum_saxi                    63.87%    passed     84.49%
  33  Noviherbaspirillum_malthae                 63.87%    passed     99.73%
  34  Undibacterium_cyanobacteriorum             63.87%    passed     30.84%
  35  Herminiimonas_fonticola                    63.87%    passed     97.84%
  36  Undibacterium_hunanense                    63.87%    passed     98.75%
  37  Undibacterium_griseum                      63.87%    passed     96.87%
  38  Sapientia_aquatica                         63.77%    passed     14.79%
  39  Solimicrobium_silvestre                    63.77%    passed     66.58%
  40  Undibacterium_luofuense                    63.87%    passed     88.87%
  41  Lacisediminimonas_profundi                 63.77%    passed     68.39%
  42  Keguizhuia_sedimenti                       63.87%    passed     33.94%
  43  Oxalobacter_aliiformigenes                 63.49%    passed     48.58%
  44  Oxalobacter_paeniformigenes                63.49%    passed     92.93%
  45  Polynucleobacter_victoriensis              63.40%    passed     74.33%
  46  Polynucleobacter_brandtiae                 63.49%    passed     32.03%
  47  Polynucleobacter_necessarius               63.58%    passed     18.39%
  48  Aromatoleum_buckelii                       63.77%    passed     46.49%
  49  Aromatoleum_diolicum                       63.77%    passed     65.42%
  50  Pseudothauera_lacus                        63.77%    passed     11.35%
  51  Thauera_sedimentorum                       63.77%    failed      3.46%
  52  Pseudothauera_nasutitermitis               63.77%    passed      8.52%
  53  Parazoarcus_communis                       63.77%    passed     64.12%
  54  Azoarcus_taiwanensis                       63.68%    passed     76.95%
  55  Thauera_phenolivorans                      63.77%    passed     24.29%
  56  Pseudazoarcus_pumilus                      63.68%    passed      8.28%
  57  Nitrogeniibacter_aestuarii                 63.40%    passed     85.64%
  58  Cognatazoarcus_halotolerans                63.68%    passed     61.14%
  59  Denitratisoma_oestradiolicum               63.21%    passed     91.80%
  60  Sulfuritalea_hydrogenivorans               63.49%    passed      8.31%
  61  Azospira_inquinata                         63.77%    passed     31.22%
  62  Propionivibrio_dicarboxylicus              63.77%    passed     82.09%
  63  Propionivibrio_limicola                    63.77%    passed     76.02%
  64  Dechloromonas_aquae                        63.77%    passed     82.31%
  65  Ferribacterium_limneticum                  63.77%    passed     68.31%
  66  Dechloromonas_hankyongensis                63.77%    passed     86.84%
  67  Quatrionicoccus_australiensis              63.77%    passed     53.82%
  68  Oryzomicrobium_terrae                      63.77%    passed     69.62%
  69  Rhodocyclus_purpureus                      63.87%    failed      1.93%
  70  Uliginosibacterium_gangwonense             63.49%    passed     98.97%
  71  Usitatibacter_rugosus                      65.09%    passed     50.17%
  72  Gallionella_capsiferriformans              63.49%    passed     78.37%
  73  Ferrigenium_kumadai                        63.68%    passed     31.87%
  74  Sideroxyarcus_emersonii                    63.58%    passed     35.52%
  75  Sideroxydans_sp.                           63.68%    passed     96.64%
  76  Methylobacillus_flagellatus                62.83%    passed     62.36%
  77  Methyloradius_palustris                    63.30%    passed     97.38%
  78  Methylobacillus_glycogenes                 63.49%    passed     94.38%
  79  Methylobacillus_arboreus                   62.55%    passed     95.77%
  80  Novimethylophilus_kurashikiensis           63.68%    passed     86.88%
  81  Nitrosomonas_nitrosa                       63.21%    failed      0.16%
  82  Nitrosomonas_halophila                     62.92%    passed     38.08%
  83  Nitrosomonas_supralitoralis                63.87%    failed      0.68%
  84  Nitrosomonas_ureae                         63.87%    failed      0.03%
  85  Nitrosovibrio_tenuis                       62.36%    passed     42.39%
  86  Sulfurirhabdus_autotrophica                63.87%    passed     75.35%
  87  Sulfurimicrobium_lacus                     63.58%    passed     42.79%
  88  Pelomicrobium_methylotrophicum             63.49%    passed     43.25%
  89  Thiobacter_aerophilum                      63.40%    passed     33.18%
  90  Sulfuriferula_plumbiphila                  63.68%    passed     90.26%
  91  Sulfuritortus_calidifontis                 63.87%    passed     26.35%
  92  Aquitalea_palustris                        63.87%    passed     97.65%
  93  Crenobacter_intestini                      63.87%    passed     38.33%
  94  Chitinibacter_tainanensis                  64.15%    passed     96.25%
  95  Formivibrio_citricus                       63.68%    passed     49.54%
  96  Silvimonas_terrae                          64.06%    passed     71.73%
  97  Chitiniphilus_purpureus                    64.06%    passed     78.05%
  98  Chitinimonas_koreensis                     63.87%    passed      9.01%
  99  Chitinimonas_arctica                       63.77%    passed     94.60%
 100  Chitinimonas_prasina                       63.87%    passed     83.90%
 101  Parachitinimonas_caeni                     63.21%    passed     77.16%
 102  Alysiella_crassa                           64.25%    passed     83.78%
 103  Snodgrassella_alvi                         63.68%    failed      2.27%
 104  Lautropia_dentalis                         62.92%    passed     12.58%
 105  Acidihalobacter_yilgarnensis               62.74%    passed      8.39%
 106  Alkalilimnicola_ehrlichii                  62.17%    passed     53.86%
 107  Alkalispirillum_mobile                     62.17%    passed     75.78%
 108  Bdellovibrio_bacteriovorus                 62.55%    passed     31.95%
 109  Thiocapsa_imhoffii                         62.45%    passed     63.93%
 110  Thiorhodococcus_mannitoliphagus            62.74%    passed     92.14%
 111  Thiocystis_violacea                        62.74%    passed     61.66%
 112  Chromatium_weissei                         62.36%    passed     63.90%
 113  Halochromatium_roseum                      62.45%    passed     86.68%
 114  Thiorhodovibrio_winogradskyi               62.08%    passed     75.42%
 115  Thiospirillum_jenense                      61.89%    passed     47.49%
 116  Sedimenticola_thiotaurini                  63.02%    passed     95.45%
 117  Ectothiorhodosinus_mongolicus              62.64%    passed     97.81%
 118  Thioalkalivibrio_sulfidiphilus             62.74%    passed     77.37%
 119  Ectothiorhodospira_lacustris               62.83%    passed     13.62%
 120  Sulfurivermis_fontis                       62.83%    passed     35.29%
 121  Plasticicumulans_acidivorans               62.83%    passed     19.23%
 122  Plasticicumulans_lactativorans             62.83%    passed     14.23%
 123  Sulfuriflexus_mobilis                      62.92%    passed     99.55%
 124  Thiogranum_longum                          62.64%    passed     96.37%
 125  Crenothrix_polyspora                       62.64%    passed     10.72%
 126  Methylobacter_psychrophilus                62.64%    passed     37.45%
 127  Methyloglobulus_morosus                    24.43%    failed      0.00%
 128  Methylomarinum_vadi                        62.64%    passed      5.07%
 129  Methylomonas_rapida                        62.55%    passed     95.03%
 130  Methylomonas_lenta                         62.55%    passed     27.03%
 131  Methylomonas_subterranea                   61.98%    passed     96.66%
 132  Methylomonas_paludis                       62.55%    passed      8.79%
 133  Methylogaea_oryzae                         62.36%    passed     88.32%
 134  Balneatrix_alpica                          62.64%    passed     72.23%
 135  Pokkaliibacter_plantistimulans             62.55%    passed     42.31%
 136  Motiliproteus_sediminis                    63.02%    passed      7.83%
 137  Beggiatoa_leptomitoformis                  63.21%    failed      1.86%
 138  Beggiatoa_alba                             63.21%    failed      1.12%
 139  Spiribacter_pallidus                       61.79%    passed     24.57%
 140  Spiribacter_insolitus                      62.08%    passed     24.06%
 141  Spiribacter_roseus                         65.94%    passed      7.96%
 142  Nitrococcus_mobilis                        62.36%    passed     92.83%
 143  Natronospira_proteinivora                  62.74%    passed     89.31%
 144  Amphritea_pacifica                         62.92%    passed     87.21%
 145  Marinobacterium_litorale                   63.11%    passed     57.24%
 146  Marinobacterium_lutimaris                  63.11%    passed     63.33%
 147  Nitrincola_alkalilacustris                 63.21%    passed     81.06%
 148  Nitrincola_iocasae                         63.21%    passed     99.51%
 149  Nitrincola_lacisaponensis                  63.21%    passed     79.91%
 150  Neptuniibacter_caesariensis                63.11%    passed     95.40%
 151  Neptuniibacter_halophilus                  63.11%    passed     82.88%
 152  Pontibacterium_sinense                     63.11%    passed     98.86%
 153  Marinobacterium_aestuariivivens_           62.36%    passed     96.01%
 154  Thioalkalivibrio_paradoxus                 63.02%    passed     52.02%
 155  Sulfurifustis_variabilis                   63.02%    failed      1.90%
 156  Sulfuricaulis_limicola                     62.83%    passed     34.90%
 157  Halorhodospira_abdelmalekii                58.96%    failed      4.32%
 158  Halorhodospira_halochloris                 62.83%    passed     87.49%
 159  Methylonatrum_kenyense                     62.36%    passed     51.68%
 160  Methylomarinovum_caldicuralii              62.74%    passed     49.62%
 161  Aestuariirhabdus_litorea                   62.83%    passed     97.85%
 162  Spartinivicinus_ruber                      63.21%    passed     48.27%
 163  Endozoicomonas_elysicola                   62.92%    passed     99.78%
 164  Kistimonas_asteriae                        63.11%    passed     93.34%
 165  Aquipseudomonas_alcaligenes                62.74%    passed     69.52%
 166  Zestomonas_insulae                         62.74%    passed     93.65%
 167  Azotobacter_vinelandii                     62.74%    passed     53.78%
 168  Azotobacter_bryophylli                     62.74%    passed     75.11%
 169  Zestomonas_thermotolerans                  62.83%    passed     83.81%
 170  Pseudomonas_schmalbachii                   63.02%    passed     58.18%
 171  Stutzerimonas_azotifigens                  62.83%    passed     75.21%
 172  Stutzerimonas_balearica                    62.74%    passed     94.23%
 173  Stutzerimonas_nitrititolerans              62.74%    passed     93.87%
 174  Stutzerimonas_nosocomialis                 62.74%    passed     69.14%
 175  Stutzerimonas_tarimensis                   62.74%    passed     65.40%
 176  Azomonas_macrocytogenes                    62.45%    passed     96.27%
 177  Atopomonas_sediminilitoris                 62.74%    passed     12.65%
 178  Atopomonas_hussainii                       62.74%    passed     87.53%
 179  Ventosimonas_gracilis                      62.08%    passed     47.16%
 180  Halopseudomonas_pertucinogena              62.64%    passed     78.21%
 181  Halopseudomonas_nanhaiensis                62.74%    passed     91.82%
 182  Thiopseudomonas_acetoxidans                62.55%    passed     84.92%
 183  Entomomonas_moraniae                       62.55%    failed      0.07%
 184  Aidingimonas_lacisalsi                     62.92%    passed     95.49%
 185  Billgrantia_azerbaijanica                  62.92%    passed     13.29%
 186  Billgrantia_ethanolica                     63.11%    passed     59.79%
 187  Halomonas_urmiana                          62.45%    passed     10.75%
 188  Halomonas_almeriensis                      62.45%    passed     17.14%
 189  Modicisalibacter_xianhensis                62.45%    passed     80.58%
 190  Salinicola_halophyticus                    62.92%    passed     87.68%
 191  Kushneria_phosphatilytica                  62.83%    passed     66.10%
 192  Oceanospirillum_beijerinckii               62.36%    passed     31.95%
 193  Oceanospirillum_maris                      62.45%    passed     10.61%
 194  Marinospirillum_alkalitolerans             62.83%    passed     26.80%
 195  Marinospirillum_alkaliphilum               62.74%    passed     91.25%
 196  Terasakiispira_papahanaumokuakeensis       60.66%    passed     34.90%
 197  Allopseudospirillum_japonicum              62.08%    passed     68.91%
 198  Aurantivibrio_plasticivorans               63.02%    passed     47.35%
 199  Aurantivibrio_infirmus                     62.26%    failed      0.52%
 200  Eionea_flava                               62.64%    passed     61.60%
 201  Marinagarivorans_cellulosilyticus          62.92%    passed     82.97%
 202  Marinibactrum_halimedae                    62.64%    passed     81.41%
 203  Pseudomaricurvus_alcaniphilus              62.64%    passed     99.82%
 204  Pseudomaricurvus_albidus                   62.92%    passed     73.98%
 205  Sessilibacter_corallicola                  63.11%    passed      7.32%
 206  Halioxenophilus_aromaticivorans            62.92%    passed     33.33%
 207  Cellvibrio_polysaccharolyticus             63.11%    passed     58.03%
 208  Microbulbifer_taiwanensis                  62.55%    passed     98.87%
 209  Microbulbifer_thermotolerans               62.55%    passed     95.48%
 210  Microbulbifer_okhotskensis                 62.55%    passed     97.21%
 211  Microbulbifer_celer                        62.08%    passed     54.01%
 212  Congregibacter_variabilis                  62.08%    passed     71.53%
 213  Haliea_salexigens                          63.30%    passed     50.81%
 214  Halioglobus_japonicus                      63.21%    passed     88.68%
 215  Seongchinamella_sediminis                  63.11%    passed     80.93%
 216  Seongchinamella_unica                      63.40%    passed     96.73%
 217  Parahaliea_aestuarii                       62.83%    passed     89.08%
 218  Sediminihaliea_albiluteola                 62.74%    passed     89.26%
 219  Kineobactrum_salinum                       63.21%    passed     90.66%
 220  Pseudohaliea_rubra                         62.83%    failed      0.16%
 221  Spongiibacter_nanhainus                    63.21%    passed     97.25%
 222  Spongiibacter_pelagi                       63.30%    passed     97.80%
 223  Nitrosococcus_oceani                       62.55%    passed     29.17%
 224  Nitrosococcus_wardiae                      62.55%    passed     44.13%
 225  Methylophaga_aminisulfidivorans            62.74%    failed      0.17%
 226  Methylophaga_frappieri                     63.11%    passed     78.31%
 227  Thioploca_ingrica                          60.85%    failed      2.79%
 228  Acinetobacter_baumannii                    63.40%    passed     16.51%
 229  Vibrio_alginolyticus                       83.96%    failed      1.56%
 230  Acinetobacter_baylyi                       63.40%    passed     30.82%
 231  Acinetobacter_ursingii                     83.40%    passed     91.75%
 232  Acinetobacter_junii                        63.40%    passed     13.51%
 233  Acinetobacter_stercoris                    63.40%    passed     42.89%
 234  Serratia_sp.                               63.40%    passed     83.00%
 235  Acinetobacter_kanungonis                   63.40%    passed     59.95%
 236  Escherichia_coli                           63.58%    passed     27.09%
 237  Salmonella_enterica                        63.77%    passed     29.72%
 238  Acinetobacter_rudis                        63.40%    passed     65.04%
 239  Alkanindiges_illinoisensis                 63.49%    passed     18.14%
 240  Sphingobacteriales_bacterium               63.30%    failed      1.10%
 241  Aquirhabdus_parva                          62.36%    passed      7.62%
 242  Aquirhabdus_sp.                            62.45%    passed      9.59%
 243  Flavobacteriales_bacterium                 65.57%    passed     30.80%
 244  Agitococcus_lubricus                       63.21%    passed     45.09%
 245  Fluviicoccus_keumensis                     63.30%    passed     75.45%
 246  Amnimonas_aquatica                         62.55%    passed     25.09%
 247  Paraperlucidibaca_wandonensis              62.83%    passed     14.14%
 248  Bacterioplanes_sanyensis                   63.30%    passed     51.69%
 249  Bacterioplanoides_pacificum                63.40%    passed     92.20%
 250  Oceanobacter_mangrovi                      62.92%    passed     82.61%
 251  Parathalassolituus_penaei                  63.11%    passed     84.47%
 252  Reinekea_marina                            62.45%    passed      9.28%
 253  Reinekea_marinisedimentorum_               62.45%    passed     38.99%
 254  Reinekea_thalattae                         62.45%    passed     26.13%
 255  Litoribacillus_peritrichatus               63.11%    passed     46.04%
 256  Litoribrevibacter_albus                    63.30%    passed     24.20%
 257  Pseudohongiella_nitratireducens            62.55%    passed     99.89%
 258  Pseudohongiella_spirulinae                 62.08%    passed     99.29%
 259  Marinomonas_mediterranea                   63.02%    failed      0.16%
 260  Marinomonas_pollencensis                   63.11%    passed     31.25%
 261  Marinomonas_profundi                       63.02%    failed      1.60%
 262  Methylococcales_bacterium                  62.74%    failed      0.00%
 263  Oceanococcus_atlanticus                    69.06%    passed     41.69%
 264  Sinimarinibacterium_thermocellulolyticum   68.30%    passed     54.82%
 265  Solimonas_aquatica                         69.34%    passed     72.35%
 266  Salinisphaera_japonica                     62.26%    passed     74.62%
 267  Salinisphaera_shabanensis                  62.17%    passed     62.75%
 268  Salinisphaera_aquimarina                   63.02%    passed     88.39%
 269  Alkalimarinus_coralli                      62.74%    passed     49.52%
 270  Oleiphilus_messinensis                     63.21%    passed     55.13%
 271  Mangrovitalea_sediminis                    62.83%    passed     99.61%
 272  Marinobacter_zhanjiangensis                62.64%    passed     94.57%
 273  Marinobacter_salexigens                    62.92%    passed     96.55%
 274  Marinobacter_salinexigens_                 62.92%    passed     73.89%
 275  Hahella_ganghwensis                        62.36%    passed     86.90%
 276  Alcanivorax_quisquiliarum                  62.92%    passed     57.65%
 277  Isoalcanivorax_beigongshangi               62.92%    passed     37.10%
 278  Alloalcanivorax_dieselolei                 63.02%    passed     44.91%
 279  Alloalcanivorax_mobilis                    62.92%    passed     25.23%
 280  Leucothrix_mucor                           62.45%    failed      0.00%
 281  Leucothrix_sargassi                        62.83%    passed     61.14%
 282  Leucothrix_arctica                         62.83%    passed     19.95%
 283  Thiofilum_flexile                          62.83%    passed     53.74%
 284  Thiothrix_eikelboomii                      62.92%    failed      4.88%
 285  Thiothrix_nivea                            62.64%    passed     96.29%
 286  Thermohahella_caldifontis                  62.45%    passed     80.18%
 287  Immundisolibacter_cernigliae               63.96%    failed      2.51%
 288  Granulosicoccus_antarcticus                61.70%    passed     19.31%
 289  Acidithiobacillus_montserratensis          62.26%    passed     25.43%
 290  Thermithiobacillus_tepidarius              62.55%    passed     58.23%
 291  Guyparkeria_hydrothermalis                 62.64%    passed     81.73%
 292  Thiomicrorhabdus_chilensis                 63.11%    failed      0.13%
 293  Faucicola_atlantae                         59.72%    failed      0.00%
 294  Moraxella_tetraodonis                      59.34%    failed      0.00%
 295  Faucicola_boevrei                          60.75%    failed      0.00%
 296  Psychrobacter_arenosus                     58.68%    failed      0.00%
 297  Psychrobacter_coccoides                    58.96%    failed      0.19%
 298  Psychrobacter_immobilis                    58.49%    failed      0.00%
 299  Psychrobacter_aestuarii                    60.00%    failed      4.27%
WARNING: 298 sequences contain more than 50% gaps/ambiguity
****  TOTAL                                      63.10%  33 sequences failed composition chi2 test (p-value<5%; df=19)
Checking for duplicate sequences: done in 0.0113385 secs using 204.4% CPU


Create initial parsimony tree by phylogenetic likelihood library (PLL)... 0.117 seconds
Perform fast likelihood tree search using LG+I+G model...
Estimate model parameters (epsilon = 5.000)
Perform nearest neighbor interchange...
Optimizing NNI: done in 4.68577 secs using 399.3% CPU
Estimate model parameters (epsilon = 1.000)
1. Initial log-likelihood: -127786.486
Optimal log-likelihood: -127786.290
Proportion of invariable sites: 0.034
Gamma shape alpha: 0.935
Parameters optimization took 1 rounds (0.841 sec)
Time for fast ML tree search: 12.431 seconds

NOTE: ModelFinder requires 322 MB RAM!
ModelFinder will test up to 1232 protein models (sample size: 1060 epsilon: 0.100) ...
 No. Model         -LnL         df  AIC          AICc         BIC
  1  LG            138529.450   595 278248.900   279777.435   281203.685
  2  LG+I          137570.953   596 276333.907   277870.892   279293.657
  3  LG+G4         127918.938   596 257029.876   258566.860   259989.626
  4  LG+I+G4       127786.228   597 256766.456   258311.936   259731.172
  5  LG+R2         130428.367   597 262050.733   263596.214   265015.450
  6  LG+R3         128589.796   599 258377.592   259940.201   261352.241
  7  LG+R4         127919.887   601 257041.774   258621.695   260026.354
  8  LG+R5         127624.105   603 256454.210   258051.631   259448.723
  9  LG+R6         127468.983   605 256147.966   257763.076   259152.410
 10  LG+R7         127386.067   607 255986.134   257619.125   259000.511
 11  LG+R8         127344.970   609 255907.940   257559.007   258932.249
 12  LG+R9         127337.047   611 255896.094   257565.433   258930.335
 13  LG+R10        127328.774   613 255883.548   257571.360   258927.721
 14  LG+I+R2       130053.982   598 261303.963   262857.985   264273.646
 15  LG+I+R3       128275.698   600 257751.395   259322.637   260731.010
 16  LG+I+R4       127757.186   602 256718.372   258307.019   259707.918
 17  LG+I+R5       127529.684   604 256267.367   257873.609   259266.846
 18  LG+I+R6       127432.975   606 256077.951   257701.977   259087.361
 19  LG+I+R7       127389.484   608 255994.968   257636.973   259014.311
 20  LG+I+R8       127337.468   610 255894.937   257555.115   258924.212
 21  LG+I+R9       127329.794   612 255883.589   257562.139   258922.796
 22  LG+I+R10      127321.520   614 255871.041   257568.164   258920.180
 35  LG+F+R10      126421.200   632 254106.400   255980.198   257244.927
 42  LG+F+I+R8     126426.584   629 254111.167   255954.283   257234.796
 43  LG+F+I+R9     126419.231   631 254100.461   255963.975   257234.023
 44  LG+F+I+R10    126411.699   633 254089.398   255973.539   257232.892
 57  WAG+R10       127532.567   613 256291.133   257978.945   259335.306
 64  WAG+I+R8      127554.403   610 256328.806   257988.984   259358.081
 65  WAG+I+R9      127529.012   612 256282.024   257960.575   259321.231
 66  WAG+I+R10     127528.587   614 256285.174   257982.298   259334.313
 79  WAG+F+R10     126872.073   632 255008.146   256881.945   258146.674
 86  WAG+F+I+R8    126888.446   629 255034.892   256878.009   258158.522
 87  WAG+F+I+R9    126870.259   631 255002.518   256866.032   258136.080
 88  WAG+F+I+R10   126869.580   633 255005.160   256889.301   258148.654
101  JTT+R10       128303.251   613 257832.502   259520.313   260876.675
108  JTT+I+R8      128323.899   610 257867.798   259527.976   260897.073
109  JTT+I+R9      128306.293   612 257836.585   259515.135   260875.792
110  JTT+I+R10     128296.081   614 257820.162   259517.285   260869.301
123  JTT+F+R10     127785.912   632 256835.824   258709.622   259974.351
130  JTT+F+I+R8    127802.171   629 256862.342   258705.458   259985.971
131  JTT+F+I+R9    127786.247   631 256834.494   258698.008   259968.056
132  JTT+F+I+R10   127778.591   633 256823.183   258707.323   259966.676
145  Q.PFAM+R10    126781.927   613 254789.855   256477.666   257834.028
152  Q.PFAM+I+R8   126795.992   610 254811.984   256472.162   257841.258
153  Q.PFAM+I+R9   126784.324   612 254792.647   256471.198   257831.854
154  Q.PFAM+I+R10  126778.792   614 254785.584   256482.707   257834.722
167  Q.PFAM+F+R10  126398.216   632 254060.432   255934.230   257198.959
174  Q.PFAM+F+I+R8 126408.880   629 254075.759   255918.875   257199.388
175  Q.PFAM+F+I+R9 126396.715   631 254055.429   255918.943   257188.990
+I+R10 reinitialized from +I+R9 with factor 0.500
176  Q.PFAM+F+I+R10 126393.398   633 254052.796   255936.937   257196.290
189  Q.BIRD+R10    130992.839   613 263211.679   264899.490   266255.851
196  Q.BIRD+I+R8   131011.838   610 263243.677   264903.855   266272.951
197  Q.BIRD+I+R9   131002.499   612 263228.999   264907.549   266268.206
198  Q.BIRD+I+R10  130983.228   614 263194.456   264891.580   266243.595
211  Q.BIRD+F+R10  130500.699   632 262265.397   264139.196   265403.925
218  Q.BIRD+F+I+R8 130517.167   629 262292.333   264135.449   265415.962
219  Q.BIRD+F+I+R9 130504.798   631 262271.597   264135.111   265405.158
220  Q.BIRD+F+I+R10 130494.625   633 262255.250   264139.391   265398.743
233  Q.MAMMAL+R10  129999.215   613 261224.431   262912.242   264268.603
240  Q.MAMMAL+I+R8 130013.383   610 261246.766   262906.944   264276.041
241  Q.MAMMAL+I+R9 129999.040   612 261222.080   262900.631   264261.287
242  Q.MAMMAL+I+R10 129985.895   614 261199.790   262896.914   264248.929
255  Q.MAMMAL+F+R10 129611.141   632 260486.283   262360.081   263624.810
262  Q.MAMMAL+F+I+R8 129627.433   629 260512.867   262355.983   263636.496
263  Q.MAMMAL+F+I+R9 129610.400   631 260482.801   262346.315   263616.362
264  Q.MAMMAL+F+I+R10 129602.366   633 260470.732   262354.873   263614.225
277  Q.INSECT+R10  128354.888   613 257935.776   259623.587   260979.949
284  Q.INSECT+I+R8 128364.620   610 257949.240   259609.418   260978.514
285  Q.INSECT+I+R9 128348.651   612 257921.302   259599.853   260960.509
286  Q.INSECT+I+R10 128343.087   614 257914.174   259611.298   260963.313
299  Q.INSECT+F+R10 127290.257   632 255844.514   257718.312   258983.041
306  Q.INSECT+F+I+R8 127295.490   629 255848.979   257692.096   258972.609
307  Q.INSECT+F+I+R9 127284.738   631 255831.476   257694.990   258965.037
308  Q.INSECT+F+I+R10 127278.315   633 255822.630   257706.770   258966.123
321  Q.PLANT+R10   128849.736   613 258925.472   260613.284   261969.645
328  Q.PLANT+I+R8  128860.495   610 258940.990   260601.168   261970.265
329  Q.PLANT+I+R9  128846.217   612 258916.434   260594.985   261955.641
330  Q.PLANT+I+R10 128835.904   614 258899.809   260596.932   261948.948
343  Q.PLANT+F+R10 127996.828   632 257257.657   259131.456   260396.184
350  Q.PLANT+F+I+R8 128007.716   629 257273.432   259116.549   260397.062
351  Q.PLANT+F+I+R9 128002.384   631 257266.768   259130.282   260400.330
365  Q.YEAST+R10   128604.717   613 258435.434   260123.245   261479.607
372  Q.YEAST+I+R8  128626.028   610 258472.055   260132.233   261501.330
373  Q.YEAST+I+R9  128609.885   612 258443.769   260122.320   261482.976
374  Q.YEAST+I+R10 128597.717   614 258423.435   260120.558   261472.574
387  Q.YEAST+F+R10 126794.121   632 254852.242   256726.041   257990.769
394  Q.YEAST+F+I+R8 126809.103   629 254876.205   256719.321   257999.834
395  Q.YEAST+F+I+R9 126799.190   631 254860.381   256723.895   257993.942
396  Q.YEAST+F+I+R10 126788.089   633 254842.178   256726.319   257985.671
409  JTTDCMUT+R10  128310.030   613 257846.060   259533.872   260890.233
416  JTTDCMUT+I+R8 128334.093   610 257888.186   259548.364   260917.461
417  JTTDCMUT+I+R9 128312.692   612 257849.383   259527.934   260888.590
418  JTTDCMUT+I+R10 128302.631   614 257833.262   259530.385   260882.401
431  JTTDCMUT+F+R10 127767.580   632 256799.159   258672.958   259937.687
438  JTTDCMUT+F+I+R8 127789.456   629 256836.912   258680.029   259960.542
439  JTTDCMUT+F+I+R9 127770.821   631 256803.641   258667.155   259937.202
440  JTTDCMUT+F+I+R10 127760.301   633 256786.601   258670.742   259930.094
453  DCMUT+R10     128904.262   613 259034.525   260722.337   262078.698
460  DCMUT+I+R8    128922.767   610 259065.535   260725.713   262094.809
461  DCMUT+I+R9    128900.253   612 259024.505   260703.055   262063.712
462  DCMUT+I+R10   128896.842   614 259021.685   260718.808   262070.823
475  DCMUT+F+R10   128136.098   632 257536.196   259409.994   260674.723
482  DCMUT+F+I+R8  128159.533   629 257577.067   259420.183   260700.696
483  DCMUT+F+I+R9  128140.420   631 257542.839   259406.353   260676.401
484  DCMUT+F+I+R10 128131.868   633 257529.737   259413.877   260673.230
497  VT+R10        128058.156   613 257342.312   259030.124   260386.485
504  VT+I+R8       128079.060   610 257378.119   259038.298   260407.394
505  VT+I+R9       128053.722   612 257331.443   259009.994   260370.650
506  VT+I+R10      128049.954   614 257327.908   259025.032   260377.047
519  VT+F+R10      127519.030   632 256302.060   258175.859   259440.587
526  VT+F+I+R8     127534.176   629 256326.352   258169.468   259449.981
527  VT+F+I+R9     127515.518   631 256293.036   258156.550   259426.597
528  VT+F+I+R10    127513.364   633 256292.729   258176.870   259436.222
541  PMB+R10       129300.511   613 259827.023   261514.834   262871.196
548  PMB+I+R8      129320.318   610 259860.637   261520.815   262889.911
549  PMB+I+R9      129301.937   612 259827.875   261506.425   262867.082
550  PMB+I+R10     129296.074   614 259820.147   261517.271   262869.286
563  PMB+F+R10     128534.456   632 258332.911   260206.710   261471.439
570  PMB+F+I+R8    128547.977   629 258353.953   260197.069   261477.582
571  PMB+F+I+R9    128536.502   631 258335.005   260198.519   261468.566
572  PMB+F+I+R10   128530.806   633 258327.611   260211.752   261471.105
585  BLOSUM62+R10  129287.588   613 259801.175   261488.987   262845.348
592  BLOSUM62+I+R8 129308.309   610 259836.619   261496.797   262865.893
593  BLOSUM62+I+R9 129288.313   612 259800.626   261479.177   262839.833
594  BLOSUM62+I+R10 129284.268   614 259796.537   261493.660   262845.676
607  BLOSUM62+F+R10 128347.559   632 257959.119   259832.918   261097.646
614  BLOSUM62+F+I+R8 128359.210   629 257976.420   259819.537   261100.050
615  BLOSUM62+F+I+R9 128346.089   631 257954.177   259817.691   261087.738
616  BLOSUM62+F+I+R10 128344.566   633 257955.133   259839.273   261098.626
629  DAYHOFF+R10   128897.603   613 259021.207   260709.018   262065.379
636  DAYHOFF+I+R8  128916.606   610 259053.212   260713.390   262082.487
637  DAYHOFF+I+R9  128891.714   612 259007.427   260685.977   262046.634
638  DAYHOFF+I+R10 128888.088   614 259004.175   260701.299   262053.314
651  DAYHOFF+F+R10 128129.116   632 257522.233   259396.031   260660.760
658  DAYHOFF+F+I+R8 128154.287   629 257566.573   259409.690   260690.202
659  DAYHOFF+F+I+R9 128135.061   631 257532.122   259395.636   260665.683
660  DAYHOFF+F+I+R10 128126.400   633 257518.800   259402.940   260662.293
673  MTREV+R10     136555.779   613 274337.558   276025.370   277381.731
680  MTREV+I+R8    136589.665   610 274399.330   276059.508   277428.605
681  MTREV+I+R9    136559.070   612 274342.139   276020.690   277381.346
682  MTREV+I+R10   136543.360   614 274314.720   276011.843   277363.859
695  MTREV+F+R10   129405.305   632 260074.609   261948.408   263213.136
702  MTREV+F+I+R8  129431.482   629 260120.965   261964.081   263244.594
703  MTREV+F+I+R9  129409.396   631 260080.791   261944.305   263214.352
704  MTREV+F+I+R10 129397.922   633 260061.844   261945.985   263205.337
717  MTART+R10     139933.586   613 281093.173   282780.985   284137.346
724  MTART+I+R8    140027.327   610 281274.653   282934.832   284303.928
725  MTART+I+R9    139956.947   612 281137.895   282816.445   284177.102
726  MTART+I+R10   139935.887   614 281099.775   282796.898   284148.913
739  MTART+F+R10   132098.542   632 265461.085   267334.883   268599.612
746  MTART+F+I+R8  132190.964   629 265639.928   267483.044   268763.557
747  MTART+F+I+R9  132119.063   631 265500.125   267363.639   268633.687
748  MTART+F+I+R10 132110.355   633 265486.710   267370.851   268630.203
761  MTZOA+R10     135133.496   613 271492.991   273180.803   274537.164
768  MTZOA+I+R8    135187.439   610 271594.877   273255.056   274624.152
769  MTZOA+I+R9    135161.067   612 271546.134   273224.684   274585.340
770  MTZOA+I+R10   135132.172   614 271492.345   273189.469   274541.484
783  MTZOA+F+R10   129956.021   632 261176.042   263049.841   264314.570
790  MTZOA+F+I+R8  129985.456   629 261228.912   263072.028   264352.541
791  MTZOA+F+I+R9  129949.965   631 261161.931   263025.445   264295.492
792  MTZOA+F+I+R10 129934.265   633 261134.530   263018.671   264278.023
805  MTMET+R10     138345.563   613 277917.127   279604.938   280961.300
812  MTMET+I+R8    138386.370   610 277992.740   279652.919   281022.015
813  MTMET+I+R9    138365.438   612 277954.877   279633.427   280994.083
814  MTMET+I+R10   138351.011   614 277930.022   279627.146   280979.161
827  MTMET+F+R10   130015.789   632 261295.578   263169.376   264434.105
834  MTMET+F+I+R8  130041.388   629 261340.776   263183.892   264464.405
835  MTMET+F+I+R9  130012.884   631 261287.768   263151.282   264421.329
836  MTMET+F+I+R10 130001.397   633 261268.793   263152.934   264412.287
849  MTVER+R10     137677.173   613 276580.346   278268.158   279624.519
856  MTVER+I+R8    137713.267   610 276646.535   278306.713   279675.809
857  MTVER+I+R9    137685.732   612 276595.463   278274.013   279634.670
858  MTVER+I+R10   137676.389   614 276580.779   278277.902   279629.918
871  MTVER+F+R10   131271.119   632 263806.238   265680.037   266944.766
878  MTVER+F+I+R8  131299.085   629 263856.171   265699.287   266979.800
879  MTVER+F+I+R9  131268.663   631 263799.325   265662.839   266932.886
880  MTVER+F+I+R10 131258.549   633 263783.099   265667.240   266926.592
893  MTINV+R10     139331.663   613 279889.326   281577.138   282933.499
900  MTINV+I+R8    139357.338   610 279934.675   281594.853   282963.950
901  MTINV+I+R9    139338.049   612 279900.098   281578.648   282939.304
902  MTINV+I+R10   139321.823   614 279871.646   281568.770   282920.785
915  MTINV+F+R10   129165.715   632 259595.429   261469.228   262733.957
922  MTINV+F+I+R8  129175.257   629 259608.514   261451.630   262732.143
923  MTINV+F+I+R9  129158.175   631 259578.349   261441.863   262711.910
924  MTINV+F+I+R10 129147.475   633 259560.951   261445.091   262704.444
937  MTMAM+R10     139438.792   613 280103.585   281791.396   283147.758
944  MTMAM+I+R8    139519.707   610 280259.414   281919.593   283288.689
945  MTMAM+I+R9    139483.654   612 280191.308   281869.858   283230.515
946  MTMAM+I+R10   139478.455   614 280184.909   281882.033   283234.048
959  MTMAM+F+R10   132225.188   632 265714.377   267588.176   268852.904
966  MTMAM+F+I+R8  132247.945   629 265753.890   267597.006   268877.519
967  MTMAM+F+I+R9  132223.317   631 265708.635   267572.149   268842.196
968  MTMAM+F+I+R10 132199.444   633 265664.889   267549.029   268808.382
981  FLAVI+R10     135424.944   613 272075.888   273763.699   275120.061
988  FLAVI+I+R8    135465.340   610 272150.680   273810.858   275179.955
989  FLAVI+I+R9    135428.139   612 272080.279   273758.829   275119.485
990  FLAVI+I+R10   135418.723   614 272065.446   273762.570   275114.585
1003  FLAVI+F+R10   133096.956   632 267457.911   269331.710   270596.438
1010  FLAVI+F+I+R8  133118.822   629 267495.643   269338.760   270619.273
1011  FLAVI+F+I+R9  133102.053   631 267466.107   269329.621   270599.668
1012  FLAVI+F+I+R10 133085.319   633 267436.637   269320.778   270580.131
1025  HIVB+R10      131945.039   613 265116.078   266803.890   268160.251
1032  HIVB+I+R8     131950.696   610 265121.391   266781.569   268150.666
1033  HIVB+I+R9     131937.001   612 265098.002   266776.552   268137.209
1034  HIVB+I+R10    131924.585   614 265077.170   266774.294   268126.309
1047  HIVB+F+R10    130525.945   632 262315.890   264189.689   265454.417
1054  HIVB+F+I+R8   130528.195   629 262314.390   264157.506   265438.019
1055  HIVB+F+I+R9   130522.257   631 262306.514   264170.028   265440.076
1069  HIVW+R10      139291.801   613 279809.602   281497.414   282853.775
1076  HIVW+I+R8     139317.836   610 279855.672   281515.850   282884.946
1077  HIVW+I+R9     139311.281   612 279846.562   281525.112   282885.769
1091  HIVW+F+R10    134803.474   632 270870.948   272744.747   274009.475
1098  HIVW+F+I+R8   134829.804   629 270917.607   272760.724   274041.237
1099  HIVW+F+I+R9   134810.674   631 270883.347   272746.861   274016.909
1100  HIVW+F+I+R10  134790.738   633 270847.476   272731.617   273990.970
1113  FLU+R10       132325.789   613 265877.579   267565.390   268921.752
1120  FLU+I+R8      132351.765   610 265923.530   267583.708   268952.805
1121  FLU+I+R9      132347.405   612 265918.810   267597.360   268958.017
1135  FLU+F+R10     129186.917   632 259637.834   261511.632   262776.361
1142  FLU+F+I+R8    129204.669   629 259667.338   261510.454   262790.967
1143  FLU+F+I+R9    129186.147   631 259634.294   261497.808   262767.856
1144  FLU+F+I+R10   129179.450   633 259624.901   261509.041   262768.394
1157  RTREV+R10     129113.959   613 259453.919   261141.731   262498.092
1164  RTREV+I+R8    129124.267   610 259468.534   261128.712   262497.808
1165  RTREV+I+R9    129114.663   612 259453.326   261131.876   262492.533
1166  RTREV+I+R10   129103.328   614 259434.656   261131.779   262483.794
1179  RTREV+F+R10   127184.297   632 255632.593   257506.392   258771.120
1186  RTREV+F+I+R8  127193.912   629 255645.824   257488.940   258769.453
1187  RTREV+F+I+R9  127181.082   631 255624.164   257487.678   258757.725
1188  RTREV+F+I+R10 127178.853   633 255623.706   257507.847   258767.199
1201  CPREV+R10     129264.365   613 259754.731   261442.542   262798.904
1208  CPREV+I+R8    129283.177   610 259786.353   261446.531   262815.628
1209  CPREV+I+R9    129266.209   612 259756.418   261434.968   262795.625
1210  CPREV+I+R10   129264.861   614 259757.723   261454.846   262806.862
1223  CPREV+F+R10   127539.457   632 256342.915   258216.713   259481.442
1230  CPREV+F+I+R8  127552.819   629 256363.638   258206.754   259487.267
1231  CPREV+F+I+R9  127542.804   631 256347.609   258211.123   259481.170
1232  CPREV+F+I+R10 127540.108   633 256346.217   258230.358   259489.710
Akaike Information Criterion:           Q.PFAM+F+I+R10
Corrected Akaike Information Criterion: Q.PFAM+F+I+R8
Bayesian Information Criterion:         Q.PFAM+F+I+R9
Best-fit model: Q.PFAM+F+I+R9 chosen according to BIC

All model information printed to HISZ_Mode_23Oct.model.gz
CPU time for ModelFinder: 73212.968 seconds (20h:20m:12s)
Wall-clock time for ModelFinder: 18312.299 seconds (5h:5m:12s)
Generating 1000 samples for ultrafast bootstrap (seed: 168219)...

NOTE: 290 MB RAM (0 GB) is required!
Estimate model parameters (epsilon = 0.100)
1. Initial log-likelihood: -126454.057
2. Current log-likelihood: -126404.044
3. Current log-likelihood: -126403.393
4. Current log-likelihood: -126403.275
Optimal log-likelihood: -126403.178
Proportion of invariable sites: 0.024
Site proportion and rates:  (0.068,0.024) (0.080,0.107) (0.054,0.195) (0.093,0.297) (0.152,0.485) (0.142,0.808) (0.110,1.276) (0.164,1.961) (0.113,2.663)
Parameters optimization took 4 rounds (37.384 sec)
Wrote distance file to... 
Computing ML distances based on estimated model parameters...
Calculating distance matrix: done in 6.48048 secs using 400% CPU
Computing ML distances took 6.480831 sec (of wall-clock time) 25.919069 sec (of CPU time)
Setting up auxiliary I and S matrices: done in 0.00136802 secs using 229.2% CPU
Constructing RapidNJ tree: done in 0.161693 secs using 75.61% CPU
Computing RapidNJ tree took 0.163158 sec (of wall-clock time) 0.125506 sec (of CPU time)
Log-likelihood of RapidNJ tree: -126683.895
--------------------------------------------------------------------
|             INITIALIZING CANDIDATE TREE SET                      |
--------------------------------------------------------------------
Generating 98 parsimony trees... 11.423 second
Computing log-likelihood of 98 initial trees ... 66.621 seconds
Current best score: -126403.178

Do NNI search on 20 best initial trees
Optimizing NNI: done in 4.51322 secs using 399.4% CPU
Estimate model parameters (epsilon = 0.100)
BETTER TREE FOUND at iteration 1: -126383.657
Optimizing NNI: done in 12.4924 secs using 399.5% CPU
Estimate model parameters (epsilon = 0.100)
BETTER TREE FOUND at iteration 2: -126277.734
Optimizing NNI: done in 12.9018 secs using 399.6% CPU
Optimizing NNI: done in 11.8603 secs using 399.5% CPU
Optimizing NNI: done in 13.291 secs using 399.3% CPU
Optimizing NNI: done in 13.8293 secs using 399.6% CPU
Optimizing NNI: done in 11.6202 secs using 399.6% CPU
Optimizing NNI: done in 15.2896 secs using 399.5% CPU
Optimizing NNI: done in 13.987 secs using 399.3% CPU
Optimizing NNI: done in 11.2447 secs using 399.4% CPU
Iteration 10 / LogL: -126362.828 / Time: 5h:9m:56s
Optimizing NNI: done in 15.6811 secs using 399.6% CPU
Optimizing NNI: done in 13.5502 secs using 399.3% CPU
Optimizing NNI: done in 16.4328 secs using 399.4% CPU
Optimizing NNI: done in 14.6452 secs using 399.6% CPU
Optimizing NNI: done in 12.2985 secs using 399.5% CPU
Optimizing NNI: done in 15.2321 secs using 399.5% CPU
Optimizing NNI: done in 15.2579 secs using 399.4% CPU
Optimizing NNI: done in 12.639 secs using 399.4% CPU
Optimizing NNI: done in 10.5951 secs using 399.5% CPU
Optimizing NNI: done in 13.5612 secs using 399.3% CPU
Iteration 20 / LogL: -126373.301 / Time: 5h:12m:17s
Finish initializing candidate tree set (20)
Current best tree score: -126277.734 / CPU time: 374.408
Number of iterations: 20
--------------------------------------------------------------------
|               OPTIMIZING CANDIDATE TREE SET                      |
--------------------------------------------------------------------
Optimizing NNI: done in 13.1171 secs using 399.5% CPU
Optimizing NNI: done in 14.6784 secs using 399.6% CPU
Optimizing NNI: done in 16.0366 secs using 399.6% CPU
Optimizing NNI: done in 14.8215 secs using 399.5% CPU
Optimizing NNI: done in 13.7752 secs using 399.5% CPU
Optimizing NNI: done in 12.5609 secs using 399.6% CPU
Optimizing NNI: done in 13.5165 secs using 399.4% CPU
Estimate model parameters (epsilon = 0.100)
BETTER TREE FOUND at iteration 27: -126264.476
Optimizing NNI: done in 13.0907 secs using 399.5% CPU
Estimate model parameters (epsilon = 0.100)
BETTER TREE FOUND at iteration 28: -126259.570
Optimizing NNI: done in 13.2097 secs using 399.4% CPU
Optimizing NNI: done in 14.196 secs using 399.3% CPU
Iteration 30 / LogL: -126270.614 / Time: 5h:15m:1s (0h:33m:11s left)
Optimizing NNI: done in 12.5185 secs using 399.3% CPU
Optimizing NNI: done in 14.0055 secs using 399.6% CPU
Estimate model parameters (epsilon = 0.100)
BETTER TREE FOUND at iteration 32: -126251.691
Optimizing NNI: done in 12.3166 secs using 399.5% CPU
Optimizing NNI: done in 13.6347 secs using 399.6% CPU
Optimizing NNI: done in 12.0308 secs using 399.5% CPU
Optimizing NNI: done in 14.3127 secs using 399.6% CPU
Optimizing NNI: done in 13.456 secs using 399.3% CPU
Optimizing NNI: done in 14.4593 secs using 399.5% CPU
Optimizing NNI: done in 12.3424 secs using 399.6% CPU
Optimizing NNI: done in 16.0246 secs using 399.3% CPU
Iteration 40 / LogL: -126257.834 / Time: 5h:17m:27s (0h:28m:54s left)
Optimizing NNI: done in 12.8624 secs using 399.8% CPU
Optimizing NNI: done in 14.2398 secs using 399.4% CPU
Optimizing NNI: done in 15.2325 secs using 399.6% CPU
Optimizing NNI: done in 14.1659 secs using 399.8% CPU
Estimate model parameters (epsilon = 0.100)
BETTER TREE FOUND at iteration 44: -126251.278
Optimizing NNI: done in 14.5274 secs using 399.5% CPU
Optimizing NNI: done in 14.5184 secs using 399.3% CPU
Optimizing NNI: done in 14.3187 secs using 399.6% CPU
Estimate model parameters (epsilon = 0.100)
BETTER TREE FOUND at iteration 47: -126243.437
Optimizing NNI: done in 12.346 secs using 399.3% CPU
Optimizing NNI: done in 13.192 secs using 399.6% CPU
Optimizing NNI: done in 12.7811 secs using 399.6% CPU
Iteration 50 / LogL: -126256.931 / Time: 5h:20m:9s (0h:29m:36s left)
Log-likelihood cutoff on original alignment: -126384.142
Optimizing NNI: done in 14.8273 secs using 399.5% CPU
Optimizing NNI: done in 11.6497 secs using 399.3% CPU
Estimate model parameters (epsilon = 0.100)
BETTER TREE FOUND at iteration 52: -126240.482
Optimizing NNI: done in 13.7513 secs using 399.6% CPU
Optimizing NNI: done in 12.8854 secs using 399.5% CPU
Optimizing NNI: done in 11.69 secs using 399.3% CPU
Optimizing NNI: done in 14.0782 secs using 399.6% CPU
Optimizing NNI: done in 12.6816 secs using 399.6% CPU
Optimizing NNI: done in 12.4602 secs using 399.7% CPU
Optimizing NNI: done in 13.3489 secs using 399.7% CPU
Optimizing NNI: done in 14.0021 secs using 399.6% CPU
Iteration 60 / LogL: -126258.866 / Time: 5h:22m:37s (0h:27m:9s left)
Optimizing NNI: done in 13.1394 secs using 399.6% CPU
Optimizing NNI: done in 12.5553 secs using 399.4% CPU
Optimizing NNI: done in 14.0056 secs using 399.5% CPU
Optimizing NNI: done in 12.5216 secs using 399.5% CPU
Optimizing NNI: done in 12.0047 secs using 399.6% CPU
Optimizing NNI: done in 14.3435 secs using 399.6% CPU
Optimizing NNI: done in 15.3662 secs using 399.4% CPU
Optimizing NNI: done in 13.465 secs using 399.7% CPU
Optimizing NNI: done in 13.1478 secs using 399.6% CPU
Optimizing NNI: done in 13.5 secs using 399.6% CPU
Iteration 70 / LogL: -126250.272 / Time: 5h:24m:52s (0h:23m:22s left)
Optimizing NNI: done in 13.732 secs using 399.5% CPU
Estimate model parameters (epsilon = 0.100)
BETTER TREE FOUND at iteration 71: -126238.445
Optimizing NNI: done in 14.0092 secs using 399.4% CPU
Optimizing NNI: done in 13.9155 secs using 399.6% CPU
Estimate model parameters (epsilon = 0.100)
BETTER TREE FOUND at iteration 73: -126228.434
Optimizing NNI: done in 13.2874 secs using 399.8% CPU
Optimizing NNI: done in 14.532 secs using 399.7% CPU
Optimizing NNI: done in 15.0606 secs using 399.3% CPU
Optimizing NNI: done in 12.9351 secs using 399.7% CPU
Optimizing NNI: done in 11.8113 secs using 399.6% CPU
Optimizing NNI: done in 12.7964 secs using 399.6% CPU
Optimizing NNI: done in 11.8145 secs using 399.4% CPU
Iteration 80 / LogL: -126244.163 / Time: 5h:27m:32s (0h:26m:18s left)
Optimizing NNI: done in 14.4049 secs using 399.5% CPU
Estimate model parameters (epsilon = 0.100)
BETTER TREE FOUND at iteration 81: -126228.099
Optimizing NNI: done in 13.605 secs using 399.6% CPU
Optimizing NNI: done in 14.0593 secs using 399.5% CPU
Optimizing NNI: done in 12.7158 secs using 399.5% CPU
Optimizing NNI: done in 12.7786 secs using 399.7% CPU
Optimizing NNI: done in 14.7556 secs using 399.4% CPU
Optimizing NNI: done in 12.9664 secs using 399.5% CPU
Optimizing NNI: done in 14.7683 secs using 398.5% CPU
Optimizing NNI: done in 13.5972 secs using 399.4% CPU
Optimizing NNI: done in 12.1196 secs using 399.5% CPU
Iteration 90 / LogL: -126229.450 / Time: 5h:29m:57s (0h:25m:18s left)
Optimizing NNI: done in 12.8478 secs using 399.6% CPU
Optimizing NNI: done in 12.4268 secs using 399.4% CPU
Optimizing NNI: done in 14.5597 secs using 399.3% CPU
Optimizing NNI: done in 13.2916 secs using 399.6% CPU
Optimizing NNI: done in 12.0807 secs using 399.7% CPU
Optimizing NNI: done in 13.0026 secs using 399.5% CPU
Optimizing NNI: done in 14.9613 secs using 399.5% CPU
Optimizing NNI: done in 13.884 secs using 399.5% CPU
Optimizing NNI: done in 14.1388 secs using 399.7% CPU
Optimizing NNI: done in 11.9178 secs using 399.4% CPU
Iteration 100 / LogL: -126232.970 / Time: 5h:32m:11s (0h:22m:5s left)
Log-likelihood cutoff on original alignment: -126372.372
NOTE: Bootstrap correlation coefficient of split occurrence frequencies: 0.980
NOTE: UFBoot does not converge, continue at least 100 more iterations
Optimizing NNI: done in 13.9012 secs using 399.5% CPU
Optimizing NNI: done in 13.7989 secs using 399.3% CPU
Optimizing NNI: done in 13.2147 secs using 399.5% CPU
Optimizing NNI: done in 13.5435 secs using 399.5% CPU
Optimizing NNI: done in 15.5703 secs using 399.4% CPU
Optimizing NNI: done in 12.2156 secs using 399.4% CPU
Optimizing NNI: done in 13.5788 secs using 399.1% CPU
Optimizing NNI: done in 12.5029 secs using 399.6% CPU
Optimizing NNI: done in 12.8288 secs using 399.3% CPU
Optimizing NNI: done in 13.2276 secs using 399.6% CPU
Iteration 110 / LogL: -126263.929 / Time: 5h:34m:27s (0h:24m:9s left)
Optimizing NNI: done in 11.9283 secs using 399.5% CPU
Optimizing NNI: done in 11.8847 secs using 399.4% CPU
Optimizing NNI: done in 15.2674 secs using 399% CPU
Optimizing NNI: done in 12.4132 secs using 399.4% CPU
Optimizing NNI: done in 13.5332 secs using 399.3% CPU
Optimizing NNI: done in 13.4322 secs using 399.5% CPU
Optimizing NNI: done in 13.994 secs using 399.4% CPU
Optimizing NNI: done in 13.7731 secs using 399.4% CPU
Optimizing NNI: done in 12.1936 secs using 399.6% CPU
Optimizing NNI: done in 16.1601 secs using 399.6% CPU
Estimate model parameters (epsilon = 0.100)
BETTER TREE FOUND at iteration 120: -126226.758
Iteration 120 / LogL: -126226.758 / Time: 5h:36m:57s (0h:26m:41s left)
Optimizing NNI: done in 14.0455 secs using 399.5% CPU
Optimizing NNI: done in 12.8912 secs using 399.4% CPU
Estimate model parameters (epsilon = 0.100)
BETTER TREE FOUND at iteration 122: -126226.343
Optimizing NNI: done in 12.8053 secs using 399.5% CPU
Optimizing NNI: done in 13.5219 secs using 399.6% CPU
Optimizing NNI: done in 13.4662 secs using 399.6% CPU
Optimizing NNI: done in 15.1852 secs using 399.5% CPU
Optimizing NNI: done in 12.8047 secs using 399.3% CPU
Optimizing NNI: done in 13.5259 secs using 399.4% CPU
Optimizing NNI: done in 13.3049 secs using 399.6% CPU
Optimizing NNI: done in 13.5164 secs using 399.4% CPU
Iteration 130 / LogL: -126234.792 / Time: 5h:39m:28s (0h:24m:26s left)
Optimizing NNI: done in 14.7596 secs using 399.4% CPU
Optimizing NNI: done in 12.5676 secs using 399.6% CPU
Optimizing NNI: done in 12.4723 secs using 399.6% CPU
Optimizing NNI: done in 12.0623 secs using 399.4% CPU
Optimizing NNI: done in 12.4547 secs using 399.2% CPU
Optimizing NNI: done in 14.9463 secs using 399.5% CPU
Optimizing NNI: done in 12.5829 secs using 399.8% CPU
Optimizing NNI: done in 12.775 secs using 399.5% CPU
Optimizing NNI: done in 13.0851 secs using 399.3% CPU
Optimizing NNI: done in 13.5212 secs using 399.6% CPU
Iteration 140 / LogL: -126230.321 / Time: 5h:41m:40s (0h:21m:30s left)
Optimizing NNI: done in 12.7288 secs using 399.5% CPU
Optimizing NNI: done in 13.1265 secs using 399.5% CPU
Optimizing NNI: done in 12.288 secs using 399.6% CPU
Optimizing NNI: done in 13.7222 secs using 399.6% CPU
Optimizing NNI: done in 11.4758 secs using 399.5% CPU
Optimizing NNI: done in 11.7434 secs using 399.4% CPU
Optimizing NNI: done in 11.7804 secs using 399.4% CPU
Optimizing NNI: done in 13.023 secs using 399.4% CPU
Optimizing NNI: done in 14.7484 secs using 399.6% CPU
Optimizing NNI: done in 12.7796 secs using 399.4% CPU
Iteration 150 / LogL: -126233.818 / Time: 5h:43m:49s (0h:18m:39s left)
Log-likelihood cutoff on original alignment: -126372.372
Optimizing NNI: done in 13.098 secs using 399.4% CPU
Optimizing NNI: done in 11.3259 secs using 399.6% CPU
Estimate model parameters (epsilon = 0.100)
BETTER TREE FOUND at iteration 152: -126224.952
Optimizing NNI: done in 13.426 secs using 399.5% CPU
Optimizing NNI: done in 11.7784 secs using 399.5% CPU
Optimizing NNI: done in 12.6771 secs using 399.5% CPU
Optimizing NNI: done in 12.7384 secs using 399.4% CPU
Optimizing NNI: done in 11.7391 secs using 399.5% CPU
Optimizing NNI: done in 14.4785 secs using 399.6% CPU
Optimizing NNI: done in 11.6057 secs using 399.3% CPU
Optimizing NNI: done in 13.7358 secs using 399.7% CPU
Iteration 160 / LogL: -126235.048 / Time: 5h:46m:8s (0h:23m:41s left)
Optimizing NNI: done in 13.2389 secs using 399.5% CPU
Optimizing NNI: done in 13.1717 secs using 399.6% CPU
Optimizing NNI: done in 14.339 secs using 399.6% CPU
Optimizing NNI: done in 13.6275 secs using 399.6% CPU
Optimizing NNI: done in 14.2081 secs using 399.4% CPU
Optimizing NNI: done in 12.1183 secs using 399.7% CPU
Optimizing NNI: done in 13.6907 secs using 399.5% CPU
Optimizing NNI: done in 13.3823 secs using 399.5% CPU
Optimizing NNI: done in 12.8813 secs using 399.6% CPU
Optimizing NNI: done in 13.5721 secs using 399.7% CPU
Iteration 170 / LogL: -126228.567 / Time: 5h:48m:23s (0h:20m:57s left)
Optimizing NNI: done in 12.1884 secs using 399.5% CPU
Optimizing NNI: done in 13.5572 secs using 399.4% CPU
Optimizing NNI: done in 14.5144 secs using 399.5% CPU
Optimizing NNI: done in 12.7918 secs using 399.5% CPU
Optimizing NNI: done in 13.3253 secs using 399.3% CPU
Optimizing NNI: done in 14.0828 secs using 399.6% CPU
Optimizing NNI: done in 12.0955 secs using 399.5% CPU
Optimizing NNI: done in 11.2944 secs using 399.6% CPU
Optimizing NNI: done in 13.4718 secs using 399.4% CPU
Optimizing NNI: done in 14.5553 secs using 399.4% CPU
Estimate model parameters (epsilon = 0.100)
BETTER TREE FOUND at iteration 180: -126223.953
Iteration 180 / LogL: -126223.953 / Time: 5h:50m:50s (0h:25m:29s left)
Optimizing NNI: done in 13.0665 secs using 399.7% CPU
Optimizing NNI: done in 13.2281 secs using 399.5% CPU
Optimizing NNI: done in 14.506 secs using 399.3% CPU
Optimizing NNI: done in 13.3594 secs using 399.4% CPU
Optimizing NNI: done in 14.2228 secs using 399.6% CPU
Optimizing NNI: done in 11.6521 secs using 399.7% CPU
Optimizing NNI: done in 11.2214 secs using 399.5% CPU
Optimizing NNI: done in 12.0995 secs using 399.5% CPU
Optimizing NNI: done in 12.9468 secs using 399.6% CPU
Optimizing NNI: done in 12.3867 secs using 399.5% CPU
Iteration 190 / LogL: -126279.195 / Time: 5h:52m:59s (0h:22m:45s left)
Optimizing NNI: done in 11.9198 secs using 399.3% CPU
Optimizing NNI: done in 11.8375 secs using 399.4% CPU
Optimizing NNI: done in 14.7491 secs using 399.6% CPU
Optimizing NNI: done in 12.6724 secs using 399.2% CPU
Optimizing NNI: done in 13.3963 secs using 399.5% CPU
Optimizing NNI: done in 13.0804 secs using 399.4% CPU
Optimizing NNI: done in 13.5063 secs using 399.3% CPU
Optimizing NNI: done in 14.2792 secs using 399.5% CPU
Optimizing NNI: done in 15.5048 secs using 399.5% CPU
Optimizing NNI: done in 14.1483 secs using 399.4% CPU
Iteration 200 / LogL: -126265.641 / Time: 5h:55m:16s (0h:20m:7s left)
Log-likelihood cutoff on original alignment: -126372.372
NOTE: Bootstrap correlation coefficient of split occurrence frequencies: 0.997
Optimizing NNI: done in 12.0412 secs using 399.3% CPU
Optimizing NNI: done in 11.2678 secs using 399.4% CPU
Optimizing NNI: done in 13.5101 secs using 399.5% CPU
Optimizing NNI: done in 12.579 secs using 399.2% CPU
Optimizing NNI: done in 14.5064 secs using 399.5% CPU
Optimizing NNI: done in 13.2962 secs using 399.3% CPU
Optimizing NNI: done in 10.742 secs using 399.3% CPU
Optimizing NNI: done in 10.8357 secs using 399.4% CPU
Optimizing NNI: done in 12.2451 secs using 399.3% CPU
Optimizing NNI: done in 12.0821 secs using 399.3% CPU
Iteration 210 / LogL: -126254.399 / Time: 5h:57m:21s (0h:22m:27s left)
Optimizing NNI: done in 11.9875 secs using 399.4% CPU
Optimizing NNI: done in 13.9379 secs using 399.6% CPU
Optimizing NNI: done in 11.5914 secs using 399.3% CPU
Optimizing NNI: done in 12.7083 secs using 399.6% CPU
Optimizing NNI: done in 11.7351 secs using 399.5% CPU
Optimizing NNI: done in 11.8372 secs using 399.6% CPU
Optimizing NNI: done in 12.5022 secs using 399.7% CPU
Optimizing NNI: done in 12.2263 secs using 399.3% CPU
Optimizing NNI: done in 11.0887 secs using 399.3% CPU
Optimizing NNI: done in 13.0401 secs using 399.4% CPU
Iteration 220 / LogL: -126228.641 / Time: 5h:59m:24s (0h:19m:48s left)
Optimizing NNI: done in 13.2733 secs using 399.4% CPU
Optimizing NNI: done in 12.9055 secs using 399.5% CPU
Optimizing NNI: done in 12.217 secs using 399.6% CPU
Optimizing NNI: done in 14.6365 secs using 399.7% CPU
Optimizing NNI: done in 12.3872 secs using 399.4% CPU
Optimizing NNI: done in 13.8119 secs using 399.3% CPU
Optimizing NNI: done in 13.3066 secs using 399.5% CPU
Optimizing NNI: done in 13.3335 secs using 399.6% CPU
Optimizing NNI: done in 12.8648 secs using 399.6% CPU
Optimizing NNI: done in 13.3328 secs using 399.4% CPU
Iteration 230 / LogL: -126233.593 / Time: 6h:1m:38s (0h:17m:14s left)
Optimizing NNI: done in 11.4225 secs using 399.6% CPU
Optimizing NNI: done in 12.7053 secs using 399.4% CPU
Optimizing NNI: done in 13.9339 secs using 399.5% CPU
Optimizing NNI: done in 13.7206 secs using 399.4% CPU
Optimizing NNI: done in 12.5409 secs using 399.4% CPU
Optimizing NNI: done in 11.512 secs using 399.6% CPU
Optimizing NNI: done in 11.7097 secs using 399.5% CPU
Optimizing NNI: done in 11.3287 secs using 399.6% CPU
Optimizing NNI: done in 11.2276 secs using 399.6% CPU
Optimizing NNI: done in 12.3287 secs using 399.4% CPU
Iteration 240 / LogL: -126224.880 / Time: 6h:3m:41s (0h:14m:41s left)
Optimizing NNI: done in 11.2952 secs using 399.4% CPU
Optimizing NNI: done in 12.7463 secs using 399.6% CPU
Optimizing NNI: done in 12.108 secs using 399.6% CPU
Optimizing NNI: done in 12.0045 secs using 399.6% CPU
Optimizing NNI: done in 13.8025 secs using 399.6% CPU
Optimizing NNI: done in 12.2935 secs using 399.4% CPU
Optimizing NNI: done in 11.6599 secs using 399.4% CPU
Optimizing NNI: done in 13.5516 secs using 399.3% CPU
Optimizing NNI: done in 13.6099 secs using 399.4% CPU
Optimizing NNI: done in 13.4834 secs using 399.6% CPU
Iteration 250 / LogL: -126244.239 / Time: 6h:5m:49s (0h:12m:10s left)
Log-likelihood cutoff on original alignment: -126372.372
Optimizing NNI: done in 13.1152 secs using 399.6% CPU
Optimizing NNI: done in 11.8183 secs using 399.6% CPU
Optimizing NNI: done in 12.6882 secs using 399.3% CPU
Optimizing NNI: done in 11.808 secs using 399.6% CPU
Optimizing NNI: done in 13.6613 secs using 399.7% CPU
Estimate model parameters (epsilon = 0.100)
BETTER TREE FOUND at iteration 255: -126223.728
Optimizing NNI: done in 12.8466 secs using 399.5% CPU
Optimizing NNI: done in 12.0781 secs using 399.4% CPU
Optimizing NNI: done in 13.8966 secs using 399.6% CPU
Optimizing NNI: done in 13.8582 secs using 399.4% CPU
Optimizing NNI: done in 11.8372 secs using 399.4% CPU
Iteration 260 / LogL: -126238.761 / Time: 6h:8m:6s (0h:23m:4s left)
Optimizing NNI: done in 15.0267 secs using 399.5% CPU
Optimizing NNI: done in 13.0522 secs using 399.3% CPU
Optimizing NNI: done in 12.0546 secs using 399.2% CPU
Optimizing NNI: done in 11.7276 secs using 399.4% CPU
Optimizing NNI: done in 13.3922 secs using 399.5% CPU
Optimizing NNI: done in 13.6719 secs using 399.6% CPU
Optimizing NNI: done in 13.0502 secs using 399.3% CPU
Optimizing NNI: done in 12.1446 secs using 399.3% CPU
Optimizing NNI: done in 12.3475 secs using 399.4% CPU
Optimizing NNI: done in 14.7521 secs using 399.4% CPU
Iteration 270 / LogL: -126226.144 / Time: 6h:10m:18s (0h:20m:34s left)
Optimizing NNI: done in 14.0664 secs using 399.7% CPU
Optimizing NNI: done in 10.7525 secs using 399.6% CPU
Optimizing NNI: done in 12.3583 secs using 399.5% CPU
Optimizing NNI: done in 13.6057 secs using 399.6% CPU
Optimizing NNI: done in 11.5186 secs using 399.7% CPU
Optimizing NNI: done in 12.5402 secs using 399.6% CPU
Optimizing NNI: done in 12.3577 secs using 399.6% CPU
Optimizing NNI: done in 12.1972 secs using 399.4% CPU
Optimizing NNI: done in 12.2717 secs using 399.7% CPU
Optimizing NNI: done in 11.4989 secs using 399.3% CPU
Iteration 280 / LogL: -126225.610 / Time: 6h:12m:22s (0h:18m:3s left)
Optimizing NNI: done in 13.0313 secs using 399.7% CPU
Optimizing NNI: done in 13.1057 secs using 399.4% CPU
Estimate model parameters (epsilon = 0.100)
BETTER TREE FOUND at iteration 282: -126223.034
Optimizing NNI: done in 11.5305 secs using 399.4% CPU
Optimizing NNI: done in 12.7133 secs using 399.5% CPU
Optimizing NNI: done in 11.8195 secs using 399.5% CPU
Optimizing NNI: done in 11.7507 secs using 399.4% CPU
Optimizing NNI: done in 15.1398 secs using 399.6% CPU
Optimizing NNI: done in 11.9247 secs using 399.7% CPU
Optimizing NNI: done in 11.233 secs using 399.4% CPU
Optimizing NNI: done in 12.3968 secs using 399.7% CPU
Iteration 290 / LogL: -126287.271 / Time: 6h:14m:38s (0h:22m:6s left)
Optimizing NNI: done in 11.7028 secs using 399.7% CPU
Optimizing NNI: done in 12.7169 secs using 399.7% CPU
Optimizing NNI: done in 11.2543 secs using 399.8% CPU
Optimizing NNI: done in 12.1329 secs using 399.3% CPU
Optimizing NNI: done in 13.5181 secs using 399.7% CPU
Optimizing NNI: done in 12.8421 secs using 399.7% CPU
Optimizing NNI: done in 12.4646 secs using 399.6% CPU
Optimizing NNI: done in 11.4309 secs using 399.6% CPU
Optimizing NNI: done in 12.4931 secs using 399.6% CPU
Optimizing NNI: done in 13.3117 secs using 399.5% CPU
Iteration 300 / LogL: -126250.117 / Time: 6h:16m:43s (0h:19m:36s left)
Log-likelihood cutoff on original alignment: -126372.372
NOTE: Bootstrap correlation coefficient of split occurrence frequencies: 0.997
Optimizing NNI: done in 11.7252 secs using 399.6% CPU
Optimizing NNI: done in 12.2783 secs using 399.5% CPU
Optimizing NNI: done in 13.3052 secs using 399.5% CPU
Optimizing NNI: done in 15.2506 secs using 399.7% CPU
Optimizing NNI: done in 12.3411 secs using 399.3% CPU
Optimizing NNI: done in 11.9275 secs using 399.4% CPU
Optimizing NNI: done in 12.1988 secs using 399.3% CPU
Optimizing NNI: done in 13.6646 secs using 399.4% CPU
Optimizing NNI: done in 13.3126 secs using 399.4% CPU
Optimizing NNI: done in 12.9695 secs using 399.4% CPU
Iteration 310 / LogL: -126236.261 / Time: 6h:18m:54s (0h:21m:28s left)
Optimizing NNI: done in 14.3843 secs using 399.5% CPU
Optimizing NNI: done in 14.0502 secs using 399.5% CPU
Optimizing NNI: done in 11.915 secs using 399.6% CPU
Optimizing NNI: done in 14.0153 secs using 399.5% CPU
Optimizing NNI: done in 15.0371 secs using 399.6% CPU
Optimizing NNI: done in 12.4921 secs using 399.5% CPU
Optimizing NNI: done in 13.9152 secs using 399.3% CPU
Optimizing NNI: done in 12.7289 secs using 399.6% CPU
Optimizing NNI: done in 13.85 secs using 399.4% CPU
Optimizing NNI: done in 13.4243 secs using 399.5% CPU
Iteration 320 / LogL: -126228.557 / Time: 6h:21m:11s (0h:19m:3s left)
Optimizing NNI: done in 12.6231 secs using 399.5% CPU
Optimizing NNI: done in 13.316 secs using 399.4% CPU
Optimizing NNI: done in 13.2257 secs using 399.5% CPU
Optimizing NNI: done in 14.7509 secs using 399.4% CPU
Optimizing NNI: done in 12.6541 secs using 399.5% CPU
Optimizing NNI: done in 13.8914 secs using 399.5% CPU
Optimizing NNI: done in 14.4954 secs using 399.4% CPU
Optimizing NNI: done in 14.8868 secs using 399.3% CPU
Optimizing NNI: done in 12.5788 secs using 399.5% CPU
Optimizing NNI: done in 12.0161 secs using 399.5% CPU
Iteration 330 / LogL: -126248.969 / Time: 6h:23m:27s (0h:16m:38s left)
Optimizing NNI: done in 12.8685 secs using 399.3% CPU
Optimizing NNI: done in 11.8277 secs using 399.4% CPU
Optimizing NNI: done in 13.1729 secs using 399.2% CPU
Optimizing NNI: done in 10.8876 secs using 399.5% CPU
Optimizing NNI: done in 12.8414 secs using 399.4% CPU
Optimizing NNI: done in 13.2247 secs using 399.5% CPU
Optimizing NNI: done in 14.0071 secs using 399.7% CPU
Optimizing NNI: done in 12.9821 secs using 399.5% CPU
Optimizing NNI: done in 13.789 secs using 399.4% CPU
Optimizing NNI: done in 11.5582 secs using 399.5% CPU
Iteration 340 / LogL: -126239.109 / Time: 6h:25m:35s (0h:14m:13s left)
Optimizing NNI: done in 12.5673 secs using 399.4% CPU
Optimizing NNI: done in 12.1435 secs using 399.7% CPU
Optimizing NNI: done in 12.6237 secs using 399.7% CPU
Optimizing NNI: done in 13.8631 secs using 399.6% CPU
Optimizing NNI: done in 14.6147 secs using 399.5% CPU
Optimizing NNI: done in 13.4922 secs using 399.6% CPU
Optimizing NNI: done in 12.4033 secs using 399.6% CPU
Optimizing NNI: done in 12.688 secs using 399.5% CPU
Optimizing NNI: done in 11.2706 secs using 399.7% CPU
Optimizing NNI: done in 14.3484 secs using 399.3% CPU
Iteration 350 / LogL: -126231.574 / Time: 6h:27m:46s (0h:11m:49s left)
Log-likelihood cutoff on original alignment: -126372.372
Optimizing NNI: done in 10.3896 secs using 399.7% CPU
Optimizing NNI: done in 13.5015 secs using 399.6% CPU
Optimizing NNI: done in 11.9204 secs using 399.4% CPU
Optimizing NNI: done in 12.3719 secs using 399.3% CPU
Optimizing NNI: done in 14.3475 secs using 399.6% CPU
Optimizing NNI: done in 12.9642 secs using 399.6% CPU
Optimizing NNI: done in 13.3648 secs using 399.3% CPU
Optimizing NNI: done in 11.2086 secs using 399.4% CPU
Optimizing NNI: done in 12.9612 secs using 399.7% CPU
Optimizing NNI: done in 13.106 secs using 399.3% CPU
Iteration 360 / LogL: -126225.098 / Time: 6h:29m:54s (0h:9m:26s left)
Optimizing NNI: done in 13.4448 secs using 399.4% CPU
Optimizing NNI: done in 11.9229 secs using 399.6% CPU
Optimizing NNI: done in 13.9996 secs using 399.6% CPU
Optimizing NNI: done in 13.0812 secs using 399.4% CPU
Optimizing NNI: done in 12.6378 secs using 399.3% CPU
Optimizing NNI: done in 11.9251 secs using 399.3% CPU
Optimizing NNI: done in 13.7806 secs using 399.2% CPU
Optimizing NNI: done in 15.8374 secs using 399.4% CPU
Optimizing NNI: done in 11.3936 secs using 399.3% CPU
Optimizing NNI: done in 15.233 secs using 399.4% CPU
Iteration 370 / LogL: -126227.972 / Time: 6h:32m:9s (0h:7m:4s left)
Optimizing NNI: done in 13.1453 secs using 399.5% CPU
Optimizing NNI: done in 12.3904 secs using 399.6% CPU
Optimizing NNI: done in 13.168 secs using 399.5% CPU
Optimizing NNI: done in 12.8654 secs using 399.5% CPU
Optimizing NNI: done in 10.7329 secs using 399.7% CPU
Optimizing NNI: done in 11.3082 secs using 399.6% CPU
Optimizing NNI: done in 13.0775 secs using 399.6% CPU
Optimizing NNI: done in 12.4485 secs using 399.4% CPU
Optimizing NNI: done in 12.7365 secs using 399.5% CPU
Optimizing NNI: done in 11.6076 secs using 399.7% CPU
Iteration 380 / LogL: -126265.488 / Time: 6h:34m:13s (0h:4m:41s left)
Optimizing NNI: done in 12.8067 secs using 399.7% CPU
Optimizing NNI: done in 12.6312 secs using 399.6% CPU
Optimizing NNI: done in 12.9203 secs using 399.6% CPU
TREE SEARCH COMPLETED AFTER 383 ITERATIONS / Time: 6h:34m:52s

--------------------------------------------------------------------
|                    FINALIZING TREE SEARCH                        |
--------------------------------------------------------------------
Performs final model parameters optimization
Estimate model parameters (epsilon = 0.010)
1. Initial log-likelihood: -126223.034
2. Current log-likelihood: -126222.999
3. Current log-likelihood: -126222.944
4. Current log-likelihood: -126222.889
5. Current log-likelihood: -126222.839
6. Current log-likelihood: -126222.792
7. Current log-likelihood: -126222.742
8. Current log-likelihood: -126222.689
9. Current log-likelihood: -126222.638
10. Current log-likelihood: -126222.593
11. Current log-likelihood: -126222.546
12. Current log-likelihood: -126222.503
13. Current log-likelihood: -126222.459
14. Current log-likelihood: -126222.419
15. Current log-likelihood: -126222.377
16. Current log-likelihood: -126222.344
17. Current log-likelihood: -126222.323
18. Current log-likelihood: -126222.302
19. Current log-likelihood: -126222.266
20. Current log-likelihood: -126222.243
21. Current log-likelihood: -126222.203
22. Current log-likelihood: -126222.164
23. Current log-likelihood: -126222.143
24. Current log-likelihood: -126222.109
25. Current log-likelihood: -126222.089
26. Current log-likelihood: -126222.055
27. Current log-likelihood: -126222.021
28. Current log-likelihood: -126222.001
29. Current log-likelihood: -126221.968
30. Current log-likelihood: -126221.949
31. Current log-likelihood: -126221.918
32. Current log-likelihood: -126221.900
33. Current log-likelihood: -126221.881
34. Current log-likelihood: -126221.862
35. Current log-likelihood: -126221.843
36. Current log-likelihood: -126221.824
37. Current log-likelihood: -126221.806
38. Current log-likelihood: -126221.787
39. Current log-likelihood: -126221.769
40. Current log-likelihood: -126221.752
41. Current log-likelihood: -126221.734
42. Current log-likelihood: -126221.717
43. Current log-likelihood: -126221.700
44. Current log-likelihood: -126221.683
45. Current log-likelihood: -126221.666
46. Current log-likelihood: -126221.650
47. Current log-likelihood: -126221.634
48. Current log-likelihood: -126221.617
49. Current log-likelihood: -126221.601
50. Current log-likelihood: -126221.586
51. Current log-likelihood: -126221.570
52. Current log-likelihood: -126221.555
53. Current log-likelihood: -126221.540
54. Current log-likelihood: -126221.527
55. Current log-likelihood: -126221.513
56. Current log-likelihood: -126221.499
57. Current log-likelihood: -126221.484
58. Current log-likelihood: -126221.470
59. Current log-likelihood: -126221.456
60. Current log-likelihood: -126221.442
61. Current log-likelihood: -126221.428
62. Current log-likelihood: -126221.413
63. Current log-likelihood: -126221.399
64. Current log-likelihood: -126221.385
65. Current log-likelihood: -126221.371
66. Current log-likelihood: -126221.358
67. Current log-likelihood: -126221.344
68. Current log-likelihood: -126221.333
69. Current log-likelihood: -126221.322
70. Current log-likelihood: -126221.311
71. Current log-likelihood: -126221.301
72. Current log-likelihood: -126221.290
73. Current log-likelihood: -126221.280
Optimal log-likelihood: -126221.268
Proportion of invariable sites: 0.022
Site proportion and rates:  (0.065,0.021) (0.060,0.090) (0.061,0.159) (0.102,0.277) (0.158,0.476) (0.135,0.792) (0.117,1.239) (0.166,1.949) (0.115,2.659)
Parameters optimization took 73 rounds (337.359 sec)
BEST SCORE FOUND : -126221.268

Testing tree branches by SH-like aLRT with 1000 replicates...
3.861 sec.
Creating bootstrap support values...
Split supports printed to NEXUS file HISZ_Mode_23Oct.splits.nex
Total tree length: 135.962

Total number of iterations: 383
CPU time used for tree search: 21225.757 sec (5h:53m:45s)
Wall-clock time used for tree search: 5329.373 sec (1h:28m:49s)
Total CPU time used: 96007.636 sec (26h:40m:7s)
Total wall-clock time used: 24034.590 sec (6h:40m:34s)

Computing bootstrap consensus tree...
Reading input file HISZ_Mode_23Oct.splits.nex...
299 taxa and 1399 splits.
Consensus tree written to HISZ_Mode_23Oct.contree
Reading input trees file HISZ_Mode_23Oct.contree
Log-likelihood of consensus tree: -126221.772

Analysis results written to: 
  IQ-TREE report:                HISZ_Mode_23Oct.iqtree
  Maximum-likelihood tree:       HISZ_Mode_23Oct.treefile
  Likelihood distances:          HISZ_Mode_23Oct.mldist

Ultrafast bootstrap approximation results written to:
  Split support values:          HISZ_Mode_23Oct.splits.nex
  Consensus tree:                HISZ_Mode_23Oct.contree
  Screen log file:               HISZ_Mode_23Oct.log

Date and Time: Thu Oct 23 15:55:08 2025
