Running on n24-64-384-dawn.hpc.hutton.ac.uk
Conda environment: iqtree_env
/mnt/apps/users/rlouden/conda/envs/iqtree_env/bin/iqtree
IQ-TREE version 3.0.1 for Linux x86 64-bit built Jul  9 2025
Developed by Bui Quang Minh, Thomas Wong, Nhan Ly-Trong, Huaiyan Ren
Contributed by Lam-Tung Nguyen, Dominik Schrempf, Chris Bielow,
Olga Chernomor, Michael Woodhams, Diep Thi Hoang, Heiko Schmidt

IQ-TREE version 3.0.1 for Linux x86 64-bit built Jul  9 2025
Developed by Bui Quang Minh, Thomas Wong, Nhan Ly-Trong, Huaiyan Ren
Contributed by Lam-Tung Nguyen, Dominik Schrempf, Chris Bielow,
Olga Chernomor, Michael Woodhams, Diep Thi Hoang, Heiko Schmidt

Host:    n24-64-384-dawn.hpc.hutton.ac.uk (AVX512, FMA3, 377 GB RAM)
Command: iqtree -rf HISG_Mode_13Feb1.treefile HISG_Mode_13Feb.treefile
Seed:    807676 (Using SPRNG - Scalable Parallel Random Number Generator)
Time:    Fri Feb 13 10:38:12 2026
Kernel:  AVX+FMA - 1 threads (4 CPU cores detected)

HINT: Use -nt option to specify number of threads because your CPU has 4 cores!
HINT: -nt AUTO will automatically determine the best number of threads to use.

Reading tree(s) file HISG_Mode_13Feb.treefile ...
1 tree(s) loaded (0 rooted and 1 unrooted)
Reading tree(s) file HISG_Mode_13Feb1.treefile ...
1 tree(s) loaded (0 rooted and 1 unrooted)
Computing Robinson-Foulds distances between two sets of trees
Robinson-Foulds distances printed to HISG_Mode_13Feb.treefile.rfdist
Date and Time: Fri Feb 13 10:38:12 2026
