IQ-TREE version 3.0.1 for Linux x86 64-bit built Jul  9 2025
Developed by Bui Quang Minh, Thomas Wong, Nhan Ly-Trong, Huaiyan Ren
Contributed by Lam-Tung Nguyen, Dominik Schrempf, Chris Bielow,
Olga Chernomor, Michael Woodhams, Diep Thi Hoang, Heiko Schmidt

Host:    n24-64-384-dawn.hpc.hutton.ac.uk (AVX512, FMA3, 377 GB RAM)
Command: iqtree -s HisGSAT1_ClustalO.fa -m MFP -bb 1000 -alrt 1000 -nt 4 -pre HISGSAT_ClustalO1
Seed:    559532 (Using SPRNG - Scalable Parallel Random Number Generator)
Time:    Fri May 22 14:59:37 2026
Kernel:  AVX+FMA - 4 threads (4 CPU cores detected)

Reading alignment file HisGSAT1_ClustalO.fa ... Fasta format detected
Reading fasta file: done in 0.000592978 secs
Alignment most likely contains protein sequences
Constructing alignment: done in 0.000572998 secs
Alignment has 129 sequences with 269 columns, 260 distinct patterns
211 parsimony-informative, 24 singleton sites, 34 constant sites
WARNING: Some sequence names are changed as follows:
Methylophaga_sp, -> Methylophaga_sp_

                                 Gap/Ambiguity  Composition  p-value
Analyzing sequences: done in 5.5701e-05 secs
   1  Pseudaquabacterium_pictum         18.96%    passed     59.00%
   2  Xylophilus_ampelinus              16.36%    passed     92.86%
   3  Aquariibacter_albus               18.59%    passed     81.87%
   4  Comamonas_humi                    19.70%    passed     96.47%
   5  Polaromonas_glacialis             19.33%    passed     92.21%
   6  Ramlibacter_tataouinensis         16.73%    passed     37.63%
   7  Kerstersia_gyiorum                15.61%    passed     78.52%
   8  Jezberella_montanilacus           14.13%    passed     86.39%
   9  Pollutimonas_harenae              16.36%    passed     78.50%
  10  Pusillimonas_noertemannii         15.24%    passed     70.13%
  11  Oxalobacter_vibrioformis          12.27%    passed     32.79%
  12  Paludibacterium_paludis           19.33%    passed     52.32%
  13  Snodgrassella_gandavensis         19.33%    passed     34.03%
  14  Neisseria_elongata                19.70%    passed     97.23%
  15  Paralysiella_testudinis           18.96%    passed     93.31%
  16  Burkholderiales_bacterium         20.45%    passed     14.55%
  17  Xanthobacteraceae_bacterium       19.70%    passed     83.13%
  18  Betaproteobacteria_bacterium      19.33%    passed     51.53%
  19  Campylobacterales_bacterium       38.66%    passed     94.25%
  20  Robbsia_sp._KACC_23696            16.36%    passed     90.10%
  21  Chitinivorax_tropicu              19.33%    passed     48.97%
  22  Hydrogenophilaceae_bacterium      20.45%    passed     99.90%
  23  Parasulfuritortus_cantonensis     19.33%    passed     97.38%
  24  Niveibacterium_terrae             19.33%    passed     99.81%
  25  Denitromonas_iodatirespirans      20.45%    passed     99.70%
  26  Steroidobacteraceae_bacterium     19.70%    passed     99.93%
  27  Sulfurimicrobium_lacus            21.19%    passed     95.05%
  28  Sulfurirhabdus_autotrophica       18.96%    passed     98.75%
  29  Stenotrophobium_rhamnosiphilum    21.93%    passed     79.32%
  30  Polycyclovorans_algicola          22.30%    passed     16.58%
  31  Flagellatimonas_centrodinii       22.30%    passed     20.90%
  32  Litorivivens_sp.                  26.39%    passed     89.95%
  33  Zhongshania_marina                17.84%    passed     97.72%
  34  Spongiibacter_nanhainus           18.59%    passed     89.38%
  35  Spongiibacter_taiwanensis         18.22%    passed     98.69%
  36  Natronospirillum_operosum         18.22%    passed     98.55%
  37  Saccharospirillum_salsuginis      19.33%    passed     99.98%
  38  Balneatrix_alpica                 19.33%    passed     74.19%
  39  Bacterioplanoides_pacificum       20.07%    passed     93.91%
  40  Thalassolituus_maritimus          20.45%    passed     99.81%
  41  Methylomarinum_roseum             22.68%    passed     99.76%
  42  Methylogaea_oryzae                21.56%    passed     96.61%
  43  Methylococcaceae_bacterium        20.45%    passed     75.99%
  44  Spartinivicinus_poritis           20.45%    passed     85.57%
  45  Thalassotalea_sp._G20_0           18.96%    passed     95.97%
  46  Aestuariirhabdus_litorea          18.96%    passed     99.98%
  47  Aestuariirhabdus_haliotis         19.33%    passed     99.78%
  48  Halopseudomonas_maritima          20.82%    passed     99.81%
  49  Pseudomonas_saliphila             20.07%    passed     99.97%
  50  Ventosimonas_gracilis             40.52%    passed     91.04%
  51  Zestomonas_thermotolerans         21.93%    passed     99.85%
  52  Pseudomonas_chlororaphis          32.71%    passed     82.57%
  53  Atopomonas_sediminilitoris        22.68%    passed     99.66%
  54  Pseudomonas_aeruginosa            36.80%    passed     98.64%
  55  Thiopsedomonas_dentrificans       21.93%    passed     98.33%
  56  Zymobacter_palmae                 18.22%    passed     98.39%
  57  Larsenimonas_suaedae              18.22%    passed     98.82%
  58  Phytohalomonas_tamaricis          20.07%    passed     98.16%
  59  Halotalea_alkalilenta             18.59%    passed     99.56%
  60  Halomonadaceae_bacterium          17.47%    passed     87.39%
  61  Marinobacter_salinisoli           20.07%    passed     99.52%
  62  Hydrocarboniclastica_marina       20.45%    passed     94.38%
  63  Gilvimarinus_japonicus            20.82%    passed     70.60%
  64  Simiduia_curdlanivorans           22.30%    passed     78.84%
  65  Simiduia_aestruariiviva           21.93%    passed     90.37%
  66  Porticoccaceae_bacterium          21.56%    passed     86.90%
  67  Teredinibacter_sp._KSP-S5-2       20.82%    passed     99.98%
  68  Teredinibacter_waterburyi         21.56%    passed     98.80%
  69  Moraxella_marmotael               19.33%    passed     99.81%
  70  Moraxella_nasibovis               22.30%    passed     99.23%
  71  Acinetobacter_pavis               14.87%    passed     99.90%
  72  Acinetobacter_beijerinckii        15.24%    passed     75.43%
  73  Acinetobacter_baumannii           15.61%    passed     95.99%
  74  Acinetobacter_gingfengensis       14.87%    passed     94.51%
  75  Acinetobacter_sedimenti           11.52%    passed     79.46%
  76  Leucothrix_sargassi               18.22%    passed     99.06%
  77  Enhydrobacter_aerosaccus          19.70%    passed     99.52%
  78  Psychrobacter_arcticus            14.13%    passed     79.72%
  79  Psychrobacter_arenosus            16.36%    passed     98.01%
  80  Lwoffella_lincolnii               21.19%    passed     85.55%
  81  Alloalcanivorax_venustensis       19.70%    passed     99.52%
  82  Agitococcus_lubricus              19.70%    passed     94.85%
  83  Ketobacter_alkanivorans           21.19%    passed     98.80%
  84  Dongiaceae_bacterium              21.19%    passed     99.54%
  85  Sediminicurvatus_halobius         20.82%    passed     41.26%
  86  Spiribacter_pallidus              19.70%    passed     76.09%
  87  Thiolinea_sp.                     20.45%    passed     96.71%
  88  Thiofilum_flexile                 21.19%    passed     97.91%
  89  Thiohalomonas_denitrificans       21.19%    passed     99.91%
  90  Methylophaga_sp_                  22.30%    passed     99.99%
  91  Truepera_sp.                      24.54%    passed      8.69%
  92  Marinithermus_hydrothermalis      22.30%    failed      0.00%
  93  Deinococcus_taklimakanensis       19.70%    passed      9.52%
  94  Deinococcus_frigens               19.33%    passed     10.26%
  95  Deinococcus_aluminii              18.22%    passed      9.38%
  96  Deinococcus_koreensis             19.70%    passed     14.33%
  97  Ileibacterium_valens              20.07%    passed      5.44%
  98  Allobaculum_mucilyticum           21.56%    passed     55.66%
  99  Hathewaya_proteolytica            22.68%    failed      2.25%
 100  Longicatena_caecimuris            20.07%    failed      0.74%
 101  Lactimicrobium_massiliense        20.82%    passed     58.21%
 102  Faecalibaculum_rodentium          17.47%    passed     42.77%
 103  Faecalicoccus_pleomorphus         20.07%    failed      4.92%
 104  Faecalicoccus_acidformans         18.96%    passed     13.53%
 105  Faecalitalea_cylindroids          20.07%    passed     10.63%
 106  Holdemanellis_Biformis            20.07%    failed      2.48%
 107  Erysipelotrichaceae_bacterium     21.56%    failed      4.40%
 108  Streptococcus_moroccensis         20.07%    passed     46.76%
 109  Enterococcus_rivorum              20.82%    passed     14.05%
 110  Pallidibacillus_thermolactis      20.45%    passed     44.11%
 111  Pallidibacillus_pasinlerensis     20.45%    passed     22.82%
 112  Filobacillus_milosensis           21.19%    passed     26.34%
 113  Cerasibacillus_quisquiliarum      22.30%    passed     22.57%
 114  Virgibacillus_alimentarius        22.68%    passed      8.18%
 115  Ornithinibacillus_gellani         21.93%    passed     20.53%
 116  Mariprofundus_sp._EBB-1           17.10%    passed     42.59%
 117  Koleobacter_methoxysyntrophicus   20.82%    passed      5.36%
 118  Anoxybacteroides_voinovskiense    21.19%    passed     40.76%
 119  Bacillus_methanolicus             20.07%    passed     30.01%
 120  Fictibacillus_fluitans            20.45%    passed     27.37%
 121  Exobacillus_caeni                 18.59%    passed     35.23%
 122  Paenibacillus_lacisoli            21.19%    passed     33.95%
 123  Bryobacteraceae_bacterium         21.19%    passed      6.09%
 124  Nitrospirota_bacterium            17.47%    passed      5.38%
 125  Trichlorobacter_lovleyi           19.70%    passed     81.68%
 126  Malonomonas_rubra                 17.84%    failed      1.44%
 127  Desulfuromusa_kysingii            18.22%    failed      0.86%
 128  Syntrophotalea_acetylenivorans    18.22%    passed     27.05%
 129  Geothermobacter_ehrlichii         18.22%    failed      0.69%
****  TOTAL                             20.15%  9 sequences failed composition chi2 test (p-value<5%; df=19)
Checking for duplicate sequences: done in 0.000288744 secs using 168.7% CPU


Create initial parsimony tree by phylogenetic likelihood library (PLL)... 0.019 seconds
Perform fast likelihood tree search using LG+I+G model...
Estimate model parameters (epsilon = 5.000)
Perform nearest neighbor interchange...
Optimizing NNI: done in 0.499308 secs using 398.8% CPU
Estimate model parameters (epsilon = 1.000)
1. Initial log-likelihood: -24939.903
Optimal log-likelihood: -24939.332
Proportion of invariable sites: 0.048
Gamma shape alpha: 0.691
Parameters optimization took 1 rounds (0.221 sec)
Time for fast ML tree search: 1.087 seconds

NOTE: ModelFinder requires 56 MB RAM!
ModelFinder will test up to 1232 protein models (sample size: 269 epsilon: 0.100) ...
 No. Model         -LnL         df  AIC          AICc         BIC
  1  LG            27272.525    255 55055.049    65098.126    55971.700
  2  LG+I          26928.528    256 54369.056    65334.389    55289.302
  3  LG+G4         24945.983    256 50403.965    61369.299    51324.212
  4  LG+I+G4       24939.329    257 50392.659    62448.295    51316.499
  5  LG+R2         25435.095    257 51384.190    63439.826    52308.031
  6  LG+R3         25079.120    259 50676.240    65640.684    51607.270
  7  LG+R4         24968.732    261 50459.464    69997.178    51397.683
  8  LG+R5         24898.016    263 50322.032    78094.832    51267.442
  9  LG+R6         24890.925    265 50311.850    97305.183    51264.449
 10  LG+R7         24886.454    267 50306.908    193418.908   51266.696
 14  LG+I+R2       25349.834    258 51215.668    64580.068    52143.103
 15  LG+I+R3       25014.703    260 50549.406    67514.406    51484.031
 16  LG+I+R4       24946.122    262 50416.245    73384.912    51358.059
 17  LG+I+R5       24890.666    264 50309.333    85289.333    51258.337
 18  LG+I+R6       24884.034    266 50300.069    121322.069   51256.262
 19  LG+I+R7       24879.833    268 50295.667    194479.667   51259.049
 31  LG+F+R6       24958.357    284 50484.715    212364.715   51505.613
 39  LG+F+I+R5     24965.005    283 50496.011    211240.011   51513.314
 40  LG+F+I+R6     24953.931    285 50477.862    213497.862   51502.355
 41  LG+F+I+R7     24949.783    287 50473.565    215785.565   51505.247
 53  WAG+R6        25052.345    265 50634.690    97628.024    51587.289
 61  WAG+I+R5      25045.650    264 50619.301    85599.301    51568.304
 62  WAG+I+R6      25041.216    266 50614.433    121636.433   51570.626
 75  WAG+F+R6      25090.898    284 50749.796    212629.796   51770.694
 83  WAG+F+I+R5    25086.952    283 50739.905    211483.905   51757.208
 84  WAG+F+I+R6    25081.615    285 50733.230    213753.230   51757.723
 97  JTT+R6        25260.912    265 51051.823    98045.157    52004.422
105  JTT+I+R5      25260.278    264 51048.557    86028.557    51997.560
106  JTT+I+R6      25253.714    266 51039.429    122061.429   51995.622
107  JTT+I+R7      25251.521    268 51039.041    195223.041   52002.424
119  JTT+F+R6      25343.060    284 51254.119    213134.119   52275.017
127  JTT+F+I+R5    25344.969    283 51255.937    211999.937   52273.241
128  JTT+F+I+R6    25336.954    285 51243.909    214263.909   52268.401
129  JTT+F+I+R7    25334.711    287 51243.423    216555.423   52275.105
141  Q.PFAM+R6     24892.612    265 50315.225    97308.558    51267.823
149  Q.PFAM+I+R5   24893.733    264 50315.467    85295.467    51264.471
150  Q.PFAM+I+R6   24886.771    266 50305.542    121327.542   51261.735
151  Q.PFAM+I+R7   24884.944    268 50305.888    194489.888   51269.271
163  Q.PFAM+F+R6   24988.930    284 50545.860    212425.860   51566.758
171  Q.PFAM+F+I+R5 24998.711    283 50563.423    211307.423   51580.726
172  Q.PFAM+F+I+R6 24986.113    285 50542.226    213562.226   51566.718
173  Q.PFAM+F+I+R7 24981.629    287 50537.258    215849.258   51568.940
185  Q.BIRD+R6     25954.130    265 52438.261    99431.594    53390.859
193  Q.BIRD+I+R5   25965.432    264 52458.864    87438.864    53407.868
194  Q.BIRD+I+R6   25950.231    266 52432.462    123454.462   53388.655
195  Q.BIRD+I+R7   25948.154    268 52432.308    196616.308   53395.690
207  Q.BIRD+F+R6   26075.363    284 52718.726    214598.726   53739.624
215  Q.BIRD+F+I+R5 26087.733    283 52741.466    213485.466   53758.769
216  Q.BIRD+F+I+R6 26072.007    285 52714.014    215734.014   53738.507
217  Q.BIRD+F+I+R7 26063.430    287 52700.859    218012.859   53732.542
229  Q.MAMMAL+R6   25714.597    265 51959.193    98952.527    52911.792
237  Q.MAMMAL+I+R5 25720.730    264 51969.460    86949.460    52918.464
238  Q.MAMMAL+I+R6 25713.822    266 51959.644    122981.644   52915.837
239  Q.MAMMAL+I+R7 25707.220    268 51950.440    196134.440   52913.822
251  Q.MAMMAL+F+R6 25826.790    284 52221.581    214101.581   53242.479
259  Q.MAMMAL+F+I+R5 25837.966    283 52241.933    212985.933   53259.236
260  Q.MAMMAL+F+I+R6 25823.568    285 52217.135    215237.135   53241.628
261  Q.MAMMAL+F+I+R7 25818.821    287 52211.641    217523.641   53243.324
273  Q.INSECT+R6   25096.439    265 50722.879    97716.212    51675.477
281  Q.INSECT+I+R5 25099.002    264 50726.003    85706.003    51675.007
282  Q.INSECT+I+R6 25090.988    266 50713.975    121735.975   51670.169
283  Q.INSECT+I+R7 25087.598    268 50711.196    194895.196   51674.579
295  Q.INSECT+F+R6 25145.751    284 50859.502    212739.502   51880.401
303  Q.INSECT+F+I+R5 25151.679    283 50869.357    211613.357   51886.661
304  Q.INSECT+F+I+R6 25141.059    285 50852.117    213872.117   51876.610
305  Q.INSECT+F+I+R7 25138.744    287 50851.488    216163.488   51883.171
317  Q.PLANT+R6    25331.336    265 51192.672    98186.005    52145.271
325  Q.PLANT+I+R5  25333.144    264 51194.288    86174.288    52143.291
326  Q.PLANT+I+R6  25325.618    266 51183.236    122205.236   52139.430
327  Q.PLANT+I+R7  25322.826    268 51181.652    195365.652   52145.035
339  Q.PLANT+F+R6  25387.139    284 51342.278    213222.278   52363.176
347  Q.PLANT+F+I+R5 25394.715    283 51355.430    212099.430   52372.733
348  Q.PLANT+F+I+R6 25382.071    285 51334.142    214354.142   52358.634
349  Q.PLANT+F+I+R7 25379.569    287 51333.137    216645.137   52364.819
361  Q.YEAST+R6    25075.472    265 50680.944    97674.277    51633.542
369  Q.YEAST+I+R5  25079.164    264 50686.329    85666.329    51635.333
370  Q.YEAST+I+R6  25070.636    266 50673.273    121695.273   51629.466
371  Q.YEAST+I+R7  25066.044    268 50668.088    194852.088   51631.471
383  Q.YEAST+F+R6  25036.930    284 50641.860    212521.860   51662.758
391  Q.YEAST+F+I+R5 25044.395    283 50654.789    211398.789   51672.093
392  Q.YEAST+F+I+R6 25033.002    285 50636.004    213656.004   51660.497
393  Q.YEAST+F+I+R7 25030.951    287 50635.902    215947.902   51667.584
405  JTTDCMUT+R6   25256.818    265 51043.636    98036.969    51996.235
413  JTTDCMUT+I+R5 25255.961    264 51039.922    86019.922    51988.926
414  JTTDCMUT+I+R6 25249.762    266 51031.523    122053.523   51987.716
415  JTTDCMUT+I+R7 25246.083    268 51028.166    195212.166   51991.549
427  JTTDCMUT+F+R6 25337.698    284 51243.396    213123.396   52264.294
435  JTTDCMUT+F+I+R5 25339.445    283 51244.889    211988.889   52262.193
436  JTTDCMUT+F+I+R6 25331.724    285 51233.449    214253.449   52257.941
437  JTTDCMUT+F+I+R7 25329.502    287 51233.004    216545.004   52264.686
449  DCMUT+R6      25400.296    265 51330.591    98323.924    52283.190
457  DCMUT+I+R5    25399.636    264 51327.272    86307.272    52276.276
458  DCMUT+I+R6    25391.100    266 51314.201    122336.201   52270.394
459  DCMUT+I+R7    25386.040    268 51308.080    195492.080   52271.463
471  DCMUT+F+R6    25415.216    284 51398.432    213278.432   52419.330
479  DCMUT+F+I+R5  25415.741    283 51397.483    212141.483   52414.786
480  DCMUT+F+I+R6  25407.832    285 51385.664    214405.664   52410.157
481  DCMUT+F+I+R7  25405.282    287 51384.564    216696.564   52416.246
493  VT+R6         25130.555    265 50791.110    97784.443    51743.708
501  VT+I+R5       25131.494    264 50790.988    85770.988    51739.992
502  VT+I+R6       25126.252    266 50784.505    121806.505   51740.698
515  VT+F+R6       25192.000    284 50951.999    212831.999   51972.897
523  VT+F+I+R5     25192.742    283 50951.483    211695.483   51968.787
524  VT+F+I+R6     25188.611    285 50947.222    213967.222   51971.715
537  PMB+R6        25342.182    265 51214.365    98207.698    52166.963
545  PMB+I+R5      25343.849    264 51215.697    86195.697    52164.701
546  PMB+I+R6      25339.203    266 51210.406    122232.406   52166.599
559  PMB+F+R6      25353.803    284 51275.607    213155.607   52296.505
567  PMB+F+I+R5    25355.458    283 51276.916    212020.916   52294.219
568  PMB+F+I+R6    25351.280    285 51272.561    214292.561   52297.054
581  BLOSUM62+R6   25288.472    265 51106.945    98100.278    52059.543
589  BLOSUM62+I+R5 25289.188    264 51106.375    86086.375    52055.379
590  BLOSUM62+I+R6 25284.802    266 51101.603    122123.603   52057.797
603  BLOSUM62+F+R6 25319.930    284 51207.861    213087.861   52228.759
611  BLOSUM62+F+I+R5 25320.734    283 51207.467    211951.467   52224.771
612  BLOSUM62+F+I+R6 25316.499    285 51202.998    214222.998   52227.490
625  DAYHOFF+R6    25397.209    265 51324.418    98317.752    52277.017
633  DAYHOFF+I+R5  25399.540    264 51327.079    86307.079    52276.083
634  DAYHOFF+I+R6  25393.017    266 51318.035    122340.035   52274.228
635  DAYHOFF+I+R7  25384.133    268 51304.267    195488.267   52267.650
647  DAYHOFF+F+R6  25414.740    284 51397.480    213277.480   52418.378
655  DAYHOFF+F+I+R5 25416.172    283 51398.344    212142.344   52415.647
656  DAYHOFF+F+I+R6 25411.184    285 51392.369    214412.369   52416.861
669  MTREV+R6      26819.353    265 54168.707    101162.040   55121.305
677  MTREV+I+R5    26847.135    264 54222.270    89202.270    55171.273
678  MTREV+I+R6    26817.950    266 54167.900    125189.900   55124.093
679  MTREV+I+R7    26814.177    268 54164.354    198348.354   55127.736
691  MTREV+F+R6    25726.098    284 52020.197    213900.197   53041.095
699  MTREV+F+I+R5  25743.039    283 52052.078    212796.078   53069.381
700  MTREV+F+I+R6  25723.644    285 52017.287    215037.287   53041.780
701  MTREV+F+I+R7  25719.766    287 52013.532    217325.532   53045.214
713  MTART+R6      27261.825    265 55053.651    102046.984   56006.249
721  MTART+I+R5    27304.362    264 55136.724    90116.724    56085.728
722  MTART+I+R6    27261.719    266 55055.438    126077.438   56011.631
723  MTART+I+R7    27247.110    268 55030.220    199214.220   55993.602
735  MTART+F+R6    26125.729    284 52819.458    214699.458   53840.356
743  MTART+F+I+R5  26160.281    283 52886.562    213630.562   53903.866
744  MTART+F+I+R6  26121.877    285 52813.753    215833.753   53838.246
745  MTART+F+I+R7  26108.073    287 52790.146    218102.146   53821.828
757  MTZOA+R6      26445.956    265 53421.912    100415.246   54374.511
765  MTZOA+I+R5    26476.867    264 53481.734    88461.734    54430.737
766  MTZOA+I+R6    26444.140    266 53420.279    124442.279   54376.472
767  MTZOA+I+R7    26433.631    268 53403.261    197587.261   54366.644
779  MTZOA+F+R6    25690.561    284 51949.122    213829.122   52970.020
787  MTZOA+F+I+R5  25713.713    283 51993.427    212737.427   53010.730
788  MTZOA+F+I+R6  25687.156    285 51944.311    214964.311   52968.804
789  MTZOA+F+I+R7  25673.771    287 51921.541    217233.541   52953.223
801  MTMET+R6      26981.668    265 54493.337    101486.670   55445.935
809  MTMET+I+R5    27014.606    264 54557.212    89537.212    55506.216
810  MTMET+I+R6    26978.899    266 54489.799    125511.799   55445.992
811  MTMET+I+R7    26968.350    268 54472.701    198656.701   55436.083
823  MTMET+F+R6    25822.693    284 52213.385    214093.385   53234.284
831  MTMET+F+I+R5  25850.751    283 52267.501    213011.501   53284.805
832  MTMET+F+I+R6  25818.635    285 52207.270    215227.270   53231.763
833  MTMET+F+I+R7  25806.751    287 52187.502    217499.502   53219.184
845  MTVER+R6      27209.098    265 54948.195    101941.528   55900.794
853  MTVER+I+R5    27247.598    264 55023.196    90003.196    55972.200
854  MTVER+I+R6    27207.732    266 54947.465    125969.465   55903.658
855  MTVER+I+R7    27191.493    268 54918.985    199102.985   55882.368
867  MTVER+F+R6    26266.547    284 53101.094    214981.094   54121.992
875  MTVER+F+I+R5  26289.640    283 53145.281    213889.281   54162.584
876  MTVER+F+I+R6  26262.710    285 53095.420    216115.420   54119.913
877  MTVER+F+I+R7  26244.065    287 53062.130    218374.130   54093.812
889  MTINV+R6      27036.862    265 54603.724    101597.058   55556.323
897  MTINV+I+R5    27060.264    264 54648.529    89628.529    55597.533
898  MTINV+I+R6    27032.827    266 54597.653    125619.653   55553.847
899  MTINV+I+R7    27029.339    268 54594.678    198778.678   55558.060
911  MTINV+F+R6    25545.189    284 51658.378    213538.378   52679.276
919  MTINV+F+I+R5  25563.783    283 51693.566    212437.566   52710.869
920  MTINV+F+I+R6  25538.858    285 51647.716    214667.716   52672.209
921  MTINV+F+I+R7  25533.923    287 51641.845    216953.845   52673.527
933  MTMAM+R6      27621.226    265 55772.452    102765.785   56725.050
941  MTMAM+I+R5    27681.268    264 55890.536    90870.536    56839.540
942  MTMAM+I+R6    27618.113    266 55768.226    126790.226   56724.419
943  MTMAM+I+R7    27598.071    268 55732.142    199916.142   56695.525
955  MTMAM+F+R6    26582.577    284 53733.153    215613.153   54754.051
963  MTMAM+F+I+R5  26632.461    283 53830.922    214574.922   54848.225
964  MTMAM+F+I+R6  26578.472    285 53726.944    216746.944   54751.436
965  MTMAM+F+I+R7  26552.918    287 53679.835    218991.835   54711.517
977  FLAVI+R6      26702.719    265 53935.438    100928.772   54888.037
985  FLAVI+I+R5    26737.184    264 54002.368    88982.368    54951.372
986  FLAVI+I+R6    26697.995    266 53927.991    124949.991   54884.184
987  FLAVI+I+R7    26685.608    268 53907.216    198091.216   54870.599
999  FLAVI+F+R6    26680.894    284 53929.789    215809.789   54950.687
1007  FLAVI+F+I+R5  26715.495    283 53996.990    214740.990   55014.293
1008  FLAVI+F+I+R6  26676.270    285 53922.541    216942.541   54947.033
1009  FLAVI+F+I+R7  26663.857    287 53901.713    219213.713   54933.395
1021  HIVB+R6       25994.747    265 52519.494    99512.828    53472.093
1029  HIVB+I+R5     26001.483    264 52530.965    87510.965    53479.969
1030  HIVB+I+R6     25988.021    266 52508.042    123530.042   53464.235
1031  HIVB+I+R7     25978.477    268 52492.954    196676.954   53456.337
1043  HIVB+F+R6     26047.907    284 52663.814    214543.814   53684.712
1051  HIVB+F+I+R5   26060.511    283 52687.022    213431.022   53704.326
1052  HIVB+F+I+R6   26043.018    285 52656.036    215676.036   53680.529
1053  HIVB+F+I+R7   26033.468    287 52640.937    217952.937   53672.619
1065  HIVW+R6       27167.880    265 54865.759    101859.092   55818.358
1073  HIVW+I+R5     27183.020    264 54894.040    89874.040    55843.044
1074  HIVW+I+R6     27168.616    266 54869.231    125891.231   55825.424
1075  HIVW+I+R7     27155.097    268 54846.194    199030.194   55809.577
1087  HIVW+F+R6     26882.161    284 54332.322    216212.322   55353.220
1095  HIVW+F+I+R5   26898.045    283 54362.089    215106.089   55379.393
1096  HIVW+F+I+R6   26875.258    285 54320.515    217340.515   55345.008
1097  HIVW+F+I+R7   26870.481    287 54314.962    219626.962   55346.645
1109  FLU+R6        25900.910    265 52331.820    99325.154    53284.419
1117  FLU+I+R5      25904.629    264 52337.258    87317.258    53286.262
1118  FLU+I+R6      25895.959    266 52323.919    123345.919   53280.112
1119  FLU+I+R7      25880.180    268 52296.360    196480.360   53259.743
1131  FLU+F+R6      25823.577    284 52215.155    214095.155   53236.053
1139  FLU+F+I+R5    25844.864    283 52255.729    212999.729   53273.032
1140  FLU+F+I+R6    25819.442    285 52208.885    215228.885   53233.377
1141  FLU+F+I+R7    25808.351    287 52190.702    217502.702   53222.384
1153  RTREV+R6      25198.946    265 50927.893    97921.226    51880.492
1161  RTREV+I+R5    25203.278    264 50934.556    85914.556    51883.559
1162  RTREV+I+R6    25191.079    266 50914.159    121936.159   51870.352
1163  RTREV+I+R7    25187.911    268 50911.822    195095.822   51875.205
1175  RTREV+F+R6    25110.857    284 50789.713    212669.713   51810.611
1183  RTREV+F+I+R5  25119.176    283 50804.352    211548.352   51821.655
1184  RTREV+F+I+R6  25104.513    285 50779.026    213799.026   51803.519
1185  RTREV+F+I+R7  25101.944    287 50777.887    216089.887   51809.569
1197  CPREV+R6      25298.857    265 51127.713    98121.046    52080.312
1205  CPREV+I+R5    25284.649    264 51097.298    86077.298    52046.301
1206  CPREV+I+R6    25278.894    266 51089.788    122111.788   52045.981
1207  CPREV+I+R7    25272.923    268 51081.845    195265.845   52045.228
1219  CPREV+F+R6    25305.879    284 51179.759    213059.759   52200.657
1227  CPREV+F+I+R5  25295.865    283 51157.729    211901.729   52175.033
1228  CPREV+F+I+R6  25288.900    285 51147.800    214167.800   52172.292
1229  CPREV+F+I+R7  25283.466    287 51140.933    216452.933   52172.615
Akaike Information Criterion:           LG+I+R7
Corrected Akaike Information Criterion: LG+G4
Bayesian Information Criterion:         LG+I+R6
Best-fit model: LG+I+R6 chosen according to BIC

All model information printed to HISGSAT_ClustalO1.model.gz
CPU time for ModelFinder: 3003.946 seconds (0h:50m:3s)
Wall-clock time for ModelFinder: 752.112 seconds (0h:12m:32s)
Generating 1000 samples for ultrafast bootstrap (seed: 559532)...

NOTE: 34 MB RAM (0 GB) is required!
Estimate model parameters (epsilon = 0.100)
1. Initial log-likelihood: -24896.571
2. Current log-likelihood: -24883.630
Optimal log-likelihood: -24883.516
Proportion of invariable sites: 0.060
Site proportion and rates:  (0.174,0.075) (0.242,0.271) (0.176,0.707) (0.087,1.083) (0.176,1.986) (0.085,4.168)
Parameters optimization took 2 rounds (1.315 sec)
Wrote distance file to... 
Computing ML distances based on estimated model parameters...
Calculating distance matrix: done in 0.82626 secs using 400.2% CPU
Computing ML distances took 0.826349 sec (of wall-clock time) 3.306813 sec (of CPU time)
Setting up auxiliary I and S matrices: done in 0.00243007 secs using 122% CPU
Constructing RapidNJ tree: done in 0.0348762 secs using 115.2% CPU
Computing RapidNJ tree took 0.037372 sec (of wall-clock time) 0.043263 sec (of CPU time)
Log-likelihood of RapidNJ tree: -25094.661
--------------------------------------------------------------------
|             INITIALIZING CANDIDATE TREE SET                      |
--------------------------------------------------------------------
Generating 98 parsimony trees... 1.784 second
Computing log-likelihood of 98 initial trees ... 5.708 seconds
Current best score: -24883.516

Do NNI search on 20 best initial trees
Optimizing NNI: done in 0.328305 secs using 399.7% CPU
Estimate model parameters (epsilon = 0.100)
BETTER TREE FOUND at iteration 1: -24882.997
Optimizing NNI: done in 0.829606 secs using 398% CPU
Optimizing NNI: done in 0.687966 secs using 398.8% CPU
Optimizing NNI: done in 0.796963 secs using 396.6% CPU
Optimizing NNI: done in 0.667127 secs using 395% CPU
Optimizing NNI: done in 0.831139 secs using 397.9% CPU
Optimizing NNI: done in 0.756087 secs using 396.8% CPU
Optimizing NNI: done in 0.758109 secs using 397.6% CPU
Optimizing NNI: done in 0.780047 secs using 400% CPU
Optimizing NNI: done in 0.696229 secs using 398.2% CPU
Iteration 10 / LogL: -24932.502 / Time: 0h:12m:50s
Optimizing NNI: done in 0.702186 secs using 396.8% CPU
Optimizing NNI: done in 0.745775 secs using 397.6% CPU
Optimizing NNI: done in 0.722453 secs using 396.8% CPU
Optimizing NNI: done in 0.75348 secs using 396.7% CPU
Optimizing NNI: done in 0.768297 secs using 397.8% CPU
Optimizing NNI: done in 0.764662 secs using 397.6% CPU
Optimizing NNI: done in 0.819831 secs using 398.6% CPU
Optimizing NNI: done in 0.757572 secs using 398.3% CPU
Optimizing NNI: done in 0.68212 secs using 398.5% CPU
Optimizing NNI: done in 0.73305 secs using 395.7% CPU
Iteration 20 / LogL: -24927.089 / Time: 0h:12m:57s
Finish initializing candidate tree set (20)
Current best tree score: -24882.997 / CPU time: 22.949
Number of iterations: 20
--------------------------------------------------------------------
|               OPTIMIZING CANDIDATE TREE SET                      |
--------------------------------------------------------------------
Optimizing NNI: done in 1.15736 secs using 397.9% CPU
Estimate model parameters (epsilon = 0.100)
BETTER TREE FOUND at iteration 21: -24851.756
Optimizing NNI: done in 0.975734 secs using 398% CPU
Optimizing NNI: done in 1.34225 secs using 398% CPU
Optimizing NNI: done in 1.36636 secs using 398% CPU
Optimizing NNI: done in 1.3057 secs using 398.4% CPU
Optimizing NNI: done in 1.24766 secs using 397.8% CPU
Optimizing NNI: done in 1.00143 secs using 398.4% CPU
Optimizing NNI: done in 1.10205 secs using 398.7% CPU
Optimizing NNI: done in 1.00496 secs using 396.9% CPU
Optimizing NNI: done in 1.14818 secs using 398.5% CPU
Iteration 30 / LogL: -24869.761 / Time: 0h:13m:13s (0h:2m:11s left)
Optimizing NNI: done in 1.34385 secs using 397% CPU
Optimizing NNI: done in 1.10106 secs using 397.2% CPU
Optimizing NNI: done in 1.27511 secs using 398.3% CPU
Optimizing NNI: done in 1.21861 secs using 399% CPU
Optimizing NNI: done in 1.03855 secs using 398.1% CPU
Optimizing NNI: done in 1.01442 secs using 398.1% CPU
Optimizing NNI: done in 1.19668 secs using 399.1% CPU
Optimizing NNI: done in 1.20311 secs using 397.9% CPU
Optimizing NNI: done in 1.22629 secs using 399.4% CPU
Optimizing NNI: done in 1.23109 secs using 398.6% CPU
Iteration 40 / LogL: -24851.984 / Time: 0h:13m:25s (0h:1m:51s left)
Optimizing NNI: done in 1.35001 secs using 398.1% CPU
Optimizing NNI: done in 1.06102 secs using 397.8% CPU
Estimate model parameters (epsilon = 0.100)
BETTER TREE FOUND at iteration 42: -24851.226
Optimizing NNI: done in 0.952377 secs using 399.4% CPU
Optimizing NNI: done in 1.01614 secs using 398.8% CPU
Optimizing NNI: done in 1.10914 secs using 397.2% CPU
Estimate model parameters (epsilon = 0.100)
BETTER TREE FOUND at iteration 45: -24849.872
Optimizing NNI: done in 1.09257 secs using 398.4% CPU
Optimizing NNI: done in 1.17486 secs using 399.3% CPU
Optimizing NNI: done in 1.01093 secs using 396.3% CPU
Optimizing NNI: done in 0.927119 secs using 397.7% CPU
Optimizing NNI: done in 1.29771 secs using 398% CPU
Iteration 50 / LogL: -24853.949 / Time: 0h:13m:39s (0h:2m:10s left)
Log-likelihood cutoff on original alignment: -24899.661
Optimizing NNI: done in 1.20207 secs using 399.1% CPU
Optimizing NNI: done in 1.12187 secs using 397.7% CPU
Optimizing NNI: done in 1.17211 secs using 397.9% CPU
Optimizing NNI: done in 1.10235 secs using 397.2% CPU
Estimate model parameters (epsilon = 0.100)
BETTER TREE FOUND at iteration 54: -24849.558
Optimizing NNI: done in 0.999162 secs using 397% CPU
Optimizing NNI: done in 1.12168 secs using 398.5% CPU
Optimizing NNI: done in 1.08039 secs using 398.4% CPU
Optimizing NNI: done in 1.26644 secs using 398.8% CPU
Optimizing NNI: done in 1.22293 secs using 397.9% CPU
Optimizing NNI: done in 1.09616 secs using 397.4% CPU
Iteration 60 / LogL: -24849.882 / Time: 0h:13m:52s (0h:2m:8s left)
Optimizing NNI: done in 1.34343 secs using 399.2% CPU
Optimizing NNI: done in 0.812818 secs using 397.2% CPU
Optimizing NNI: done in 1.09657 secs using 397.6% CPU
Optimizing NNI: done in 1.31932 secs using 397.7% CPU
Optimizing NNI: done in 1.22861 secs using 395.6% CPU
Optimizing NNI: done in 0.974112 secs using 398.1% CPU
Optimizing NNI: done in 1.09148 secs using 398.7% CPU
Optimizing NNI: done in 1.00429 secs using 398.3% CPU
Optimizing NNI: done in 1.04086 secs using 399.4% CPU
Optimizing NNI: done in 1.41003 secs using 397.6% CPU
Iteration 70 / LogL: -24852.735 / Time: 0h:14m:4s (0h:1m:52s left)
Optimizing NNI: done in 1.05983 secs using 398.5% CPU
Optimizing NNI: done in 1.09871 secs using 398.1% CPU
Optimizing NNI: done in 1.17159 secs using 397.3% CPU
Optimizing NNI: done in 1.21611 secs using 398.3% CPU
Optimizing NNI: done in 1.09816 secs using 396.8% CPU
Optimizing NNI: done in 1.05823 secs using 400.1% CPU
Optimizing NNI: done in 1.15523 secs using 396.4% CPU
Optimizing NNI: done in 1.08061 secs using 395.7% CPU
Optimizing NNI: done in 0.996722 secs using 397.8% CPU
Optimizing NNI: done in 1.08534 secs using 396.7% CPU
Iteration 80 / LogL: -24863.938 / Time: 0h:14m:15s (0h:1m:36s left)
Optimizing NNI: done in 1.17523 secs using 398.8% CPU
Optimizing NNI: done in 1.24041 secs using 397.6% CPU
Optimizing NNI: done in 1.24256 secs using 398.4% CPU
Optimizing NNI: done in 0.914178 secs using 397.5% CPU
Optimizing NNI: done in 1.1854 secs using 400% CPU
Optimizing NNI: done in 1.0152 secs using 396.3% CPU
Optimizing NNI: done in 1.01117 secs using 399.4% CPU
Optimizing NNI: done in 0.997796 secs using 399% CPU
Optimizing NNI: done in 1.12038 secs using 397.7% CPU
Optimizing NNI: done in 1.46753 secs using 398.7% CPU
Iteration 90 / LogL: -24851.063 / Time: 0h:14m:26s (0h:1m:22s left)
Optimizing NNI: done in 1.03043 secs using 398.9% CPU
Optimizing NNI: done in 1.0037 secs using 397.7% CPU
Optimizing NNI: done in 1.02807 secs using 399.5% CPU
Optimizing NNI: done in 0.941941 secs using 397.2% CPU
Optimizing NNI: done in 1.34358 secs using 398.3% CPU
Optimizing NNI: done in 1.00657 secs using 398.4% CPU
Optimizing NNI: done in 1.19914 secs using 398.9% CPU
Optimizing NNI: done in 1.05157 secs using 397.8% CPU
Optimizing NNI: done in 0.852969 secs using 397.3% CPU
Optimizing NNI: done in 1.18112 secs using 396.6% CPU
Iteration 100 / LogL: -24850.617 / Time: 0h:14m:37s (0h:1m:8s left)
Log-likelihood cutoff on original alignment: -24899.661
NOTE: Bootstrap correlation coefficient of split occurrence frequencies: 0.996
Optimizing NNI: done in 1.2611 secs using 397.8% CPU
Optimizing NNI: done in 1.11848 secs using 398.2% CPU
Optimizing NNI: done in 1.13513 secs using 397.7% CPU
Optimizing NNI: done in 1.08865 secs using 397.6% CPU
Optimizing NNI: done in 1.06532 secs using 399.6% CPU
Optimizing NNI: done in 1.18673 secs using 396.3% CPU
Optimizing NNI: done in 1.14242 secs using 399.7% CPU
Optimizing NNI: done in 1.10352 secs using 397.2% CPU
Optimizing NNI: done in 1.03287 secs using 397% CPU
Optimizing NNI: done in 1.13465 secs using 397.9% CPU
Iteration 110 / LogL: -24851.602 / Time: 0h:14m:49s (0h:1m:53s left)
Optimizing NNI: done in 1.10419 secs using 397.4% CPU
Optimizing NNI: done in 1.15453 secs using 399.3% CPU
Optimizing NNI: done in 1.23819 secs using 398.5% CPU
Optimizing NNI: done in 1.16128 secs using 397.6% CPU
Optimizing NNI: done in 1.06804 secs using 398.1% CPU
Optimizing NNI: done in 1.12122 secs using 397.2% CPU
Optimizing NNI: done in 0.917835 secs using 398.5% CPU
Optimizing NNI: done in 1.02507 secs using 398.1% CPU
Optimizing NNI: done in 1.16064 secs using 397.4% CPU
Optimizing NNI: done in 1.02627 secs using 399.3% CPU
Iteration 120 / LogL: -24849.704 / Time: 0h:15m:0s (0h:1m:39s left)
Optimizing NNI: done in 1.21622 secs using 397.6% CPU
Optimizing NNI: done in 1.09849 secs using 399.3% CPU
Optimizing NNI: done in 1.18478 secs using 397.4% CPU
Optimizing NNI: done in 0.9299 secs using 397.6% CPU
Optimizing NNI: done in 1.23934 secs using 397.9% CPU
Optimizing NNI: done in 1.10199 secs using 397.6% CPU
Optimizing NNI: done in 1.05785 secs using 396.4% CPU
Optimizing NNI: done in 1.05971 secs using 398.5% CPU
Optimizing NNI: done in 1.40564 secs using 397.9% CPU
Optimizing NNI: done in 1.10703 secs using 398.4% CPU
Iteration 130 / LogL: -24850.653 / Time: 0h:15m:11s (0h:1m:26s left)
Optimizing NNI: done in 1.3233 secs using 398% CPU
Optimizing NNI: done in 1.1733 secs using 397.9% CPU
Optimizing NNI: done in 1.17269 secs using 398.1% CPU
Optimizing NNI: done in 0.880607 secs using 396.6% CPU
Optimizing NNI: done in 1.44686 secs using 397.2% CPU
Optimizing NNI: done in 1.07113 secs using 397.2% CPU
Optimizing NNI: done in 1.16955 secs using 398.5% CPU
Optimizing NNI: done in 0.858739 secs using 400.4% CPU
Optimizing NNI: done in 0.911226 secs using 398.5% CPU
Optimizing NNI: done in 1.20346 secs using 397.5% CPU
Iteration 140 / LogL: -24860.517 / Time: 0h:15m:23s (0h:1m:13s left)
Optimizing NNI: done in 1.23438 secs using 399.1% CPU
Optimizing NNI: done in 0.933624 secs using 396.9% CPU
Optimizing NNI: done in 1.08704 secs using 398.4% CPU
Optimizing NNI: done in 0.992905 secs using 397.3% CPU
Optimizing NNI: done in 1.11827 secs using 399% CPU
Optimizing NNI: done in 1.0064 secs using 398% CPU
Optimizing NNI: done in 1.02831 secs using 397.6% CPU
Optimizing NNI: done in 1.30975 secs using 397.1% CPU
Optimizing NNI: done in 0.972418 secs using 398.6% CPU
Optimizing NNI: done in 0.974001 secs using 398.1% CPU
Iteration 150 / LogL: -24850.874 / Time: 0h:15m:34s (0h:1m:1s left)
Log-likelihood cutoff on original alignment: -24899.661
Optimizing NNI: done in 1.27181 secs using 397.8% CPU
Optimizing NNI: done in 1.16069 secs using 396% CPU
Optimizing NNI: done in 0.948896 secs using 398.8% CPU
Optimizing NNI: done in 1.41593 secs using 397.7% CPU
Optimizing NNI: done in 1.14352 secs using 399% CPU
TREE SEARCH COMPLETED AFTER 155 ITERATIONS / Time: 0h:15m:40s

--------------------------------------------------------------------
|                    FINALIZING TREE SEARCH                        |
--------------------------------------------------------------------
Performs final model parameters optimization
Estimate model parameters (epsilon = 0.010)
1. Initial log-likelihood: -24849.558
2. Current log-likelihood: -24849.518
3. Current log-likelihood: -24849.458
4. Current log-likelihood: -24849.407
5. Current log-likelihood: -24849.359
6. Current log-likelihood: -24849.313
7. Current log-likelihood: -24849.270
8. Current log-likelihood: -24849.229
9. Current log-likelihood: -24849.191
10. Current log-likelihood: -24849.154
11. Current log-likelihood: -24849.120
12. Current log-likelihood: -24849.086
13. Current log-likelihood: -24849.056
14. Current log-likelihood: -24849.026
15. Current log-likelihood: -24848.998
16. Current log-likelihood: -24848.982
17. Current log-likelihood: -24848.965
18. Current log-likelihood: -24848.939
19. Current log-likelihood: -24848.924
20. Current log-likelihood: -24848.900
21. Current log-likelihood: -24848.888
22. Current log-likelihood: -24848.874
23. Current log-likelihood: -24848.862
24. Current log-likelihood: -24848.850
25. Current log-likelihood: -24848.838
26. Current log-likelihood: -24848.828
27. Current log-likelihood: -24848.817
28. Current log-likelihood: -24848.807
Optimal log-likelihood: -24848.792
Proportion of invariable sites: 0.057
Site proportion and rates:  (0.165,0.063) (0.256,0.256) (0.203,0.720) (0.095,1.287) (0.153,2.180) (0.070,4.600)
Parameters optimization took 28 rounds (16.184 sec)
BEST SCORE FOUND : -24848.792

Testing tree branches by SH-like aLRT with 1000 replicates...
0.384 sec.
Creating bootstrap support values...
Split supports printed to NEXUS file HISGSAT_ClustalO1.splits.nex
Total tree length: 50.737

Total number of iterations: 155
CPU time used for tree search: 731.387 sec (0h:12m:11s)
Wall-clock time used for tree search: 185.622 sec (0h:3m:5s)
Total CPU time used: 3812.332 sec (1h:3m:32s)
Total wall-clock time used: 957.165 sec (0h:15m:57s)

Computing bootstrap consensus tree...
Reading input file HISGSAT_ClustalO1.splits.nex...
129 taxa and 546 splits.
Consensus tree written to HISGSAT_ClustalO1.contree
Reading input trees file HISGSAT_ClustalO1.contree
Log-likelihood of consensus tree: -24849.835

Analysis results written to: 
  IQ-TREE report:                HISGSAT_ClustalO1.iqtree
  Maximum-likelihood tree:       HISGSAT_ClustalO1.treefile
  Likelihood distances:          HISGSAT_ClustalO1.mldist

Ultrafast bootstrap approximation results written to:
  Split support values:          HISGSAT_ClustalO1.splits.nex
  Consensus tree:                HISGSAT_ClustalO1.contree
  Screen log file:               HISGSAT_ClustalO1.log

Date and Time: Fri May 22 15:15:35 2026
