Running on n24-64-384-faith.hpc.hutton.ac.uk
Conda environment: iqtree_env
/mnt/apps/users/rlouden/conda/envs/iqtree_env/bin/iqtree
IQ-TREE version 3.0.1 for Linux x86 64-bit built Jul  9 2025
Developed by Bui Quang Minh, Thomas Wong, Nhan Ly-Trong, Huaiyan Ren
Contributed by Lam-Tung Nguyen, Dominik Schrempf, Chris Bielow,
Olga Chernomor, Michael Woodhams, Diep Thi Hoang, Heiko Schmidt

IQ-TREE version 3.0.1 for Linux x86 64-bit built Jul  9 2025
Developed by Bui Quang Minh, Thomas Wong, Nhan Ly-Trong, Huaiyan Ren
Contributed by Lam-Tung Nguyen, Dominik Schrempf, Chris Bielow,
Olga Chernomor, Michael Woodhams, Diep Thi Hoang, Heiko Schmidt

Host:    n24-64-384-faith.hpc.hutton.ac.uk (AVX512, FMA3, 377 GB RAM)
Command: iqtree -s HisGSAT_ClustalW.aln -m MFP -bb 1000 -alrt 1000 -nt 4 -pre HISGSAT_ClustalW
Seed:    588388 (Using SPRNG - Scalable Parallel Random Number Generator)
Time:    Tue May 19 15:36:01 2026
Kernel:  AVX+FMA - 4 threads (4 CPU cores detected)

Reading alignment file HisGSAT_ClustalW.aln ... Clustal format detected
Alignment most likely contains protein sequences
Constructing alignment: done in 0.000628718 secs using 99.57% CPU
Alignment has 131 sequences with 266 columns, 258 distinct patterns
213 parsimony-informative, 21 singleton sites, 32 constant sites
                                Gap/Ambiguity  Composition  p-value
Analyzing sequences: done in 3.0341e-05 secs using 3642% CPU
   1  Natronospirillum_operosum        17.29%    passed     98.67%
   2  Saccharospirillum_salsuginis     18.42%    passed     99.98%
   3  Bacterioplanoides_pacificum      19.17%    passed     94.39%
   4  Thalassolituus_maritimus         19.55%    passed     99.82%
   5  Balneatrix_alpica                18.42%    passed     75.28%
   6  Spongiibacter_nanhainus          17.67%    passed     89.53%
   7  Spongiibacter_taiwanensis        17.29%    passed     98.70%
   8  Zhongshania_marina               16.92%    passed     97.90%
   9  Litorivivens_sp.                 25.56%    passed     90.14%
  10  Dasania_marina                   19.55%    passed     70.80%
  11  Simiduia_curdlanivorans          21.43%    passed     79.40%
  12  Simiduia_aestruariiviva          21.05%    passed     90.81%
  13  Gilvimarinus_japonicus           19.92%    passed     71.48%
  14  Teredinibacter_sp._KSP-S5-2      19.92%    passed     99.98%
  15  Teredinibacter_waterburyi        20.68%    passed     98.72%
  16  Porticoccaceae_bacterium         20.68%    passed     86.93%
  17  Phytohalomonas_tamaricis         19.17%    passed     98.17%
  18  Halotalea_alkalilenta            17.67%    passed     99.57%
  19  Larsenimonas_suaedae             17.29%    passed     98.80%
  20  Zymobacter_palmae                17.29%    passed     98.50%
  21  Halomonadaceae_bacterium         16.54%    passed     87.64%
  22  Hydrocarboniclastica_marina      19.55%    passed     94.43%
  23  Marinobacter_salinisoli          19.17%    passed     99.53%
  24  Ketobacter_alkanivorans          20.30%    passed     98.74%
  25  Dongiaceae_bacterium             20.30%    passed     99.50%
  26  Agitococcus_lubricus             18.80%    passed     94.82%
  27  Alloalcanivorax_venustensis      18.80%    passed     99.55%
  28  Pseudomonas_aeruginosa           36.09%    passed     98.65%
  29  Pseudomonas_chlororaphis         31.95%    passed     82.90%
  30  Atopomonas_sediminilitoris       21.80%    passed     99.66%
  31  Zestomonas_thermotolerans        21.05%    passed     99.85%
  32  Thiopsedomonas_dentrificans      21.05%    passed     98.37%
  33  Halopseudomonas_maritima         19.92%    passed     99.80%
  34  Pseudomonas_saliphila            19.17%    passed     99.97%
  35  Aestuariirhabdus_litorea         18.05%    passed     99.98%
  36  Aestuariirhabdus_haliotis        18.42%    passed     99.79%
  37  Thalassotalea_sp._G20_0          18.05%    passed     95.88%
  38  Spartinivicinus_poritis          19.55%    passed     85.83%
  39  Acinetobacter_beijerinckii       14.29%    passed     75.29%
  40  Acinetobacter_baumannii          14.66%    passed     95.97%
  41  Acinetobacter_pavis              13.91%    passed     99.90%
  42  Acinetobacter_gingfengensis      13.91%    passed     94.35%
  43  Acinetobacter_sedimenti          10.53%    passed     79.39%
  44  Psychrobacter_arenosus           15.41%    passed     97.90%
  45  Psychrobacter_arcticus           13.16%    passed     79.26%
  46  Lwoffella_lincolnii              20.30%    passed     85.62%
  47  Leucothrix_sargassi              17.29%    passed     99.02%
  48  Enhydrobacter_aerosaccus         18.80%    passed     99.48%
  49  Moraxella_marmotael              18.42%    passed     99.80%
  50  Moraxella_nasibovis              21.43%    passed     99.21%
  51  Ventosimonas_gracilis            39.85%    passed     90.84%
  52  Sediminicurvatus_halobius        19.92%    passed     42.15%
  53  Spiribacter_pallidus             18.80%    passed     76.87%
  54  Thiolinea_sp.                    19.55%    passed     96.80%
  55  Thiofilum_flexile                20.30%    passed     98.07%
  56  Thiohalomonas_denitrificans      20.30%    passed     99.91%
  57  Methylophaga_sp_                 21.43%    passed     99.99%
  58  Methylogaea_oryzae               20.68%    passed     96.71%
  59  Methylococcaceae_bacterium       19.55%    passed     76.18%
  60  Methylomarinum_roseum            21.80%    passed     99.77%
  61  Polaromonas_glacialis            18.42%    passed     92.36%
  62  Ramlibacter_tataouinensis        15.79%    passed     37.60%
  63  Comamonas_humi                   18.80%    passed     96.78%
  64  Pseudaquabacterium_pictum        18.05%    passed     59.77%
  65  Aquariibacter_albus              17.67%    passed     82.64%
  66  Xylophilus_ampelinus             15.41%    passed     92.81%
  67  Robbsia_sp._KACC_23696           15.41%    passed     90.39%
  68  Oxalobacter_vibrioformis         11.28%    passed     33.26%
  69  Pollutimonas_harenae             15.41%    passed     78.55%
  70  Pusillimonas_noertemannii        14.29%    passed     70.74%
  71  Jezberella_montanilacus          13.16%    passed     86.35%
  72  Kerstersia_gyiorum               14.66%    passed     79.21%
  73  Denitromonas_iodatirespirans     19.55%    passed     99.71%
  74  Niveibacterium_terrae            18.42%    passed     99.83%
  75  Steroidobacteraceae_bacterium    18.80%    passed     99.93%
  76  Sulfurimicrobium_lacus           20.30%    passed     95.53%
  77  Sulfurirhabdus_autotrophica      18.05%    passed     98.89%
  78  Hydrogenophilaceae_bacterium     19.55%    passed     99.91%
  79  Parasulfuritortus_cantonensis    18.42%    passed     97.49%
  80  Xanthobacteraceae_bacterium      18.80%    passed     84.31%
  81  Xanthobacteraceae_bacterium2     18.80%    passed     84.31%
  82  Betaproteobacteria_bacterium     18.42%    passed     53.06%
  83  Burkholderiales_bacterium        19.55%    passed     15.32%
  84  Campylobacterales_bacterium      37.97%    passed     94.65%
  85  Chitinivorax_tropicu             18.42%    passed     50.75%
  86  Neisseria_elongata               18.80%    passed     97.41%
  87  Paralysiella_testudinis          18.05%    passed     93.82%
  88  Snodgrassella_gandavensis        18.42%    passed     35.44%
  89  Paludibacterium_paludis          18.42%    passed     53.84%
  90  Polycyclovorans_algicola         21.43%    passed     16.78%
  91  Flagellatimonas_centrodinii      21.43%    passed     21.01%
  92  Stenotrophobium_rhamnosiphilum   21.05%    passed     78.99%
  93  Mariprofundus_sp._EBB-1          16.17%    passed     41.54%
  94  Deinococcus_frigens              18.42%    passed     10.15%
  95  Deinococcus_koreensis            18.80%    passed     14.19%
  96  Deinococcus_aluminii             17.29%    passed      9.46%
  97  Deinococcus_taklimakanensis      18.80%    passed      9.57%
  98  Marinithermus_hydrothermalis     21.43%    failed      0.00%
  99  Truepera_sp.                     23.68%    passed      8.40%
 100  Holdemanellis_Biformis           19.17%    failed      2.39%
 101  Faecalitalea_cylindroids         19.17%    passed     10.36%
 102  Erysipelotrichaceae_bacterium    20.68%    failed      4.25%
 103  Faecalicoccus_pleomorphus        19.17%    failed      4.82%
 104  Faecalicoccus_acidformans        18.05%    passed     13.16%
 105  Lactimicrobium_massiliense       19.92%    passed     57.02%
 106  Hathewaya_proteolytica           21.80%    failed      2.20%
 107  Longicatena_caecimuris           19.17%    failed      0.72%
 108  Faecalibaculum_rodentium         16.54%    passed     41.85%
 109  Ileibacterium_valens             19.17%    passed      5.14%
 110  Allobaculum_mucilyticum          20.68%    passed     54.18%
 111  Streptococcus_moroccensis        19.17%    passed     46.41%
 112  Enterococcus_rivorum             19.92%    passed     13.68%
 113  Virgibacillus_alimentarius       21.80%    passed      8.14%
 114  Ornithinibacillus_gellani        21.05%    passed     20.62%
 115  Cerasibacillus_quisquiliarum     21.43%    passed     22.31%
 116  Filobacillus_milosensis          20.30%    passed     25.60%
 117  Pallidibacillus_thermolactis     19.55%    passed     43.77%
 118  Pallidibacillus_pasinlerensis    19.55%    passed     22.52%
 119  Paenibacillus_lacisoli           20.30%    passed     33.41%
 120  Bryobacteraceae_bacterium        20.30%    passed      5.82%
 121  Fictibacillus_fluitans           19.55%    passed     26.12%
 122  Bacillus_methanolicus            19.17%    passed     28.70%
 123  Exobacillus_caeni                17.67%    passed     33.69%
 124  Anoxybacteroides_voinovskiense   20.30%    passed     39.42%
 125  Koleobacter_methoxysyntrophicu   19.92%    passed      5.14%
 126  Malonomonas_rubra                16.92%    failed      1.22%
 127  Desulfuromusa_kysingii           17.29%    failed      0.72%
 128  Syntrophotalea_acetylenivorans   17.29%    passed     25.40%
 129  Geothermobacter_ehrlichii        17.29%    failed      0.58%
 130  Trichlorobacter_lovleyi          18.80%    passed     80.25%
 131  Nitrospirota_bacterium           16.54%    passed      5.23%
****  TOTAL                            19.24%  9 sequences failed composition chi2 test (p-value<5%; df=19)
NOTE: Xanthobacteraceae_bacterium2 is identical to Xanthobacteraceae_bacterium but kept for subsequent analysis
Checking for duplicate sequences: done in 0.000296843 secs using 369.2% CPU


Create initial parsimony tree by phylogenetic likelihood library (PLL)... 0.019 seconds
Perform fast likelihood tree search using LG+I+G model...
Estimate model parameters (epsilon = 5.000)
Perform nearest neighbor interchange...
Optimizing NNI: done in 0.591162 secs using 397.7% CPU
Estimate model parameters (epsilon = 1.000)
1. Initial log-likelihood: -25207.224
Optimal log-likelihood: -25207.154
Proportion of invariable sites: 0.050
Gamma shape alpha: 0.692
Parameters optimization took 1 rounds (0.124 sec)
Time for fast ML tree search: 1.088 seconds

NOTE: ModelFinder requires 57 MB RAM!
ModelFinder will test up to 1232 protein models (sample size: 266 epsilon: 0.100) ...
 No. Model         -LnL         df  AIC          AICc         BIC
  1  LG            27596.667    259 55711.334    78158.001    56639.460
  2  LG+I          27246.086    260 55012.172    82156.172    55943.882
  3  LG+G4         25214.902    260 50949.804    78093.804    51881.513
  4  LG+I+G4       25207.153    261 50936.305    85127.305    51871.598
  5  LG+R2         25711.244    261 51944.488    86135.488    52879.781
  6  LG+R3         25348.681    263 51223.362    120655.362   52165.822
  7  LG+R4         25239.379    265 51008.758    191988.758   51958.384
  8  LG+R5         25167.169    267 50868.339    193980.339   51825.132
  9  LG+R6         25154.640    269 50847.280    196107.280   51811.241
 10  LG+R7         25152.361    271 50846.722    198270.722   51817.849
 14  LG+I+R2       25631.621    262 51787.243    97724.576    52726.119
 15  LG+I+R3       25281.649    264 51091.298    191011.298   52037.341
 16  LG+I+R4       25239.445    266 51010.890    193054.890   51964.100
 17  LG+I+R5       25158.256    268 50852.511    195036.511   51812.888
 18  LG+I+R6       25146.142    270 50832.283    197172.283   51799.827
 19  LG+I+R7       25144.131    272 50832.261    199344.261   51806.972
 40  LG+F+I+R6     25216.090    289 51010.180    218630.180   52045.810
 41  LG+F+I+R7     25212.553    291 51007.107    220951.107   52049.904
 62  WAG+I+R6      25295.379    270 51130.757    197470.757   52098.301
 63  WAG+I+R7      25295.367    272 51134.734    199646.734   52109.445
 84  WAG+F+I+R6    25340.525    289 51259.050    218879.050   52294.680
 85  WAG+F+I+R7    25340.467    291 51262.933    221206.933   52305.731
106  JTT+I+R6      25517.562    270 51575.125    197915.125   52542.669
107  JTT+I+R7      25516.800    272 51577.600    200089.600   52552.311
128  JTT+F+I+R6    25605.699    289 51789.397    219409.397   52825.028
129  JTT+F+I+R7    25605.299    291 51792.598    221736.598   52835.395
150  Q.PFAM+I+R6   25147.651    270 50835.301    197175.301   51802.845
151  Q.PFAM+I+R7   25146.141    272 50836.282    199348.282   51810.993
172  Q.PFAM+F+I+R6 25247.203    289 51072.406    218692.406   52108.037
173  Q.PFAM+F+I+R7 25243.973    291 51069.947    221013.947   52112.744
194  Q.BIRD+I+R6   26215.773    270 52971.546    199311.546   53939.090
195  Q.BIRD+I+R7   26214.465    272 52972.930    201484.930   53947.641
216  Q.BIRD+F+I+R6 26337.467    289 53252.934    220872.934   54288.565
217  Q.BIRD+F+I+R7 26333.772    291 53249.544    223193.544   54292.342
238  Q.MAMMAL+I+R6 25976.094    270 52492.188    198832.188   53459.732
239  Q.MAMMAL+I+R7 25974.276    272 52492.552    201004.552   53467.263
260  Q.MAMMAL+F+I+R6 26089.977    289 52757.953    220377.953   53793.584
261  Q.MAMMAL+F+I+R7 26088.157    291 52758.315    222702.315   53801.112
282  Q.INSECT+I+R6 25356.900    270 51253.801    197593.801   52221.345
283  Q.INSECT+I+R7 25356.925    272 51257.850    199769.850   52232.561
304  Q.INSECT+F+I+R6 25402.983    289 51383.965    219003.965   52419.596
305  Q.INSECT+F+I+R7 25402.874    291 51387.748    221331.748   52430.545
326  Q.PLANT+I+R6  25591.035    270 51722.071    198062.071   52689.615
327  Q.PLANT+I+R7  25589.573    272 51723.147    200235.147   52697.858
348  Q.PLANT+F+I+R6 25646.835    289 51871.670    219491.670   52907.301
349  Q.PLANT+F+I+R7 25645.624    291 51873.249    221817.249   52916.046
370  Q.YEAST+I+R6  25336.707    270 51213.415    197553.415   52180.959
371  Q.YEAST+I+R7  25334.427    272 51212.853    199724.853   52187.564
392  Q.YEAST+F+I+R6 25293.590    289 51165.180    218785.180   52200.810
393  Q.YEAST+F+I+R7 25291.082    291 51164.164    221108.164   52206.961
414  JTTDCMUT+I+R6 25514.243    270 51568.485    197908.485   52536.029
415  JTTDCMUT+I+R7 25511.661    272 51567.322    200079.322   52542.033
436  JTTDCMUT+F+I+R6 25601.632    289 51781.264    219401.264   52816.894
437  JTTDCMUT+F+I+R7 25599.833    291 51781.666    221725.666   52824.464
458  DCMUT+I+R6    25645.121    270 51830.242    198170.242   52797.786
459  DCMUT+I+R7    25642.290    272 51828.580    200340.580   52803.291
480  DCMUT+F+I+R6  25670.796    289 51919.592    219539.592   52955.222
481  DCMUT+F+I+R7  25668.327    291 51918.654    221862.654   52961.451
502  VT+I+R6       25384.846    270 51309.692    197649.692   52277.236
503  VT+I+R7       25382.903    272 51309.806    199821.806   52284.517
524  VT+F+I+R6     25447.247    289 51472.493    219092.493   52508.124
525  VT+F+I+R7     25445.466    291 51472.933    221416.933   52515.730
546  PMB+I+R6      25600.608    270 51741.216    198081.216   52708.760
547  PMB+I+R7      25599.539    272 51743.077    200255.077   52717.788
568  PMB+F+I+R6    25613.809    289 51805.619    219425.619   52841.249
569  PMB+F+I+R7    25612.571    291 51807.141    221751.141   52849.939
590  BLOSUM62+I+R6 25545.140    270 51630.280    197970.280   52597.824
591  BLOSUM62+I+R7 25543.918    272 51631.837    200143.837   52606.548
612  BLOSUM62+F+I+R6 25576.658    289 51731.315    219351.315   52766.946
613  BLOSUM62+F+I+R7 25575.209    291 51732.417    221676.417   52775.215
634  DAYHOFF+I+R6  25644.368    270 51828.735    198168.735   52796.279
635  DAYHOFF+I+R7  25641.757    272 51827.515    200339.515   52802.226
656  DAYHOFF+F+I+R6 25670.688    289 51919.376    219539.376   52955.006
657  DAYHOFF+F+I+R7 25668.638    291 51919.275    221863.275   52962.073
678  MTREV+I+R6    27104.523    270 54749.045    201089.045   55716.589
679  MTREV+I+R7    27102.482    272 54748.964    203260.964   55723.675
700  MTREV+F+I+R6  26002.745    289 52583.490    220203.490   53619.120
701  MTREV+F+I+R7  25993.991    291 52569.983    222513.983   53612.780
722  MTART+I+R6    27543.883    270 55627.766    201967.766   56595.310
723  MTART+I+R7    27536.899    272 55617.797    204129.797   56592.508
744  MTART+F+I+R6  26403.821    289 53385.643    221005.643   54421.273
745  MTART+F+I+R7  26394.253    291 53370.506    223314.506   54413.303
766  MTZOA+I+R6    26720.244    270 53980.489    200320.489   54948.033
767  MTZOA+I+R7    26712.924    272 53969.848    202481.848   54944.559
788  MTZOA+F+I+R6  25968.197    289 52514.394    220134.394   53550.024
789  MTZOA+F+I+R7  25958.145    291 52498.289    222442.289   53541.087
810  MTMET+I+R6    27268.357    270 55076.714    201416.714   56044.258
811  MTMET+I+R7    27259.554    272 55063.107    203575.107   56037.818
832  MTMET+F+I+R6  26101.492    289 52780.985    220400.985   53816.615
833  MTMET+F+I+R7  26089.489    291 52760.977    222704.977   53803.775
854  MTVER+I+R6    27507.654    270 55555.308    201895.308   56522.852
855  MTVER+I+R7    27497.054    272 55538.108    204050.108   56512.819
876  MTVER+F+I+R6  26556.472    289 53690.943    221310.943   54726.574
877  MTVER+F+I+R7  26539.497    291 53660.994    223604.994   54703.792
898  MTINV+I+R6    27314.066    270 55168.131    201508.131   56135.675
899  MTINV+I+R7    27306.734    272 55157.469    203669.469   56132.180
920  MTINV+F+I+R6  25810.698    289 52199.395    219819.395   53235.026
921  MTINV+F+I+R7  25804.847    291 52191.694    222135.694   53234.492
942  MTMAM+I+R6    27938.172    270 56416.344    202756.344   57383.888
943  MTMAM+I+R7    27924.560    272 56393.120    204905.120   57367.831
964  MTMAM+F+I+R6  26888.546    289 54355.093    221975.093   55390.723
965  MTMAM+F+I+R7  26871.411    291 54324.823    224268.823   55367.620
986  FLAVI+I+R6    26996.558    270 54533.115    200873.115   55500.659
987  FLAVI+I+R7    26985.690    272 54515.381    203027.381   55490.092
1008  FLAVI+F+I+R6  26980.343    289 54538.685    222158.685   55574.316
1009  FLAVI+F+I+R7  26968.270    291 54518.541    224462.541   55561.338
1030  HIVB+I+R6     26256.145    270 53052.289    199392.289   54019.833
1031  HIVB+I+R7     26247.385    272 53038.770    201550.770   54013.481
1052  HIVB+F+I+R6   26319.063    289 53216.125    220836.125   54251.755
1053  HIVB+F+I+R7   26310.247    291 53202.494    223146.494   54245.291
1074  HIVW+I+R6     27457.864    270 55455.727    201795.727   56423.271
1075  HIVW+I+R7     27442.849    272 55429.698    203941.698   56404.409
1096  HIVW+F+I+R6   27169.013    289 54916.026    222536.026   55951.656
1097  HIVW+F+I+R7   27163.476    291 54908.952    224852.952   55951.750
1118  FLU+I+R6      26154.476    270 52848.951    199188.951   53816.495
1119  FLU+I+R7      26147.133    272 52838.265    201350.265   53812.976
1140  FLU+F+I+R6    26089.157    289 52756.315    220376.315   53791.945
1141  FLU+F+I+R7    26079.730    291 52741.460    222685.460   53784.257
1162  RTREV+I+R6    25455.119    270 51450.238    197790.238   52417.782
1163  RTREV+I+R7    25453.080    272 51450.161    199962.161   52424.872
1184  RTREV+F+I+R6  25368.844    289 51315.689    218935.689   52351.319
1185  RTREV+F+I+R7  25367.401    291 51316.802    221260.802   52359.600
1206  CPREV+I+R6    25543.933    270 51627.865    197967.865   52595.409
1207  CPREV+I+R7    25538.447    272 51620.894    200132.894   52595.605
1228  CPREV+F+I+R6  25555.806    289 51689.612    219309.612   52725.243
1229  CPREV+F+I+R7  25550.570    291 51683.139    221627.139   52725.937
Akaike Information Criterion:           LG+I+R7
Corrected Akaike Information Criterion: LG+G4
Bayesian Information Criterion:         LG+I+R6
Best-fit model: LG+I+R6 chosen according to BIC

All model information printed to HISGSAT_ClustalW.model.gz
CPU time for ModelFinder: 1854.421 seconds (0h:30m:54s)
Wall-clock time for ModelFinder: 464.231 seconds (0h:7m:44s)
Generating 1000 samples for ultrafast bootstrap (seed: 588388)...

NOTE: 35 MB RAM (0 GB) is required!
Estimate model parameters (epsilon = 0.100)
1. Initial log-likelihood: -25163.163
2. Current log-likelihood: -25146.010
3. Current log-likelihood: -25145.555
Optimal log-likelihood: -25145.509
Proportion of invariable sites: 0.060
Site proportion and rates:  (0.179,0.072) (0.228,0.269) (0.203,0.733) (0.111,1.302) (0.155,2.238) (0.063,4.488)
Parameters optimization took 3 rounds (1.830 sec)
Wrote distance file to... 
Computing ML distances based on estimated model parameters...
Calculating distance matrix: done in 0.851897 secs using 400.2% CPU
Computing ML distances took 0.852000 sec (of wall-clock time) 3.409814 sec (of CPU time)
Setting up auxiliary I and S matrices: done in 0.000462816 secs using 207.9% CPU
Constructing RapidNJ tree: done in 0.0372619 secs using 100.5% CPU
Computing RapidNJ tree took 0.037774 sec (of wall-clock time) 0.038429 sec (of CPU time)
Log-likelihood of RapidNJ tree: -25315.920
--------------------------------------------------------------------
|             INITIALIZING CANDIDATE TREE SET                      |
--------------------------------------------------------------------
Generating 98 parsimony trees... 1.827 second
Computing log-likelihood of 98 initial trees ... 5.810 seconds
Current best score: -25145.509

Do NNI search on 20 best initial trees
Optimizing NNI: done in 0.264136 secs using 393.7% CPU
Estimate model parameters (epsilon = 0.100)
BETTER TREE FOUND at iteration 1: -25145.484
Optimizing NNI: done in 0.763642 secs using 399.6% CPU
Optimizing NNI: done in 0.834365 secs using 398.6% CPU
Optimizing NNI: done in 0.901842 secs using 397.2% CPU
Optimizing NNI: done in 0.747093 secs using 397.7% CPU
Optimizing NNI: done in 0.900581 secs using 397.1% CPU
Optimizing NNI: done in 0.950925 secs using 398.6% CPU
Optimizing NNI: done in 0.902649 secs using 400% CPU
Optimizing NNI: done in 0.734979 secs using 398.8% CPU
Optimizing NNI: done in 0.794403 secs using 398.1% CPU
Iteration 10 / LogL: -25201.944 / Time: 0h:8m:3s
Optimizing NNI: done in 0.782803 secs using 398.9% CPU
Optimizing NNI: done in 1.00986 secs using 397.4% CPU
Optimizing NNI: done in 0.729914 secs using 399.2% CPU
Optimizing NNI: done in 0.878509 secs using 398.7% CPU
Optimizing NNI: done in 0.741082 secs using 398.5% CPU
Optimizing NNI: done in 0.799156 secs using 398.8% CPU
Optimizing NNI: done in 0.948358 secs using 397.3% CPU
Optimizing NNI: done in 0.709846 secs using 397.5% CPU
Optimizing NNI: done in 0.7434 secs using 398.6% CPU
Optimizing NNI: done in 1.02656 secs using 398.8% CPU
Iteration 20 / LogL: -25157.620 / Time: 0h:8m:12s
Finish initializing candidate tree set (19)
Current best tree score: -25145.484 / CPU time: 24.684
Number of iterations: 20
--------------------------------------------------------------------
|               OPTIMIZING CANDIDATE TREE SET                      |
--------------------------------------------------------------------
Optimizing NNI: done in 1.09871 secs using 398.5% CPU
Estimate model parameters (epsilon = 0.100)
BETTER TREE FOUND at iteration 21: -25130.925
Optimizing NNI: done in 1.19024 secs using 397.7% CPU
Optimizing NNI: done in 1.03669 secs using 396.3% CPU
Optimizing NNI: done in 0.986212 secs using 398.1% CPU
Estimate model parameters (epsilon = 0.100)
BETTER TREE FOUND at iteration 24: -25125.005
Optimizing NNI: done in 1.13941 secs using 397.3% CPU
Optimizing NNI: done in 1.16841 secs using 395.4% CPU
Optimizing NNI: done in 1.13906 secs using 397.1% CPU
Optimizing NNI: done in 1.13193 secs using 397.5% CPU
Optimizing NNI: done in 0.971329 secs using 398.5% CPU
Optimizing NNI: done in 1.20439 secs using 397.6% CPU
Iteration 30 / LogL: -25125.536 / Time: 0h:8m:25s (0h:2m:12s left)
Optimizing NNI: done in 1.20404 secs using 398.6% CPU
Optimizing NNI: done in 1.16634 secs using 398% CPU
Optimizing NNI: done in 1.29442 secs using 397.9% CPU
Optimizing NNI: done in 1.26398 secs using 397.7% CPU
Optimizing NNI: done in 1.09076 secs using 398.5% CPU
Optimizing NNI: done in 1.02088 secs using 397.4% CPU
Optimizing NNI: done in 1.13887 secs using 396.8% CPU
Optimizing NNI: done in 1.12429 secs using 398.8% CPU
Estimate model parameters (epsilon = 0.100)
BETTER TREE FOUND at iteration 38: -25124.910
Optimizing NNI: done in 0.988112 secs using 398.7% CPU
Optimizing NNI: done in 1.17366 secs using 397.9% CPU
Iteration 40 / LogL: -25125.729 / Time: 0h:8m:37s (0h:2m:13s left)
Optimizing NNI: done in 1.09066 secs using 397.4% CPU
Optimizing NNI: done in 1.13959 secs using 396.2% CPU
Optimizing NNI: done in 1.20758 secs using 398.8% CPU
Optimizing NNI: done in 1.11394 secs using 396.2% CPU
Optimizing NNI: done in 1.21176 secs using 395.7% CPU
Optimizing NNI: done in 1.21525 secs using 396.9% CPU
Optimizing NNI: done in 1.08234 secs using 396.7% CPU
Optimizing NNI: done in 1.15441 secs using 396.6% CPU
Optimizing NNI: done in 1.2915 secs using 398.2% CPU
Optimizing NNI: done in 1.2182 secs using 399.4% CPU
Iteration 50 / LogL: -25125.500 / Time: 0h:8m:49s (0h:1m:56s left)
Log-likelihood cutoff on original alignment: -25181.608
Optimizing NNI: done in 1.21464 secs using 399% CPU
Optimizing NNI: done in 1.1192 secs using 398.8% CPU
Optimizing NNI: done in 1.13245 secs using 398.1% CPU
Optimizing NNI: done in 1.08954 secs using 396.6% CPU
Optimizing NNI: done in 1.08794 secs using 398.5% CPU
Optimizing NNI: done in 1.09276 secs using 395.7% CPU
Optimizing NNI: done in 1.06508 secs using 398.5% CPU
Optimizing NNI: done in 1.31711 secs using 398.8% CPU
Optimizing NNI: done in 1.06262 secs using 398.4% CPU
Optimizing NNI: done in 1.16865 secs using 397.8% CPU
Iteration 60 / LogL: -25127.266 / Time: 0h:9m:1s (0h:1m:41s left)
Optimizing NNI: done in 1.12545 secs using 398.5% CPU
Optimizing NNI: done in 1.05807 secs using 399.8% CPU
Optimizing NNI: done in 1.13763 secs using 397.4% CPU
Optimizing NNI: done in 1.04642 secs using 397.4% CPU
Optimizing NNI: done in 1.00841 secs using 396.3% CPU
Optimizing NNI: done in 1.1727 secs using 398.4% CPU
Optimizing NNI: done in 1.05768 secs using 399.5% CPU
Optimizing NNI: done in 1.03968 secs using 396.6% CPU
Optimizing NNI: done in 1.04535 secs using 398.5% CPU
Optimizing NNI: done in 1.08916 secs using 398.9% CPU
Iteration 70 / LogL: -25124.999 / Time: 0h:9m:12s (0h:1m:26s left)
Optimizing NNI: done in 0.922122 secs using 398.9% CPU
Optimizing NNI: done in 1.15645 secs using 397.4% CPU
Optimizing NNI: done in 1.09044 secs using 395.3% CPU
Optimizing NNI: done in 1.06842 secs using 399.5% CPU
Optimizing NNI: done in 1.23924 secs using 399.2% CPU
Optimizing NNI: done in 1.30478 secs using 398.3% CPU
Optimizing NNI: done in 1.17747 secs using 398.9% CPU
Optimizing NNI: done in 1.16147 secs using 399.6% CPU
Optimizing NNI: done in 1.02922 secs using 398.5% CPU
Optimizing NNI: done in 1.22829 secs using 398.6% CPU
Iteration 80 / LogL: -25127.874 / Time: 0h:9m:23s (0h:1m:12s left)
Optimizing NNI: done in 1.20863 secs using 400.2% CPU
Optimizing NNI: done in 1.14867 secs using 397% CPU
Optimizing NNI: done in 1.42734 secs using 397.3% CPU
Optimizing NNI: done in 1.32637 secs using 398.2% CPU
Optimizing NNI: done in 0.947385 secs using 397.6% CPU
Optimizing NNI: done in 1.14948 secs using 399.6% CPU
Optimizing NNI: done in 0.920623 secs using 398% CPU
Optimizing NNI: done in 1.17632 secs using 398.9% CPU
Optimizing NNI: done in 1.10009 secs using 398.9% CPU
Optimizing NNI: done in 1.12897 secs using 398.3% CPU
Iteration 90 / LogL: -25128.140 / Time: 0h:9m:35s (0h:0m:59s left)
Optimizing NNI: done in 1.13188 secs using 397.5% CPU
Optimizing NNI: done in 1.26378 secs using 397.2% CPU
Optimizing NNI: done in 0.996514 secs using 396.2% CPU
Optimizing NNI: done in 1.15036 secs using 398.7% CPU
Optimizing NNI: done in 1.09828 secs using 398.6% CPU
Optimizing NNI: done in 1.08159 secs using 399.2% CPU
Optimizing NNI: done in 1.06308 secs using 399.9% CPU
Optimizing NNI: done in 1.12162 secs using 397.8% CPU
Optimizing NNI: done in 1.27368 secs using 398% CPU
Optimizing NNI: done in 1.20156 secs using 398.9% CPU
Iteration 100 / LogL: -25125.013 / Time: 0h:9m:46s (0h:0m:47s left)
Log-likelihood cutoff on original alignment: -25181.608
NOTE: Bootstrap correlation coefficient of split occurrence frequencies: 0.999
Optimizing NNI: done in 1.16693 secs using 398.5% CPU
Optimizing NNI: done in 1.2069 secs using 397.9% CPU
Optimizing NNI: done in 1.16696 secs using 397.8% CPU
Optimizing NNI: done in 1.09538 secs using 398% CPU
Optimizing NNI: done in 1.14328 secs using 398.4% CPU
Optimizing NNI: done in 1.25737 secs using 397.1% CPU
Optimizing NNI: done in 1.06735 secs using 397.5% CPU
Optimizing NNI: done in 1.1378 secs using 398.8% CPU
Optimizing NNI: done in 1.34469 secs using 399.2% CPU
Optimizing NNI: done in 1.24344 secs using 397.9% CPU
Iteration 110 / LogL: -25144.879 / Time: 0h:9m:59s (0h:1m:51s left)
Optimizing NNI: done in 1.15841 secs using 398.6% CPU
Optimizing NNI: done in 1.01241 secs using 398.3% CPU
Optimizing NNI: done in 1.0266 secs using 397.3% CPU
Optimizing NNI: done in 1.10106 secs using 399% CPU
Optimizing NNI: done in 1.13061 secs using 397.9% CPU
Optimizing NNI: done in 1.27068 secs using 398.7% CPU
Optimizing NNI: done in 1.11634 secs using 398.5% CPU
Optimizing NNI: done in 1.11101 secs using 397% CPU
Optimizing NNI: done in 1.49892 secs using 397% CPU
Optimizing NNI: done in 1.43233 secs using 397.7% CPU
Iteration 120 / LogL: -25130.683 / Time: 0h:10m:11s (0h:1m:38s left)
Optimizing NNI: done in 1.22442 secs using 397.9% CPU
Optimizing NNI: done in 1.05856 secs using 399.2% CPU
Optimizing NNI: done in 1.05623 secs using 398.4% CPU
Optimizing NNI: done in 1.03375 secs using 396.4% CPU
Optimizing NNI: done in 1.12092 secs using 398.3% CPU
Optimizing NNI: done in 0.83517 secs using 395.5% CPU
Optimizing NNI: done in 1.01539 secs using 396.9% CPU
Optimizing NNI: done in 1.08189 secs using 398% CPU
Optimizing NNI: done in 1.11299 secs using 396.8% CPU
Optimizing NNI: done in 0.989004 secs using 397.2% CPU
Iteration 130 / LogL: -25126.862 / Time: 0h:10m:21s (0h:1m:25s left)
Optimizing NNI: done in 1.22552 secs using 397.3% CPU
Optimizing NNI: done in 1.06648 secs using 398.9% CPU
Optimizing NNI: done in 1.12198 secs using 398.7% CPU
Optimizing NNI: done in 1.09252 secs using 396.5% CPU
Optimizing NNI: done in 1.17885 secs using 398.6% CPU
Optimizing NNI: done in 1.31698 secs using 396.7% CPU
Optimizing NNI: done in 1.15309 secs using 398.3% CPU
Optimizing NNI: done in 1.13019 secs using 397.3% CPU
Optimizing NNI: done in 1.44109 secs using 398.6% CPU
TREE SEARCH COMPLETED AFTER 139 ITERATIONS / Time: 0h:10m:32s

--------------------------------------------------------------------
|                    FINALIZING TREE SEARCH                        |
--------------------------------------------------------------------
Performs final model parameters optimization
Estimate model parameters (epsilon = 0.010)
1. Initial log-likelihood: -25124.910
2. Current log-likelihood: -25124.898
3. Current log-likelihood: -25124.888
Optimal log-likelihood: -25124.873
Proportion of invariable sites: 0.059
Site proportion and rates:  (0.178,0.070) (0.234,0.271) (0.193,0.734) (0.112,1.256) (0.159,2.207) (0.065,4.464)
Parameters optimization took 3 rounds (1.551 sec)
BEST SCORE FOUND : -25124.873

Testing tree branches by SH-like aLRT with 1000 replicates...
0.387 sec.
Creating bootstrap support values...
Split supports printed to NEXUS file HISGSAT_ClustalW.splits.nex
Total tree length: 49.585

Total number of iterations: 139
CPU time used for tree search: 650.011 sec (0h:10m:50s)
Wall-clock time used for tree search: 165.047 sec (0h:2m:45s)
Total CPU time used: 2525.557 sec (0h:42m:5s)
Total wall-clock time used: 634.739 sec (0h:10m:34s)

Computing bootstrap consensus tree...
Reading input file HISGSAT_ClustalW.splits.nex...
131 taxa and 548 splits.
Consensus tree written to HISGSAT_ClustalW.contree
Reading input trees file HISGSAT_ClustalW.contree
Log-likelihood of consensus tree: -25124.872

Analysis results written to: 
  IQ-TREE report:                HISGSAT_ClustalW.iqtree
  Maximum-likelihood tree:       HISGSAT_ClustalW.treefile
  Likelihood distances:          HISGSAT_ClustalW.mldist

Ultrafast bootstrap approximation results written to:
  Split support values:          HISGSAT_ClustalW.splits.nex
  Consensus tree:                HISGSAT_ClustalW.contree
  Screen log file:               HISGSAT_ClustalW.log

Date and Time: Tue May 19 15:46:36 2026
