Running on n24-64-384-dawn.hpc.hutton.ac.uk
Conda environment: iqtree_env
/mnt/apps/users/rlouden/conda/envs/iqtree_env/bin/iqtree
IQ-TREE version 3.0.1 for Linux x86 64-bit built Jul  9 2025
Developed by Bui Quang Minh, Thomas Wong, Nhan Ly-Trong, Huaiyan Ren
Contributed by Lam-Tung Nguyen, Dominik Schrempf, Chris Bielow,
Olga Chernomor, Michael Woodhams, Diep Thi Hoang, Heiko Schmidt

IQ-TREE version 3.0.1 for Linux x86 64-bit built Jul  9 2025
Developed by Bui Quang Minh, Thomas Wong, Nhan Ly-Trong, Huaiyan Ren
Contributed by Lam-Tung Nguyen, Dominik Schrempf, Chris Bielow,
Olga Chernomor, Michael Woodhams, Diep Thi Hoang, Heiko Schmidt

Host:    n24-64-384-dawn.hpc.hutton.ac.uk (AVX512, FMA3, 377 GB RAM)
Command: iqtree -s HisGSAT1_ClustalW.fa -m MFP -bb 1000 -alrt 1000 -nt 4 -pre HISGSAT1_ClustalW
Seed:    582196 (Using SPRNG - Scalable Parallel Random Number Generator)
Time:    Fri May 22 15:04:47 2026
Kernel:  AVX+FMA - 4 threads (4 CPU cores detected)

Reading alignment file HisGSAT1_ClustalW.fa ... Clustal format detected
Alignment most likely contains protein sequences
Constructing alignment: done in 0.000589388 secs
Alignment has 129 sequences with 266 columns, 258 distinct patterns
213 parsimony-informative, 21 singleton sites, 32 constant sites
                                Gap/Ambiguity  Composition  p-value
Analyzing sequences: done in 2.802e-05 secs
   1  Pseudomonas_aeruginosa           36.09%    passed     98.64%
   2  Pseudomonas_chlororaphis         31.95%    passed     82.57%
   3  Thiopsedomonas_dentrificans      21.05%    passed     98.33%
   4  Atopomonas_sediminilitoris       21.80%    passed     99.66%
   5  Zestomonas_thermotolerans        21.05%    passed     99.85%
   6  Halopseudomonas_maritima         19.92%    passed     99.81%
   7  Pseudomonas_saliphila            19.17%    passed     99.97%
   8  Aestuariirhabdus_litorea         18.05%    passed     99.98%
   9  Aestuariirhabdus_haliotis        18.42%    passed     99.78%
  10  Thalassotalea_sp._G20_0          18.05%    passed     95.97%
  11  Spartinivicinus_poritis          19.55%    passed     85.57%
  12  Acinetobacter_beijerinckii       14.29%    passed     75.43%
  13  Acinetobacter_baumannii          14.66%    passed     95.99%
  14  Acinetobacter_pavis              13.91%    passed     99.90%
  15  Acinetobacter_gingfengensis      13.91%    passed     94.51%
  16  Acinetobacter_sedimenti          10.53%    passed     79.46%
  17  Psychrobacter_arenosus           15.41%    passed     98.01%
  18  Psychrobacter_arcticus           13.16%    passed     79.72%
  19  Lwoffella_lincolnii              20.30%    passed     85.55%
  20  Leucothrix_sargassi              17.29%    passed     99.06%
  21  Enhydrobacter_aerosaccus         18.80%    passed     99.52%
  22  Moraxella_marmotael              18.42%    passed     99.81%
  23  Moraxella_nasibovis              21.43%    passed     99.23%
  24  Ventosimonas_gracilis            39.85%    passed     91.04%
  25  Phytohalomonas_tamaricis         19.17%    passed     98.16%
  26  Halotalea_alkalilenta            17.67%    passed     99.56%
  27  Larsenimonas_suaedae             17.29%    passed     98.82%
  28  Zymobacter_palmae                17.29%    passed     98.39%
  29  Halomonadaceae_bacterium         16.54%    passed     87.39%
  30  Hydrocarboniclastica_marina      19.55%    passed     94.38%
  31  Marinobacter_salinisoli          19.17%    passed     99.52%
  32  Simiduia_curdlanivorans          21.43%    passed     78.84%
  33  Simiduia_aestruariiviva          21.05%    passed     90.37%
  34  Gilvimarinus_japonicus           19.92%    passed     70.60%
  35  Teredinibacter_sp._KSP-S5-2      19.92%    passed     99.98%
  36  Teredinibacter_waterburyi        20.68%    passed     98.80%
  37  Porticoccaceae_bacterium         20.68%    passed     86.90%
  38  Spongiibacter_nanhainus          17.67%    passed     89.38%
  39  Spongiibacter_taiwanensis        17.29%    passed     98.69%
  40  Zhongshania_marina               16.92%    passed     97.72%
  41  Litorivivens_sp.                 25.56%    passed     89.95%
  42  Natronospirillum_operosum        17.29%    passed     98.55%
  43  Saccharospirillum_salsuginis     18.42%    passed     99.98%
  44  Bacterioplanoides_pacificum      19.17%    passed     93.91%
  45  Thalassolituus_maritimus         19.55%    passed     99.81%
  46  Balneatrix_alpica                18.42%    passed     74.19%
  47  Ketobacter_alkanivorans          20.30%    passed     98.80%
  48  Dongiaceae_bacterium             20.30%    passed     99.54%
  49  Agitococcus_lubricus             18.80%    passed     94.85%
  50  Alloalcanivorax_venustensis      18.80%    passed     99.52%
  51  Sediminicurvatus_halobius        19.92%    passed     41.26%
  52  Spiribacter_pallidus             18.80%    passed     76.09%
  53  Thiolinea_sp.                    19.55%    passed     96.71%
  54  Thiofilum_flexile                20.30%    passed     97.91%
  55  Thiohalomonas_denitrificans      20.30%    passed     99.91%
  56  Methylophaga_sp_                 21.43%    passed     99.99%
  57  Methylogaea_oryzae               20.68%    passed     96.61%
  58  Methylococcaceae_bacterium       19.55%    passed     75.99%
  59  Methylomarinum_roseum            21.80%    passed     99.76%
  60  Polaromonas_glacialis            18.42%    passed     92.21%
  61  Ramlibacter_tataouinensis        15.79%    passed     37.63%
  62  Comamonas_humi                   18.80%    passed     96.47%
  63  Pseudaquabacterium_pictum        18.05%    passed     59.00%
  64  Aquariibacter_albus              17.67%    passed     81.87%
  65  Xylophilus_ampelinus             15.41%    passed     92.86%
  66  Robbsia_sp._KACC_23696           15.41%    passed     90.10%
  67  Oxalobacter_vibrioformis         11.28%    passed     32.79%
  68  Pollutimonas_harenae             15.41%    passed     78.50%
  69  Pusillimonas_noertemannii        14.29%    passed     70.13%
  70  Jezberella_montanilacus          13.16%    passed     86.39%
  71  Kerstersia_gyiorum               14.66%    passed     78.52%
  72  Denitromonas_iodatirespirans     19.55%    passed     99.70%
  73  Niveibacterium_terrae            18.42%    passed     99.81%
  74  Steroidobacteraceae_bacterium    18.80%    passed     99.93%
  75  Sulfurimicrobium_lacus           20.30%    passed     95.05%
  76  Sulfurirhabdus_autotrophica      18.05%    passed     98.75%
  77  Hydrogenophilaceae_bacterium     19.55%    passed     99.90%
  78  Parasulfuritortus_cantonensis    18.42%    passed     97.38%
  79  Xanthobacteraceae_bacterium      18.80%    passed     83.13%
  80  Betaproteobacteria_bacterium     18.42%    passed     51.53%
  81  Burkholderiales_bacterium        19.55%    passed     14.55%
  82  Campylobacterales_bacterium      37.97%    passed     94.25%
  83  Chitinivorax_tropicu             18.42%    passed     48.97%
  84  Neisseria_elongata               18.80%    passed     97.23%
  85  Paralysiella_testudinis          18.05%    passed     93.31%
  86  Snodgrassella_gandavensis        18.42%    passed     34.03%
  87  Paludibacterium_paludis          18.42%    passed     52.32%
  88  Polycyclovorans_algicola         21.43%    passed     16.58%
  89  Flagellatimonas_centrodinii      21.43%    passed     20.90%
  90  Stenotrophobium_rhamnosiphilum   21.05%    passed     79.32%
  91  Mariprofundus_sp._EBB-1          16.17%    passed     42.59%
  92  Deinococcus_frigens              18.42%    passed     10.26%
  93  Deinococcus_koreensis            18.80%    passed     14.33%
  94  Deinococcus_aluminii             17.29%    passed      9.38%
  95  Deinococcus_taklimakanensis      18.80%    passed      9.52%
  96  Marinithermus_hydrothermalis     21.43%    failed      0.00%
  97  Truepera_sp.                     23.68%    passed      8.69%
  98  Holdemanellis_Biformis           19.17%    failed      2.48%
  99  Faecalitalea_cylindroids         19.17%    passed     10.63%
 100  Erysipelotrichaceae_bacterium    20.68%    failed      4.40%
 101  Faecalicoccus_pleomorphus        19.17%    failed      4.92%
 102  Faecalicoccus_acidformans        18.05%    passed     13.53%
 103  Lactimicrobium_massiliense       19.92%    passed     58.21%
 104  Hathewaya_proteolytica           21.80%    failed      2.25%
 105  Longicatena_caecimuris           19.17%    failed      0.74%
 106  Faecalibaculum_rodentium         16.54%    passed     42.77%
 107  Ileibacterium_valens             19.17%    passed      5.44%
 108  Allobaculum_mucilyticum          20.68%    passed     55.66%
 109  Streptococcus_moroccensis        19.17%    passed     46.76%
 110  Enterococcus_rivorum             19.92%    passed     14.05%
 111  Virgibacillus_alimentarius       21.80%    passed      8.18%
 112  Ornithinibacillus_gellani        21.05%    passed     20.53%
 113  Cerasibacillus_quisquiliarum     21.43%    passed     22.57%
 114  Filobacillus_milosensis          20.30%    passed     26.34%
 115  Pallidibacillus_thermolactis     19.55%    passed     44.11%
 116  Pallidibacillus_pasinlerensis    19.55%    passed     22.82%
 117  Paenibacillus_lacisoli           20.30%    passed     33.95%
 118  Bryobacteraceae_bacterium        20.30%    passed      6.09%
 119  Fictibacillus_fluitans           19.55%    passed     27.37%
 120  Bacillus_methanolicus            19.17%    passed     30.01%
 121  Exobacillus_caeni                17.67%    passed     35.22%
 122  Anoxybacteroides_voinovskiense   20.30%    passed     40.76%
 123  Koleobacter_methoxysyntrophicu   19.92%    passed      5.36%
 124  Malonomonas_rubra                16.92%    failed      1.44%
 125  Desulfuromusa_kysingii           17.29%    failed      0.86%
 126  Syntrophotalea_acetylenivorans   17.29%    passed     27.05%
 127  Geothermobacter_ehrlichii        17.29%    failed      0.69%
 128  Trichlorobacter_lovleyi          18.80%    passed     81.68%
 129  Nitrospirota_bacterium           16.54%    passed      5.38%
****  TOTAL                            19.25%  9 sequences failed composition chi2 test (p-value<5%; df=19)
Checking for duplicate sequences: done in 0.000288275 secs


Create initial parsimony tree by phylogenetic likelihood library (PLL)... 0.019 seconds
Perform fast likelihood tree search using LG+I+G model...
Estimate model parameters (epsilon = 5.000)
Perform nearest neighbor interchange...
Optimizing NNI: done in 0.560641 secs using 397.5% CPU
Estimate model parameters (epsilon = 1.000)
1. Initial log-likelihood: -24997.433
Optimal log-likelihood: -24997.335
Proportion of invariable sites: 0.051
Gamma shape alpha: 0.705
Parameters optimization took 1 rounds (0.123 sec)
Time for fast ML tree search: 1.060 seconds

NOTE: ModelFinder requires 56 MB RAM!
ModelFinder will test up to 1232 protein models (sample size: 266 epsilon: 0.100) ...
 No. Model         -LnL         df  AIC          AICc         BIC
  1  LG            27370.223    255 55250.446    68306.446    56164.237
  2  LG+I          27022.106    256 54556.211    69176.656    55473.586
  3  LG+G4         25005.232    256 50522.464    65142.908    51439.839
  4  LG+I+G4       24997.334    257 50508.667    67085.167    51429.626
  5  LG+R2         25488.513    257 51491.026    68067.526    52411.985
  6  LG+R3         25143.089    259 50804.178    73250.845    51732.304
  7  LG+R4         25029.642    261 50581.283    84772.283    51516.576
  8  LG+R5         24959.549    263 50445.097    119877.097   51387.557
  9  LG+R6         24951.349    265 50432.697    191412.697   51382.324
 10  LG+R7         24948.936    267 50431.871    193543.871   51388.665
 14  LG+I+R2       25409.876    258 51335.752    70427.752    52260.294
 15  LG+I+R3       25077.416    260 50674.832    77818.832    51606.541
 16  LG+I+R4       25007.497    262 50538.993    96476.327    51477.869
 17  LG+I+R5       24951.728    264 50431.455    190351.455   51377.498
 18  LG+I+R6       24944.151    266 50420.301    192464.301   51373.511
 19  LG+I+R7       24942.182    268 50420.363    194604.363   51380.740
 31  LG+F+R6       25015.278    284 50598.557    212478.557   51616.269
 39  LG+F+I+R5     25021.475    283 50608.950    211352.950   51623.079
 40  LG+F+I+R6     25010.924    285 50591.849    213611.849   51613.145
 41  LG+F+I+R7     25008.560    287 50591.120    215903.120   51619.583
 53  WAG+R6        25106.978    265 50743.955    191723.955   51693.582
 61  WAG+I+R5      25103.131    264 50734.263    190654.263   51680.306
 62  WAG+I+R6      25096.393    266 50724.786    192768.786   51677.996
 63  WAG+I+R7      25096.489    268 50728.978    194912.978   51689.355
 75  WAG+F+R6      25141.731    284 50851.461    212731.461   51869.174
 83  WAG+F+I+R5    25141.084    283 50848.169    211592.169   51862.298
 84  WAG+F+I+R6    25133.086    285 50836.171    213856.171   51857.467
 85  WAG+F+I+R7    25133.091    287 50840.183    216152.183   51868.646
 97  JTT+R6        25320.143    265 51170.286    192150.286   52119.912
105  JTT+I+R5      25317.580    264 51163.159    191083.159   52109.202
106  JTT+I+R6      25312.229    266 51156.458    193200.458   52109.668
119  JTT+F+R6      25399.551    284 51367.102    213247.102   52384.815
127  JTT+F+I+R5    25400.753    283 51367.505    212111.505   52381.635
128  JTT+F+I+R6    25393.441    285 51356.882    214376.882   52378.179
129  JTT+F+I+R7    25393.164    287 51360.327    216672.327   52388.791
141  Q.PFAM+R6     24953.173    265 50436.347    191416.347   51385.973
149  Q.PFAM+I+R5   24953.660    264 50435.320    190355.320   51381.363
150  Q.PFAM+I+R6   24947.803    266 50427.605    192471.605   51380.815
151  Q.PFAM+I+R7   24946.860    268 50429.719    194613.719   51390.096
163  Q.PFAM+F+R6   25044.685    284 50657.370    212537.370   51675.083
171  Q.PFAM+F+I+R5 25053.800    283 50673.600    211417.600   51687.729
172  Q.PFAM+F+I+R6 25042.269    285 50654.537    213674.537   51675.834
173  Q.PFAM+F+I+R7 25040.153    287 50654.306    215966.306   51682.769
185  Q.BIRD+R6     26014.569    265 52559.139    193539.139   53508.765
193  Q.BIRD+I+R5   26019.218    264 52566.436    192486.436   53512.479
194  Q.BIRD+I+R6   26010.338    266 52552.676    194596.676   53505.886
195  Q.BIRD+I+R7   26008.726    268 52553.453    196737.453   53513.830
207  Q.BIRD+F+R6   26130.726    284 52829.452    214709.452   53847.165
215  Q.BIRD+F+I+R5 26142.574    283 52851.149    213595.149   53865.278
216  Q.BIRD+F+I+R6 26128.253    285 52826.507    215846.507   53847.803
217  Q.BIRD+F+I+R7 26124.759    287 52823.519    218135.519   53851.982
229  Q.MAMMAL+R6   25774.252    265 52078.503    193058.503   53028.130
237  Q.MAMMAL+I+R5 25774.438    264 52076.875    191996.875   53022.918
238  Q.MAMMAL+I+R6 25769.996    266 52071.991    194115.991   53025.201
251  Q.MAMMAL+F+R6 25881.792    284 52331.583    214211.583   53349.296
259  Q.MAMMAL+F+I+R5 25891.505    283 52349.011    213093.011   53363.140
260  Q.MAMMAL+F+I+R6 25879.022    285 52328.045    215348.045   53349.341
261  Q.MAMMAL+F+I+R7 25877.857    287 52329.714    217641.714   53358.178
273  Q.INSECT+R6   25154.687    265 50839.374    191819.374   51789.000
281  Q.INSECT+I+R5 25154.898    264 50837.796    190757.796   51783.839
282  Q.INSECT+I+R6 25149.985    266 50831.970    192875.970   51785.180
295  Q.INSECT+F+R6 25196.803    284 50961.605    212841.605   51979.318
303  Q.INSECT+F+I+R5 25201.785    283 50969.571    211713.571   51983.700
304  Q.INSECT+F+I+R6 25192.743    285 50955.486    213975.486   51976.782
305  Q.INSECT+F+I+R7 25192.631    287 50959.262    216271.262   51987.726
317  Q.PLANT+R6    25386.185    265 51302.370    192282.370   52251.997
325  Q.PLANT+I+R5  25387.895    264 51303.790    191223.790   52249.833
326  Q.PLANT+I+R6  25381.025    266 51294.049    193338.049   52247.259
327  Q.PLANT+I+R7  25379.701    268 51295.402    195479.402   52255.779
339  Q.PLANT+F+R6  25438.234    284 51444.467    213324.467   52462.180
347  Q.PLANT+F+I+R5 25445.712    283 51457.424    212201.424   52471.553
348  Q.PLANT+F+I+R6 25433.974    285 51437.949    214457.949   52459.245
349  Q.PLANT+F+I+R7 25432.193    287 51438.385    216750.385   52466.849
361  Q.YEAST+R6    25139.937    265 50809.874    191789.874   51759.500
369  Q.YEAST+I+R5  25140.418    264 50808.837    190728.837   51754.880
370  Q.YEAST+I+R6  25135.283    266 50802.567    192846.567   51755.777
383  Q.YEAST+F+R6  25093.093    284 50754.185    212634.185   51771.898
391  Q.YEAST+F+I+R5 25098.631    283 50763.262    211507.262   51777.391
392  Q.YEAST+F+I+R6 25089.730    285 50749.461    213769.461   51770.757
393  Q.YEAST+F+I+R7 25088.382    287 50750.765    216062.765   51779.228
405  JTTDCMUT+R6   25315.749    265 51161.499    192141.499   52111.125
413  JTTDCMUT+I+R5 25314.458    264 51156.916    191076.916   52102.959
414  JTTDCMUT+I+R6 25308.587    266 51149.173    193193.173   52102.383
415  JTTDCMUT+I+R7 25308.025    268 51152.050    195336.050   52112.427
427  JTTDCMUT+F+R6 25394.155    284 51356.310    213236.310   52374.023
435  JTTDCMUT+F+I+R5 25396.170    283 51358.339    212102.339   52372.469
436  JTTDCMUT+F+I+R6 25388.570    285 51347.140    214367.140   52368.437
437  JTTDCMUT+F+I+R7 25388.282    287 51350.564    216662.564   52379.027
449  DCMUT+R6      25454.048    265 51438.095    192418.095   52387.722
457  DCMUT+I+R5    25458.604    264 51445.209    191365.209   52391.252
458  DCMUT+I+R6    25446.970    266 51425.940    193469.940   52379.150
459  DCMUT+I+R7    25445.193    268 51426.386    195610.386   52386.763
471  DCMUT+F+R6    25462.800    284 51493.601    213373.601   52511.314
479  DCMUT+F+I+R5  25465.301    283 51496.601    212240.601   52510.731
480  DCMUT+F+I+R6  25456.551    285 51483.102    214503.102   52504.398
481  DCMUT+F+I+R7  25454.240    287 51482.480    216794.480   52510.943
493  VT+R6         25191.808    265 50913.616    191893.616   51863.243
501  VT+I+R5       25188.889    264 50905.779    190825.779   51851.822
502  VT+I+R6       25182.649    266 50897.297    192941.297   51850.507
503  VT+I+R7       25180.498    268 50896.996    195080.996   51857.373
515  VT+F+R6       25247.030    284 51062.061    212942.061   52079.774
523  VT+F+I+R5     25246.133    283 51058.266    211802.266   52072.395
524  VT+F+I+R6     25239.521    285 51049.042    214069.042   52070.338
525  VT+F+I+R7     25238.254    287 51050.508    216362.508   52078.972
537  PMB+R6        25399.316    265 51328.632    192308.632   52278.258
545  PMB+I+R5      25398.213    264 51324.427    191244.427   52270.470
546  PMB+I+R6      25392.113    266 51316.226    193360.226   52269.436
547  PMB+I+R7      25389.923    268 51315.847    195499.847   52276.224
559  PMB+F+R6      25407.435    284 51382.870    213262.870   52400.583
567  PMB+F+I+R5    25408.430    283 51382.860    212126.860   52396.990
568  PMB+F+I+R6    25400.873    285 51371.745    214391.745   52393.042
569  PMB+F+I+R7    25399.251    287 51372.502    216684.502   52400.966
581  BLOSUM62+R6   25345.714    265 51221.428    192201.428   52171.055
589  BLOSUM62+I+R5 25347.335    264 51222.670    191142.670   52168.713
590  BLOSUM62+I+R6 25337.133    266 51206.265    193250.265   52159.475
591  BLOSUM62+I+R7 25335.174    268 51206.349    195390.349   52166.726
603  BLOSUM62+F+R6 25375.253    284 51318.506    213198.506   52336.219
611  BLOSUM62+F+I+R5 25377.895    283 51321.790    212065.790   52335.919
612  BLOSUM62+F+I+R6 25367.248    285 51304.497    214324.497   52325.793
613  BLOSUM62+F+I+R7 25365.629    287 51305.258    216617.258   52333.721
625  DAYHOFF+R6    25452.800    265 51435.601    192415.601   52385.227
633  DAYHOFF+I+R5  25458.613    264 51445.226    191365.226   52391.269
634  DAYHOFF+I+R6  25446.067    266 51424.133    193468.133   52377.343
635  DAYHOFF+I+R7  25442.527    268 51421.054    195605.054   52381.431
647  DAYHOFF+F+R6  25462.228    284 51492.456    213372.456   52510.169
655  DAYHOFF+F+I+R5 25465.675    283 51497.350    212241.350   52511.480
656  DAYHOFF+F+I+R6 25456.350    285 51482.700    214502.700   52503.996
657  DAYHOFF+F+I+R7 25454.171    287 51482.343    216794.343   52510.806
669  MTREV+R6      26897.151    265 54324.302    195304.302   55273.929
677  MTREV+I+R5    26930.672    264 54389.344    194309.344   55335.387
678  MTREV+I+R6    26896.451    266 54324.902    196368.902   55278.112
679  MTREV+I+R7    26893.831    268 54323.661    198507.661   55284.038
691  MTREV+F+R6    25797.555    284 52163.111    214043.111   53180.824
699  MTREV+F+I+R5  25813.657    283 52193.314    212937.314   53207.443
700  MTREV+F+I+R6  25795.596    285 52161.192    215181.192   53182.489
701  MTREV+F+I+R7  25791.366    287 52156.732    217468.732   53185.195
713  MTART+R6      27334.997    265 55199.994    196179.994   56149.621
721  MTART+I+R5    27386.142    264 55300.285    195220.285   56246.328
722  MTART+I+R6    27334.306    266 55200.612    197244.612   56153.822
723  MTART+I+R7    27325.014    268 55186.029    199370.029   56146.406
735  MTART+F+R6    26195.291    284 52958.581    214838.581   53976.294
743  MTART+F+I+R5  26241.243    283 53048.487    213792.487   54062.616
744  MTART+F+I+R6  26189.584    285 52949.168    215969.168   53970.464
745  MTART+F+I+R7  26178.962    287 52931.925    218243.925   53960.388
757  MTZOA+R6      26524.055    265 53578.110    194558.110   54527.737
765  MTZOA+I+R5    26566.744    264 53661.489    193581.489   54607.532
766  MTZOA+I+R6    26522.362    266 53576.724    195620.724   54529.934
767  MTZOA+I+R7    26516.334    268 53568.668    197752.668   54529.045
779  MTZOA+F+R6    25759.169    284 52086.338    213966.338   53104.051
787  MTZOA+F+I+R5  25787.822    283 52141.644    212885.644   53155.773
788  MTZOA+F+I+R6  25755.919    285 52081.837    215101.837   53103.134
789  MTZOA+F+I+R7  25746.430    287 52066.859    217378.859   53095.322
801  MTMET+R6      27063.409    265 54656.819    195636.819   55606.445
809  MTMET+I+R5    27098.598    264 54725.196    194645.196   55671.239
810  MTMET+I+R6    27061.178    266 54654.356    196698.356   55607.566
811  MTMET+I+R7    27053.230    268 54642.460    198826.460   55602.837
823  MTMET+F+R6    25887.907    284 52343.814    214223.814   53361.527
831  MTMET+F+I+R5  25912.939    283 52391.878    213135.878   53406.008
832  MTMET+F+I+R6  25884.488    285 52338.976    215358.976   53360.273
833  MTMET+F+I+R7  25874.336    287 52322.673    217634.673   53351.136
845  MTVER+R6      27293.293    265 55116.587    196096.587   56066.213
853  MTVER+I+R5    27338.700    264 55205.400    195125.400   56151.443
854  MTVER+I+R6    27292.366    266 55116.732    197160.732   56069.942
855  MTVER+I+R7    27279.449    268 55094.898    199278.898   56055.275
867  MTVER+F+R6    26330.792    284 53229.584    215109.584   54247.297
875  MTVER+F+I+R5  26353.436    283 53272.872    214016.872   54287.002
876  MTVER+F+I+R6  26328.744    285 53227.487    216247.487   54248.784
877  MTVER+F+I+R7  26315.523    287 53205.046    218517.046   54233.510
889  MTINV+R6      27106.957    265 54743.914    195723.914   55693.541
897  MTINV+I+R5    27131.760    264 54791.519    194711.519   55737.562
898  MTINV+I+R6    27103.585    266 54739.171    196783.171   55692.381
899  MTINV+I+R7    27099.049    268 54734.098    198918.098   55694.475
911  MTINV+F+R6    25601.636    284 51771.272    213651.272   52788.985
919  MTINV+F+I+R5  25619.755    283 51805.510    212549.510   52819.640
920  MTINV+F+I+R6  25596.321    285 51762.641    214782.641   52783.938
921  MTINV+F+I+R7  25592.383    287 51758.765    217070.765   52787.229
933  MTMAM+R6      27708.070    265 55946.141    196926.141   56895.767
941  MTMAM+I+R5    27775.001    264 56078.002    195998.002   57024.045
942  MTMAM+I+R6    27706.305    266 55944.609    197988.609   56897.819
943  MTMAM+I+R7    27690.642    268 55917.284    200101.284   56877.661
955  MTMAM+F+R6    26653.421    284 53874.843    215754.843   54892.555
963  MTMAM+F+I+R5  26714.367    283 53994.733    214738.733   55008.863
964  MTMAM+F+I+R6  26652.415    285 53874.829    216894.829   54896.126
965  MTMAM+F+I+R7  26633.405    287 53840.810    219152.810   54869.274
977  FLAVI+R6      26769.751    265 54069.502    195049.502   55019.128
985  FLAVI+I+R5    26802.603    264 54133.206    194053.206   55079.249
986  FLAVI+I+R6    26765.564    266 54063.128    196107.128   55016.338
987  FLAVI+I+R7    26756.776    268 54049.551    198233.551   55009.929
999  FLAVI+F+R6    26750.465    284 54068.929    215948.929   55086.642
1007  FLAVI+F+I+R5  26782.441    283 54130.882    214874.882   55145.011
1008  FLAVI+F+I+R6  26744.961    285 54059.922    217079.922   55081.218
1009  FLAVI+F+I+R7  26734.912    287 54043.824    219355.824   55072.288
1021  HIVB+R6       26047.209    265 52624.417    193604.417   53574.044
1029  HIVB+I+R5     26050.190    264 52628.381    192548.381   53574.424
1030  HIVB+I+R6     26037.559    266 52607.118    194651.118   53560.328
1031  HIVB+I+R7     26028.142    268 52592.285    196776.285   53552.662
1043  HIVB+F+R6     26103.098    284 52774.196    214654.196   53791.909
1051  HIVB+F+I+R5   26116.111    283 52798.222    213542.222   53812.352
1052  HIVB+F+I+R6   26098.066    285 52766.131    215786.131   53787.428
1053  HIVB+F+I+R7   26091.879    287 52757.758    218069.758   53786.221
1065  HIVW+R6       27248.798    265 55027.597    196007.597   55977.223
1073  HIVW+I+R5     27265.650    264 55059.301    194979.301   56005.344
1074  HIVW+I+R6     27251.215    266 55034.429    197078.429   55987.639
1075  HIVW+I+R7     27236.802    268 55009.604    199193.604   55969.981
1087  HIVW+F+R6     26975.710    284 54519.421    216399.421   55537.133
1095  HIVW+F+I+R5   26986.783    283 54539.567    215283.567   55553.696
1096  HIVW+F+I+R6   26964.384    285 54498.768    217518.768   55520.064
1097  HIVW+F+I+R7   26957.986    287 54489.972    219801.972   55518.436
1109  FLU+R6        25959.022    265 52448.044    193428.044   53397.671
1117  FLU+I+R5      25968.174    264 52464.347    192384.347   53410.390
1118  FLU+I+R6      25949.390    266 52430.780    194474.780   53383.990
1119  FLU+I+R7      25941.914    268 52419.827    196603.827   53380.204
1131  FLU+F+R6      25885.578    284 52339.157    214219.157   53356.870
1139  FLU+F+I+R5    25912.050    283 52390.100    213134.100   53404.230
1140  FLU+F+I+R6    25881.063    285 52332.127    215352.127   53353.423
1141  FLU+F+I+R7    25871.938    287 52317.877    217629.877   53346.340
1153  RTREV+R6      25263.359    265 51056.718    192036.718   52006.345
1161  RTREV+I+R5    25268.837    264 51065.674    190985.674   52011.717
1162  RTREV+I+R6    25255.832    266 51043.664    193087.664   51996.874
1163  RTREV+I+R7    25250.322    268 51036.644    195220.644   51997.021
1175  RTREV+F+R6    25172.237    284 50912.474    212792.474   51930.187
1183  RTREV+F+I+R5  25183.226    283 50932.451    211676.451   51946.581
1184  RTREV+F+I+R6  25166.005    285 50902.011    213922.011   51923.307
1185  RTREV+F+I+R7  25161.878    287 50897.757    216209.757   51926.220
1197  CPREV+R6      25353.774    265 51237.548    192217.548   52187.175
1205  CPREV+I+R5    25349.522    264 51227.043    191147.043   52173.086
1206  CPREV+I+R6    25340.373    266 51212.745    193256.745   52165.955
1207  CPREV+I+R7    25333.390    268 51202.780    195386.780   52163.157
1219  CPREV+F+R6    25362.630    284 51293.259    213173.259   52310.972
1227  CPREV+F+I+R5  25361.411    283 51288.823    212032.823   52302.952
1228  CPREV+F+I+R6  25351.118    285 51272.236    214292.236   52293.533
1229  CPREV+F+I+R7  25344.892    287 51263.784    216575.784   52292.247
Akaike Information Criterion:           LG+I+R6
Corrected Akaike Information Criterion: LG+G4
Bayesian Information Criterion:         LG+I+R6
Best-fit model: LG+I+R6 chosen according to BIC

All model information printed to HISGSAT1_ClustalW.model.gz
CPU time for ModelFinder: 2969.940 seconds (0h:49m:29s)
Wall-clock time for ModelFinder: 743.505 seconds (0h:12m:23s)
Generating 1000 samples for ultrafast bootstrap (seed: 582196)...

NOTE: 34 MB RAM (0 GB) is required!
Estimate model parameters (epsilon = 0.100)
1. Initial log-likelihood: -24957.896
2. Current log-likelihood: -24944.749
3. Current log-likelihood: -24944.262
4. Current log-likelihood: -24943.931
5. Current log-likelihood: -24943.753
Optimal log-likelihood: -24943.667
Proportion of invariable sites: 0.060
Site proportion and rates:  (0.180,0.074) (0.240,0.277) (0.199,0.754) (0.091,1.300) (0.169,2.186) (0.061,4.630)
Parameters optimization took 5 rounds (3.220 sec)
Wrote distance file to... 
Computing ML distances based on estimated model parameters...
Calculating distance matrix: done in 0.827841 secs using 400.2% CPU
Computing ML distances took 0.827934 sec (of wall-clock time) 3.313126 sec (of CPU time)
Setting up auxiliary I and S matrices: done in 0.000471467 secs using 204.9% CPU
Constructing RapidNJ tree: done in 0.0283577 secs using 79.98% CPU
Computing RapidNJ tree took 0.028878 sec (of wall-clock time) 0.023668 sec (of CPU time)
Log-likelihood of RapidNJ tree: -25096.414
--------------------------------------------------------------------
|             INITIALIZING CANDIDATE TREE SET                      |
--------------------------------------------------------------------
Generating 98 parsimony trees... 1.820 second
Computing log-likelihood of 98 initial trees ... 5.695 seconds
Current best score: -24943.667

Do NNI search on 20 best initial trees
Optimizing NNI: done in 0.343563 secs using 399.2% CPU
Estimate model parameters (epsilon = 0.100)
BETTER TREE FOUND at iteration 1: -24943.384
Optimizing NNI: done in 0.829478 secs using 399.4% CPU
Optimizing NNI: done in 0.731437 secs using 399.7% CPU
Optimizing NNI: done in 0.789922 secs using 399.3% CPU
Optimizing NNI: done in 0.860766 secs using 396% CPU
Optimizing NNI: done in 0.830259 secs using 397.2% CPU
Optimizing NNI: done in 1.00157 secs using 399.5% CPU
Optimizing NNI: done in 0.749976 secs using 397.6% CPU
Optimizing NNI: done in 0.896494 secs using 396.7% CPU
Optimizing NNI: done in 0.702759 secs using 397.1% CPU
Iteration 10 / LogL: -25008.819 / Time: 0h:12m:44s
Optimizing NNI: done in 0.879333 secs using 396.6% CPU
Optimizing NNI: done in 0.880224 secs using 399% CPU
Optimizing NNI: done in 0.912473 secs using 398.1% CPU
Optimizing NNI: done in 0.876829 secs using 397.9% CPU
Optimizing NNI: done in 0.819205 secs using 398.8% CPU
Optimizing NNI: done in 0.7747 secs using 398.4% CPU
Optimizing NNI: done in 0.857874 secs using 397.9% CPU
Optimizing NNI: done in 0.839687 secs using 399.1% CPU
Optimizing NNI: done in 0.909199 secs using 397.4% CPU
Optimizing NNI: done in 0.918004 secs using 398.5% CPU
Iteration 20 / LogL: -25013.264 / Time: 0h:12m:52s
Finish initializing candidate tree set (16)
Current best tree score: -24943.384 / CPU time: 24.789
Number of iterations: 20
--------------------------------------------------------------------
|               OPTIMIZING CANDIDATE TREE SET                      |
--------------------------------------------------------------------
Optimizing NNI: done in 1.32116 secs using 398.5% CPU
Estimate model parameters (epsilon = 0.100)
BETTER TREE FOUND at iteration 21: -24914.856
Optimizing NNI: done in 1.27247 secs using 398.6% CPU
Optimizing NNI: done in 1.15596 secs using 398.3% CPU
Optimizing NNI: done in 1.12112 secs using 397.2% CPU
Optimizing NNI: done in 1.1558 secs using 398.2% CPU
Estimate model parameters (epsilon = 0.100)
UPDATE BEST LOG-LIKELIHOOD: -24914.308
Optimizing NNI: done in 1.2505 secs using 396.5% CPU
Optimizing NNI: done in 1.05212 secs using 398.8% CPU
Optimizing NNI: done in 0.935713 secs using 396.2% CPU
Optimizing NNI: done in 1.05338 secs using 398.8% CPU
Optimizing NNI: done in 1.04209 secs using 397.4% CPU
Iteration 30 / LogL: -24915.008 / Time: 0h:13m:5s (0h:2m:13s left)
Optimizing NNI: done in 0.926814 secs using 396.1% CPU
Optimizing NNI: done in 1.07378 secs using 397.2% CPU
Optimizing NNI: done in 0.996685 secs using 397.8% CPU
Estimate model parameters (epsilon = 0.100)
BETTER TREE FOUND at iteration 33: -24913.888
Optimizing NNI: done in 1.10191 secs using 398.4% CPU
Optimizing NNI: done in 1.16614 secs using 397.7% CPU
Estimate model parameters (epsilon = 0.100)
BETTER TREE FOUND at iteration 35: -24913.137
Optimizing NNI: done in 1.26266 secs using 398.4% CPU
Optimizing NNI: done in 1.13032 secs using 397.6% CPU
Optimizing NNI: done in 1.16117 secs using 396.2% CPU
Optimizing NNI: done in 1.12959 secs using 398.1% CPU
Optimizing NNI: done in 1.05568 secs using 397.4% CPU
Iteration 40 / LogL: -24913.178 / Time: 0h:13m:19s (0h:2m:16s left)
Optimizing NNI: done in 1.2682 secs using 398.4% CPU
Optimizing NNI: done in 0.98609 secs using 398.1% CPU
Optimizing NNI: done in 1.19967 secs using 398.4% CPU
Optimizing NNI: done in 1.01501 secs using 396.7% CPU
Optimizing NNI: done in 1.33736 secs using 396.4% CPU
Optimizing NNI: done in 1.08128 secs using 396.3% CPU
Optimizing NNI: done in 1.08937 secs using 398.1% CPU
Optimizing NNI: done in 1.23508 secs using 399.2% CPU
Optimizing NNI: done in 1.11049 secs using 396.7% CPU
Optimizing NNI: done in 1.37938 secs using 398.4% CPU
Iteration 50 / LogL: -24916.341 / Time: 0h:13m:31s (0h:1m:57s left)
Log-likelihood cutoff on original alignment: -24967.499
Optimizing NNI: done in 1.06113 secs using 397% CPU
Optimizing NNI: done in 1.12948 secs using 398.2% CPU
Optimizing NNI: done in 1.12141 secs using 397.8% CPU
Optimizing NNI: done in 1.22598 secs using 398.8% CPU
Optimizing NNI: done in 1.15875 secs using 398.9% CPU
Optimizing NNI: done in 1.28225 secs using 396.3% CPU
Optimizing NNI: done in 1.01182 secs using 398.8% CPU
Optimizing NNI: done in 1.16964 secs using 398.5% CPU
Optimizing NNI: done in 1.12144 secs using 398.9% CPU
Optimizing NNI: done in 1.35126 secs using 397.5% CPU
Iteration 60 / LogL: -24913.923 / Time: 0h:13m:43s (0h:1m:41s left)
Optimizing NNI: done in 1.21856 secs using 397.4% CPU
Optimizing NNI: done in 1.14114 secs using 397.2% CPU
Optimizing NNI: done in 1.12881 secs using 398% CPU
Optimizing NNI: done in 1.19457 secs using 398% CPU
Optimizing NNI: done in 1.03593 secs using 396.9% CPU
Optimizing NNI: done in 1.27262 secs using 398.3% CPU
Optimizing NNI: done in 1.02423 secs using 398.7% CPU
Optimizing NNI: done in 1.10509 secs using 399% CPU
Optimizing NNI: done in 1.23418 secs using 397.8% CPU
Optimizing NNI: done in 1.18234 secs using 400.1% CPU
Iteration 70 / LogL: -24913.855 / Time: 0h:13m:55s (0h:1m:26s left)
Optimizing NNI: done in 1.19756 secs using 397.6% CPU
Optimizing NNI: done in 1.13382 secs using 397% CPU
Optimizing NNI: done in 1.07221 secs using 399.2% CPU
Optimizing NNI: done in 1.03498 secs using 395.2% CPU
Optimizing NNI: done in 1.05065 secs using 398.1% CPU
Optimizing NNI: done in 0.931151 secs using 397.7% CPU
Optimizing NNI: done in 1.22953 secs using 398.6% CPU
Optimizing NNI: done in 1.34465 secs using 398.1% CPU
Optimizing NNI: done in 1.12568 secs using 398.8% CPU
Optimizing NNI: done in 1.53352 secs using 399.2% CPU
Iteration 80 / LogL: -24915.403 / Time: 0h:14m:6s (0h:1m:11s left)
Optimizing NNI: done in 1.23515 secs using 396.6% CPU
Optimizing NNI: done in 1.06881 secs using 398.6% CPU
Optimizing NNI: done in 0.957804 secs using 400.2% CPU
Optimizing NNI: done in 1.16412 secs using 398.6% CPU
Optimizing NNI: done in 1.23136 secs using 398.5% CPU
Optimizing NNI: done in 1.10484 secs using 397.2% CPU
Optimizing NNI: done in 1.34285 secs using 398.2% CPU
Optimizing NNI: done in 1.11814 secs using 398% CPU
Optimizing NNI: done in 1.12995 secs using 397.7% CPU
Optimizing NNI: done in 1.41723 secs using 397.7% CPU
Iteration 90 / LogL: -24916.243 / Time: 0h:14m:18s (0h:0m:58s left)
Optimizing NNI: done in 1.45533 secs using 397.4% CPU
Optimizing NNI: done in 1.4862 secs using 399% CPU
Optimizing NNI: done in 1.44625 secs using 399% CPU
Optimizing NNI: done in 1.23644 secs using 398.6% CPU
Optimizing NNI: done in 0.907655 secs using 398.8% CPU
Optimizing NNI: done in 1.03749 secs using 397.2% CPU
Optimizing NNI: done in 1.18179 secs using 397.2% CPU
Optimizing NNI: done in 1.05254 secs using 398.3% CPU
Optimizing NNI: done in 1.234 secs using 398.1% CPU
Optimizing NNI: done in 1.12583 secs using 396.3% CPU
Iteration 100 / LogL: -24913.963 / Time: 0h:14m:31s (0h:0m:45s left)
Log-likelihood cutoff on original alignment: -24963.314
NOTE: Bootstrap correlation coefficient of split occurrence frequencies: 0.999
Optimizing NNI: done in 0.918315 secs using 396.6% CPU
Optimizing NNI: done in 1.12418 secs using 397.4% CPU
Optimizing NNI: done in 1.21793 secs using 399.2% CPU
Optimizing NNI: done in 1.24439 secs using 398% CPU
Optimizing NNI: done in 1.18117 secs using 398% CPU
Optimizing NNI: done in 0.954813 secs using 396.6% CPU
Optimizing NNI: done in 1.13708 secs using 397.9% CPU
Optimizing NNI: done in 1.57491 secs using 397.9% CPU
Optimizing NNI: done in 0.999071 secs using 397.1% CPU
Optimizing NNI: done in 1.14951 secs using 398.2% CPU
Iteration 110 / LogL: -24913.321 / Time: 0h:14m:42s (0h:1m:55s left)
Optimizing NNI: done in 1.30744 secs using 397.1% CPU
Optimizing NNI: done in 0.997643 secs using 396.7% CPU
Optimizing NNI: done in 1.05235 secs using 399.1% CPU
Optimizing NNI: done in 1.0396 secs using 398.5% CPU
Optimizing NNI: done in 1.00903 secs using 398.9% CPU
Optimizing NNI: done in 1.00927 secs using 396.8% CPU
Optimizing NNI: done in 0.975338 secs using 396.9% CPU
Optimizing NNI: done in 1.06177 secs using 399.1% CPU
Optimizing NNI: done in 1.11456 secs using 397.1% CPU
Estimate model parameters (epsilon = 0.100)
BETTER TREE FOUND at iteration 119: -24911.237
Optimizing NNI: done in 1.14107 secs using 398% CPU
Iteration 120 / LogL: -24923.620 / Time: 0h:14m:55s (0h:2m:6s left)
Optimizing NNI: done in 1.13804 secs using 398.7% CPU
Optimizing NNI: done in 1.23676 secs using 396.9% CPU
Optimizing NNI: done in 1.07222 secs using 399.2% CPU
Optimizing NNI: done in 1.14529 secs using 398.5% CPU
Optimizing NNI: done in 1.16597 secs using 396.7% CPU
Optimizing NNI: done in 1.05336 secs using 399.2% CPU
Optimizing NNI: done in 1.05246 secs using 397.2% CPU
Optimizing NNI: done in 1.44525 secs using 398.3% CPU
Optimizing NNI: done in 1.01954 secs using 398.9% CPU
Optimizing NNI: done in 0.974217 secs using 398.1% CPU
Iteration 130 / LogL: -24914.811 / Time: 0h:15m:6s (0h:1m:52s left)
Optimizing NNI: done in 1.18314 secs using 397.5% CPU
Optimizing NNI: done in 1.17262 secs using 398.5% CPU
Optimizing NNI: done in 1.26059 secs using 398.6% CPU
Optimizing NNI: done in 1.14859 secs using 397.7% CPU
Optimizing NNI: done in 0.992274 secs using 399.1% CPU
Optimizing NNI: done in 1.06582 secs using 398.3% CPU
Optimizing NNI: done in 1.09932 secs using 398.4% CPU
Optimizing NNI: done in 1.38534 secs using 397.7% CPU
Optimizing NNI: done in 1.02 secs using 397.6% CPU
Optimizing NNI: done in 1.23568 secs using 398.1% CPU
Iteration 140 / LogL: -24923.075 / Time: 0h:15m:18s (0h:1m:39s left)
Optimizing NNI: done in 1.08571 secs using 399.1% CPU
Optimizing NNI: done in 1.13873 secs using 397.5% CPU
Optimizing NNI: done in 1.29425 secs using 397.3% CPU
Optimizing NNI: done in 0.9676 secs using 398% CPU
Optimizing NNI: done in 1.23905 secs using 399.6% CPU
Optimizing NNI: done in 1.0033 secs using 396.6% CPU
Optimizing NNI: done in 1.22618 secs using 396.8% CPU
Optimizing NNI: done in 1.28326 secs using 398.6% CPU
Estimate model parameters (epsilon = 0.100)
BETTER TREE FOUND at iteration 148: -24910.883
Optimizing NNI: done in 1.34631 secs using 397.3% CPU
Optimizing NNI: done in 1.14193 secs using 397.7% CPU
Iteration 150 / LogL: -24911.257 / Time: 0h:15m:30s (0h:2m:3s left)
Log-likelihood cutoff on original alignment: -24958.755
Optimizing NNI: done in 1.03366 secs using 397.6% CPU
Optimizing NNI: done in 1.06304 secs using 397.6% CPU
Optimizing NNI: done in 1.21005 secs using 397.5% CPU
Optimizing NNI: done in 1.01285 secs using 397.7% CPU
Optimizing NNI: done in 1.22547 secs using 398% CPU
Optimizing NNI: done in 1.07232 secs using 399.1% CPU
Optimizing NNI: done in 1.04872 secs using 397.9% CPU
Optimizing NNI: done in 1.21711 secs using 399.4% CPU
Optimizing NNI: done in 1.41984 secs using 398.9% CPU
Optimizing NNI: done in 1.18396 secs using 399.3% CPU
Iteration 160 / LogL: -24911.009 / Time: 0h:15m:42s (0h:1m:50s left)
Optimizing NNI: done in 1.18769 secs using 398% CPU
Optimizing NNI: done in 1.09718 secs using 397.1% CPU
Optimizing NNI: done in 0.96041 secs using 397.8% CPU
Optimizing NNI: done in 1.11313 secs using 399.3% CPU
Optimizing NNI: done in 1.12066 secs using 398.7% CPU
Optimizing NNI: done in 1.24884 secs using 396.6% CPU
Optimizing NNI: done in 1.10863 secs using 397.3% CPU
Optimizing NNI: done in 1.4017 secs using 397.3% CPU
Optimizing NNI: done in 1.26895 secs using 399.1% CPU
Optimizing NNI: done in 1.12041 secs using 398.1% CPU
Iteration 170 / LogL: -24919.671 / Time: 0h:15m:54s (0h:1m:37s left)
Optimizing NNI: done in 1.28459 secs using 398% CPU
Optimizing NNI: done in 1.18084 secs using 398.1% CPU
Optimizing NNI: done in 1.17803 secs using 398.4% CPU
Optimizing NNI: done in 1.08776 secs using 397.8% CPU
Optimizing NNI: done in 1.11755 secs using 399.5% CPU
Optimizing NNI: done in 1.26288 secs using 399% CPU
Optimizing NNI: done in 1.17092 secs using 398.2% CPU
Optimizing NNI: done in 1.26061 secs using 399.5% CPU
Optimizing NNI: done in 1.26421 secs using 396.8% CPU
Optimizing NNI: done in 1.04042 secs using 398.7% CPU
Iteration 180 / LogL: -24924.970 / Time: 0h:16m:6s (0h:1m:24s left)
Optimizing NNI: done in 1.11222 secs using 398.1% CPU
Optimizing NNI: done in 1.27072 secs using 397.1% CPU
Optimizing NNI: done in 1.08893 secs using 397.9% CPU
Optimizing NNI: done in 1.34472 secs using 398% CPU
Optimizing NNI: done in 1.30721 secs using 396.2% CPU
Optimizing NNI: done in 1.04513 secs using 398.5% CPU
Optimizing NNI: done in 1.4647 secs using 398.2% CPU
Optimizing NNI: done in 1.18601 secs using 399.8% CPU
Optimizing NNI: done in 1.12168 secs using 398.4% CPU
Optimizing NNI: done in 1.08937 secs using 398.1% CPU
Iteration 190 / LogL: -24933.407 / Time: 0h:16m:18s (0h:1m:12s left)
Optimizing NNI: done in 1.12555 secs using 398.9% CPU
Optimizing NNI: done in 1.29025 secs using 398.5% CPU
Optimizing NNI: done in 1.17155 secs using 397.7% CPU
Optimizing NNI: done in 1.31755 secs using 397.5% CPU
Optimizing NNI: done in 1.27346 secs using 397.8% CPU
Optimizing NNI: done in 1.03713 secs using 398.1% CPU
Optimizing NNI: done in 1.17055 secs using 398.3% CPU
Optimizing NNI: done in 1.11588 secs using 398.6% CPU
Optimizing NNI: done in 1.05913 secs using 398.7% CPU
Optimizing NNI: done in 1.33623 secs using 398.1% CPU
Iteration 200 / LogL: -24914.363 / Time: 0h:16m:30s (0h:0m:59s left)
Log-likelihood cutoff on original alignment: -24958.755
NOTE: Bootstrap correlation coefficient of split occurrence frequencies: 0.985
NOTE: UFBoot does not converge, continue at least 100 more iterations
Optimizing NNI: done in 0.933865 secs using 399.4% CPU
Optimizing NNI: done in 1.20387 secs using 399% CPU
Optimizing NNI: done in 1.09434 secs using 399.7% CPU
Optimizing NNI: done in 1.28095 secs using 398.5% CPU
Optimizing NNI: done in 1.15431 secs using 398.7% CPU
Optimizing NNI: done in 1.18962 secs using 399.6% CPU
Optimizing NNI: done in 1.24249 secs using 398.1% CPU
Optimizing NNI: done in 1.22328 secs using 396.6% CPU
Optimizing NNI: done in 1.28579 secs using 398.3% CPU
Optimizing NNI: done in 1.06702 secs using 398.8% CPU
Iteration 210 / LogL: -24911.321 / Time: 0h:16m:42s (0h:1m:51s left)
Optimizing NNI: done in 1.15779 secs using 396.1% CPU
Optimizing NNI: done in 1.23353 secs using 397.3% CPU
Estimate model parameters (epsilon = 0.100)
BETTER TREE FOUND at iteration 212: -24910.580
Optimizing NNI: done in 1.13 secs using 397.7% CPU
Optimizing NNI: done in 1.17183 secs using 399% CPU
Optimizing NNI: done in 1.1691 secs using 397% CPU
Optimizing NNI: done in 1.0734 secs using 396.2% CPU
Optimizing NNI: done in 1.5199 secs using 398.9% CPU
Optimizing NNI: done in 1.04208 secs using 399% CPU
Optimizing NNI: done in 1.19937 secs using 398.1% CPU
Optimizing NNI: done in 1.08573 secs using 396.6% CPU
Iteration 220 / LogL: -24910.956 / Time: 0h:16m:55s (0h:1m:54s left)
Optimizing NNI: done in 1.07494 secs using 398% CPU
Optimizing NNI: done in 1.09495 secs using 398.1% CPU
Optimizing NNI: done in 1.25574 secs using 398.1% CPU
Optimizing NNI: done in 1.16261 secs using 398.6% CPU
Optimizing NNI: done in 0.956273 secs using 397.8% CPU
Optimizing NNI: done in 1.15498 secs using 396.4% CPU
Optimizing NNI: done in 1.11554 secs using 398% CPU
Optimizing NNI: done in 1.08762 secs using 398.3% CPU
Optimizing NNI: done in 1.14233 secs using 397.6% CPU
Optimizing NNI: done in 1.21943 secs using 398.2% CPU
Iteration 230 / LogL: -24923.525 / Time: 0h:17m:7s (0h:1m:41s left)
Optimizing NNI: done in 1.12083 secs using 398% CPU
Optimizing NNI: done in 1.06556 secs using 396.9% CPU
Optimizing NNI: done in 1.02186 secs using 398.3% CPU
Optimizing NNI: done in 1.08809 secs using 397% CPU
Optimizing NNI: done in 1.1802 secs using 398.2% CPU
Optimizing NNI: done in 1.13047 secs using 397.9% CPU
Optimizing NNI: done in 1.20639 secs using 397.4% CPU
Optimizing NNI: done in 1.15161 secs using 397.6% CPU
Optimizing NNI: done in 0.97888 secs using 399.9% CPU
Optimizing NNI: done in 1.02096 secs using 397% CPU
Iteration 240 / LogL: -24916.566 / Time: 0h:17m:18s (0h:1m:28s left)
Optimizing NNI: done in 1.16477 secs using 396.4% CPU
Optimizing NNI: done in 1.00231 secs using 397.7% CPU
Optimizing NNI: done in 1.16928 secs using 396.6% CPU
Optimizing NNI: done in 1.08342 secs using 397.2% CPU
Optimizing NNI: done in 1.13791 secs using 398.1% CPU
Optimizing NNI: done in 1.10596 secs using 396.2% CPU
Optimizing NNI: done in 1.07971 secs using 399.3% CPU
Optimizing NNI: done in 1.14394 secs using 398.6% CPU
Optimizing NNI: done in 1.12066 secs using 395.9% CPU
Optimizing NNI: done in 0.94111 secs using 399.5% CPU
Iteration 250 / LogL: -24910.964 / Time: 0h:17m:29s (0h:1m:16s left)
Log-likelihood cutoff on original alignment: -24958.755
Optimizing NNI: done in 1.03355 secs using 399.5% CPU
Optimizing NNI: done in 0.918029 secs using 398% CPU
Optimizing NNI: done in 1.04972 secs using 397.6% CPU
Optimizing NNI: done in 1.26814 secs using 398.4% CPU
Optimizing NNI: done in 1.00737 secs using 397.8% CPU
Optimizing NNI: done in 1.15437 secs using 398% CPU
Optimizing NNI: done in 1.15243 secs using 399.2% CPU
Optimizing NNI: done in 1.21246 secs using 398.2% CPU
Optimizing NNI: done in 1.14599 secs using 397.4% CPU
Optimizing NNI: done in 1.17719 secs using 396.3% CPU
Iteration 260 / LogL: -24924.752 / Time: 0h:17m:41s (0h:1m:3s left)
Optimizing NNI: done in 1.05957 secs using 398.2% CPU
Optimizing NNI: done in 1.26619 secs using 398.5% CPU
Optimizing NNI: done in 1.02293 secs using 396.8% CPU
Optimizing NNI: done in 1.14156 secs using 396.4% CPU
Optimizing NNI: done in 1.06899 secs using 398.2% CPU
Optimizing NNI: done in 1.12054 secs using 400.2% CPU
Optimizing NNI: done in 1.12621 secs using 397.3% CPU
Optimizing NNI: done in 1.14574 secs using 397.1% CPU
Optimizing NNI: done in 1.23401 secs using 397.6% CPU
Optimizing NNI: done in 1.0149 secs using 397.5% CPU
Iteration 270 / LogL: -24911.810 / Time: 0h:17m:52s (0h:0m:51s left)
Optimizing NNI: done in 1.29233 secs using 398.7% CPU
Optimizing NNI: done in 1.19074 secs using 399% CPU
Optimizing NNI: done in 1.30469 secs using 398.9% CPU
Optimizing NNI: done in 1.05561 secs using 398.6% CPU
Optimizing NNI: done in 1.08831 secs using 397.7% CPU
Optimizing NNI: done in 1.21072 secs using 398.9% CPU
Optimizing NNI: done in 1.23703 secs using 397.8% CPU
Optimizing NNI: done in 1.18669 secs using 398% CPU
Optimizing NNI: done in 1.05491 secs using 399.5% CPU
Optimizing NNI: done in 1.19068 secs using 398.6% CPU
Iteration 280 / LogL: -24911.799 / Time: 0h:18m:4s (0h:0m:39s left)
Optimizing NNI: done in 1.30732 secs using 398.3% CPU
Optimizing NNI: done in 1.07203 secs using 398.1% CPU
Optimizing NNI: done in 1.23639 secs using 398.3% CPU
Optimizing NNI: done in 1.15967 secs using 398% CPU
Optimizing NNI: done in 1.00127 secs using 397.2% CPU
Optimizing NNI: done in 0.957511 secs using 398.7% CPU
Optimizing NNI: done in 1.13894 secs using 399.5% CPU
Optimizing NNI: done in 1.10268 secs using 395.3% CPU
Optimizing NNI: done in 1.16436 secs using 397.8% CPU
Optimizing NNI: done in 1.18627 secs using 398.1% CPU
Iteration 290 / LogL: -24920.052 / Time: 0h:18m:16s (0h:0m:26s left)
Optimizing NNI: done in 1.2039 secs using 398% CPU
Optimizing NNI: done in 1.07684 secs using 397.9% CPU
Optimizing NNI: done in 1.331 secs using 397.5% CPU
Optimizing NNI: done in 1.0938 secs using 397.7% CPU
Optimizing NNI: done in 1.03079 secs using 399.2% CPU
Optimizing NNI: done in 0.895656 secs using 399.2% CPU
Optimizing NNI: done in 1.127 secs using 399.9% CPU
Optimizing NNI: done in 0.997909 secs using 399.8% CPU
Optimizing NNI: done in 1.005 secs using 397.7% CPU
Optimizing NNI: done in 1.23344 secs using 398.3% CPU
Iteration 300 / LogL: -24911.455 / Time: 0h:18m:27s (0h:0m:14s left)
Log-likelihood cutoff on original alignment: -24958.755
NOTE: Bootstrap correlation coefficient of split occurrence frequencies: 0.994
Optimizing NNI: done in 1.23916 secs using 397.9% CPU
Optimizing NNI: done in 1.22388 secs using 397.7% CPU
Optimizing NNI: done in 1.02012 secs using 398% CPU
Optimizing NNI: done in 1.0478 secs using 398.9% CPU
Optimizing NNI: done in 1.08159 secs using 398.4% CPU
Optimizing NNI: done in 1.26553 secs using 398.4% CPU
Optimizing NNI: done in 1.23818 secs using 398.2% CPU
Optimizing NNI: done in 1.16698 secs using 398.2% CPU
Optimizing NNI: done in 1.17347 secs using 398.2% CPU
Optimizing NNI: done in 1.20105 secs using 398.1% CPU
Iteration 310 / LogL: -24995.299 / Time: 0h:18m:39s (0h:1m:49s left)
Optimizing NNI: done in 0.903612 secs using 397.5% CPU
Optimizing NNI: done in 1.09355 secs using 399.6% CPU
Optimizing NNI: done in 1.0279 secs using 398.5% CPU
TREE SEARCH COMPLETED AFTER 313 ITERATIONS / Time: 0h:18m:42s

--------------------------------------------------------------------
|                    FINALIZING TREE SEARCH                        |
--------------------------------------------------------------------
Performs final model parameters optimization
Estimate model parameters (epsilon = 0.010)
1. Initial log-likelihood: -24910.580
Optimal log-likelihood: -24910.569
Proportion of invariable sites: 0.058
Site proportion and rates:  (0.177,0.070) (0.241,0.269) (0.199,0.742) (0.095,1.285) (0.157,2.154) (0.073,4.319)
Parameters optimization took 1 rounds (0.546 sec)
BEST SCORE FOUND : -24910.569

Testing tree branches by SH-like aLRT with 1000 replicates...
0.386 sec.
Creating bootstrap support values...
Split supports printed to NEXUS file HISGSAT1_ClustalW.splits.nex
Total tree length: 49.463

Total number of iterations: 313
CPU time used for tree search: 1479.427 sec (0h:24m:39s)
Wall-clock time used for tree search: 374.322 sec (0h:6m:14s)
Total CPU time used: 4471.645 sec (1h:14m:31s)
Total wall-clock time used: 1123.563 sec (0h:18m:43s)

Computing bootstrap consensus tree...
Reading input file HISGSAT1_ClustalW.splits.nex...
129 taxa and 569 splits.
Consensus tree written to HISGSAT1_ClustalW.contree
Reading input trees file HISGSAT1_ClustalW.contree
Log-likelihood of consensus tree: -24910.928

Analysis results written to: 
  IQ-TREE report:                HISGSAT1_ClustalW.iqtree
  Maximum-likelihood tree:       HISGSAT1_ClustalW.treefile
  Likelihood distances:          HISGSAT1_ClustalW.mldist

Ultrafast bootstrap approximation results written to:
  Split support values:          HISGSAT1_ClustalW.splits.nex
  Consensus tree:                HISGSAT1_ClustalW.contree
  Screen log file:               HISGSAT1_ClustalW.log

Date and Time: Fri May 22 15:23:31 2026
